******************************************************************************
                  TI ARM Linker PC v16.9.1                     
******************************************************************************
>> Linked Sun Jun 18 00:43:36 2017

OUTPUT FILE NAME:   <glcdtimerigits.out>
ENTRY POINT SYMBOL: "_c_int00"  address: 00001975


MEMORY CONFIGURATION

         name            origin    length      used     unused   attr    fill
----------------------  --------  ---------  --------  --------  ----  --------
  FLASH                 00000000   00040000  0000308a  0003cf76  R  X
  SRAM                  20000000   00008000  00000a45  000075bb  RW X


SEGMENT ALLOCATION MAP

run origin  load origin   length   init length attrs members
----------  ----------- ---------- ----------- ----- -------
00000000    00000000    00003090   00003090    r-x
  00000000    00000000    0000026c   0000026c    r-- .intvecs
  0000026c    0000026c    0000196a   0000196a    r-x .text
  00001bd8    00001bd8    0000121c   0000121c    r-- .const
  00002df8    00002df8    00000298   00000298    r-- .cinit
20000000    20000000    00000a45   00000000    rw-
  20000000    20000000    0000082c   00000000    rw- .data
  2000082c    2000082c    00000200   00000000    rw- .stack
  20000a2c    20000a2c    00000019   00000000    rw- .bss


SECTION ALLOCATION MAP

 output                                  attributes/
section   page    origin      length       input sections
--------  ----  ----------  ----------   ----------------
.intvecs   0    00000000    0000026c     
                  00000000    0000026c     tm4c123gh6pm_startup_ccs.obj (.intvecs)

.text      0    0000026c    0000196a     
                  0000026c    00000d2c     LAB5.obj (.text)
                  00000f98    00000210     glcd_functions.obj (.text)
                  000011a8    000001dc     setup.obj (.text)
                  00001384    00000132     driverlib.lib : gpio.obj (.text:GPIOPadConfigSet)
                  000014b6    00000002     rtsv7M4_T_le_v4SPD16_eabi.lib : mpu_init.obj (.text)
                  000014b8    00000110     driverlib.lib : sysctl.obj (.text:SysCtlClockGet)
                  000015c8    000000f4                   : sysctl.obj (.text:SysCtlClockSet)
                  000016bc    0000009c     rtsv7M4_T_le_v4SPD16_eabi.lib : memcpy_t2.obj (.text)
                  00001758    0000007a                                   : memset_t2.obj (.text)
                  000017d2    00000002                                   : startup.obj (.text)
                  000017d4    00000070                                   : autoinit.obj (.text)
                  00001844    00000068     driverlib.lib : interrupt.obj (.text:IntEnable)
                  000018ac    00000068     rtsv7M4_T_le_v4SPD16_eabi.lib : copy_decompress_lzss.obj (.text:decompress:lzss)
                  00001914    00000060     driverlib.lib : timer.obj (.text:TimerConfigure)
                  00001974    00000054     rtsv7M4_T_le_v4SPD16_eabi.lib : boot.obj (.text)
                  000019c8    00000054                                   : exit.obj (.text)
                  00001a1c    0000004c                                   : cpy_tbl.obj (.text)
                  00001a68    00000034     driverlib.lib : sysctl.obj (.text:SysCtlPeripheralEnable)
                  00001a9c    0000002a                   : gpio.obj (.text:GPIODirModeSet)
                  00001ac6    00000018                   : gpio.obj (.text:GPIOPinTypeGPIOOutput)
                  00001ade    00000002     --HOLE-- [fill = 0]
                  00001ae0    00000018                   : timer.obj (.text:TimerDisable)
                  00001af8    00000018     rtsv7M4_T_le_v4SPD16_eabi.lib : args_main.obj (.text)
                  00001b10    00000014                                   : _lock.obj (.text)
                  00001b24    00000012     driverlib.lib : gpio.obj (.text:GPIOPinTypeGPIOInput)
                  00001b36    00000012                   : timer.obj (.text:TimerLoadSet)
                  00001b48    00000010                   : interrupt.obj (.text:IntMasterDisable)
                  00001b58    00000010                   : interrupt.obj (.text:IntMasterEnable)
                  00001b68    0000000e                   : timer.obj (.text:TimerEnable)
                  00001b76    0000000e     rtsv7M4_T_le_v4SPD16_eabi.lib : copy_decompress_none.obj (.text:decompress:none)
                  00001b84    0000000c     driverlib.lib : cpu.obj (.text:CPUcpsid)
                  00001b90    0000000c                   : cpu.obj (.text:CPUcpsie)
                  00001b9c    0000000c     rtsv7M4_T_le_v4SPD16_eabi.lib : copy_zero_init.obj (.text:decompress:ZI)
                  00001ba8    0000000c     tm4c123gh6pm_startup_ccs.obj (.text)
                  00001bb4    00000008     driverlib.lib : timer.obj (.text:TimerIntEnable)
                  00001bbc    00000006                   : gpio.obj (.text:GPIOPinRead)
                  00001bc2    00000006                   : gpio.obj (.text:GPIOPinWrite)
                  00001bc8    00000006                   : sysctl.obj (.text:SysCtlDelay)
                  00001bce    00000004                   : timer.obj (.text:TimerIntClear)
                  00001bd2    00000004     rtsv7M4_T_le_v4SPD16_eabi.lib : pre_init.obj (.text)

.const     0    00001bd8    0000121c     
                  00001bd8    00001000     LAB5.obj (.const:explosion)
                  00002bd8    000000a0     LAB5.obj (.const:.string:skull)
                  00002c78    000000a0     LAB5.obj (.const:.string:smiley)
                  00002d18    00000070     driverlib.lib : interrupt.obj (.const)
                  00002d88    0000006c                   : sysctl.obj (.const:g_pui32Xtals)

.cinit     0    00002df8    00000298     
                  00002df8    00000274     (.cinit..data.load) [load image, compression = lzss]
                  0000306c    0000000c     (__TI_handler_table)
                  00003078    00000008     (.cinit..bss.load) [load image, compression = zero_init]
                  00003080    00000010     (__TI_cinit_table)

.init_array 
*          0    00000000    00000000     UNINITIALIZED

.data      0    20000000    0000082c     UNINITIALIZED
                  20000000    00000400     LAB5.obj (.data:bomb)
                  20000400    00000140     LAB5.obj (.data:digit)
                  20000540    000000e0     LAB5.obj (.data:frame2)
                  20000620    000000a0     LAB5.obj (.data:enter_string)
                  200006c0    000000a0     LAB5.obj (.data:rocket)
                  20000760    00000090     LAB5.obj (.data:frame3)
                  200007f0    00000024     LAB5.obj (.data)
                  20000814    0000000c     rtsv7M4_T_le_v4SPD16_eabi.lib : exit.obj (.data:$O1$$)
                  20000820    00000008                                   : _lock.obj (.data:$O1$$)
                  20000828    00000004                                   : stkdepth_vars.obj (.data)

.stack     0    2000082c    00000200     UNINITIALIZED
                  2000082c    00000200     --HOLE--

.bss       0    20000a2c    00000019     UNINITIALIZED
                  20000a2c    00000004     (.common:sw1_status)
                  20000a30    00000004     (.common:sw2_status)
                  20000a34    00000004     (.common:sw3_status)
                  20000a38    00000004     (.common:sw4_status)
                  20000a3c    00000004     (.common:ui32Period)
                  20000a40    00000004     (.common:ui32Period1)
                  20000a44    00000001     (.common:mode)

MODULE SUMMARY

       Module                         code   ro data   rw data
       ------                         ----   -------   -------
    .\
       LAB5.obj                       3372   4416      2085   
       tm4c123gh6pm_startup_ccs.obj   12     620       0      
       glcd_functions.obj             528    0         0      
       setup.obj                      476    0         8      
    +--+------------------------------+------+---------+---------+
       Total:                         4388   5036      2093   
                                                              
    C:/ti/TivaWare_C_Series-2.1.2.111/driverlib/ccs/Debug/driverlib.lib
       sysctl.obj                     574    108       0      
       gpio.obj                       402    0         0      
       interrupt.obj                  136    112       0      
       timer.obj                      164    0         0      
       cpu.obj                        24     0         0      
    +--+------------------------------+------+---------+---------+
       Total:                         1300   220       0      
                                                              
    C:\ti\ccsv7\tools\compiler\ti-cgt-arm_16.9.1.LTS\lib\rtsv7M4_T_le_v4SPD16_eabi.lib
       memcpy_t2.obj                  156    0         0      
       memset_t2.obj                  122    0         0      
       autoinit.obj                   112    0         0      
       copy_decompress_lzss.obj       104    0         0      
       exit.obj                       84     0         12     
       boot.obj                       84     0         0      
       cpy_tbl.obj                    76     0         0      
       _lock.obj                      20     0         8      
       args_main.obj                  24     0         0      
       copy_decompress_none.obj       14     0         0      
       copy_zero_init.obj             12     0         0      
       pre_init.obj                   4      0         0      
       stkdepth_vars.obj              0      0         4      
       mpu_init.obj                   2      0         0      
       startup.obj                    2      0         0      
    +--+------------------------------+------+---------+---------+
       Total:                         816    0         24     
                                                              
       Stack:                         0      0         512    
       Linker Generated:              0      664       0      
    +--+------------------------------+------+---------+---------+
       Grand Total:                   6504   5920      2629   


LINKER GENERATED COPY TABLES

__TI_cinit_table @ 00003080 records: 2, size/record: 8, table size: 16
	.data: load addr=00002df8, load size=00000274 bytes, run addr=20000000, run size=0000082c bytes, compression=lzss
	.bss: load addr=00003078, load size=00000008 bytes, run addr=20000a2c, run size=00000019 bytes, compression=zero_init


LINKER GENERATED HANDLER TABLE

__TI_handler_table @ 0000306c records: 3, size/record: 4, table size: 12
	index: 0, handler: __TI_decompress_lzss
	index: 1, handler: __TI_decompress_none
	index: 2, handler: __TI_zero_init


GLOBAL SYMBOLS: SORTED ALPHABETICALLY BY Name 

address   name                           
-------   ----                           
000019c9  C$$EXIT                        
00001b85  CPUcpsid                       
00001b91  CPUcpsie                       
00001a9d  GPIODirModeSet                 
00001385  GPIOPadConfigSet               
00001bbd  GPIOPinRead                    
00001b25  GPIOPinTypeGPIOInput           
00001ac7  GPIOPinTypeGPIOOutput          
00001bc3  GPIOPinWrite                   
00001845  IntEnable                      
00001b49  IntMasterDisable               
00001b59  IntMasterEnable                
00000929  KeyPress0                      
00000aad  KeyPress1                      
00000c23  KeyPress2                      
00000d89  KeyPress3                      
00001ba9  ResetISR                       
UNDEFED   SHT$$INIT_ARRAY$$Base          
UNDEFED   SHT$$INIT_ARRAY$$Limit         
000014b9  SysCtlClockGet                 
000015c9  SysCtlClockSet                 
00001bc9  SysCtlDelay                    
00001a69  SysCtlPeripheralEnable         
000007c1  Timer0IntHandler               
00000851  Timer1IntHandler               
00001915  TimerConfigure                 
00001ae1  TimerDisable                   
00001b69  TimerEnable                    
00001bcf  TimerIntClear                  
00001bb5  TimerIntEnable                 
00001b37  TimerLoadSet                   
20000a2c  __STACK_END                    
00000200  __STACK_SIZE                   
20000a2c  __STACK_TOP                    
00003080  __TI_CINIT_Base                
00003090  __TI_CINIT_Limit               
0000306c  __TI_Handler_Table_Base        
00003078  __TI_Handler_Table_Limit       
000017d5  __TI_auto_init                 
20000814  __TI_cleanup_ptr               
000018ad  __TI_decompress_lzss           
00001b77  __TI_decompress_none           
20000818  __TI_dtors_ptr                 
2000081c  __TI_enable_exit_profile_output
ffffffff  __TI_pprof_out_hndl            
ffffffff  __TI_prof_data_size            
ffffffff  __TI_prof_data_start           
00000000  __TI_static_base__             
00001b9d  __TI_zero_init                 
00001759  __aeabi_memclr                 
00001759  __aeabi_memclr4                
00001759  __aeabi_memclr8                
000016bd  __aeabi_memcpy                 
000016bd  __aeabi_memcpy4                
000016bd  __aeabi_memcpy8                
0000175b  __aeabi_memset                 
0000175b  __aeabi_memset4                
0000175b  __aeabi_memset8                
ffffffff  __binit__                      
ffffffff  __c_args__                     
000014b7  __mpu_init                     
2000082c  __stack                        
00001af9  _args_main                     
00001975  _c_int00                       
20000820  _lock                          
00001b1f  _nop                           
00001b17  _register_lock                 
00001b11  _register_unlock               
000017d3  _system_post_cinit             
00001bd3  _system_pre_init               
20000824  _unlock                        
000019cd  abort                          
00000aa3  actioninstate0                 
00000c19  actioninstate1                 
00000d7f  actioninstate2                 
00000ead  actioninstate3                 
ffffffff  binit                          
20000800  bit_pos0                       
20000804  bit_pos1                       
20000808  bit_pos2                       
2000080c  bit_pos3                       
20000000  bomb                           
20000810  cal_time                       
00000585  clear_section_glcd             
00001a1d  copy_in                        
200007fa  currentstate0                  
200007fb  currentstate1                  
200007fc  currentstate2                  
200007fd  currentstate3                  
20000400  digit                          
20000620  enter_string                   
00000a91  enteraction0                   
00000c07  enteraction1                   
00000d6d  enteraction2                   
00000e95  enteraction3                   
0000077d  eval_time                      
000019d5  exit                           
000009f5  exitaction0                    
00000b85  exitaction1                    
00000cfd  exitaction2                    
00000e65  exitaction3                    
00001bd8  explosion                      
200007f0  flag1                          
200007f1  flag2                          
200007f2  flag3                          
200007f3  flag4                          
200007f4  flag5                          
200007f5  flag6                          
200007f6  flag7                          
20000540  frame2                         
20000760  frame3                         
00000000  g_pfnVectors                   
0000026d  glcd_bomb_write                
000010ff  glcd_cleardisplay              
00000f99  glcd_cmd                       
0000105b  glcd_data                      
000002bf  glcd_digit_write               
0000067d  glcd_explosion                 
00000479  glcd_frame1_write              
00000427  glcd_frame2_write              
00000539  glcd_frame3_write              
0000113d  glcd_img_write                 
00000ff3  glcd_init                      
000010b5  glcd_set_page_col              
000005d3  glcd_smiley                    
00000f1d  main                           
20000828  main_func_sp                   
000016bd  memcpy                         
00001761  memset                         
20000a44  mode                           
200007f7  passbit1                       
200007f8  passbit2                       
200007f9  passbit3                       
200006c0  rocket                         
00000ec1  selectmode                     
000011a9  setup                          
00002bd8  skull                          
00002c78  smiley                         
00000955  statemachine0                  
00000add  statemachine1                  
00000c55  statemachine2                  
00000dc5  statemachine3                  
20000a2c  sw1_status                     
20000a30  sw2_status                     
20000a34  sw3_status                     
20000a38  sw4_status                     
20000a3c  ui32Period                     
20000a40  ui32Period1                    


GLOBAL SYMBOLS: SORTED BY Symbol Address 

address   name                           
-------   ----                           
00000000  __TI_static_base__             
00000000  g_pfnVectors                   
00000200  __STACK_SIZE                   
0000026d  glcd_bomb_write                
000002bf  glcd_digit_write               
00000427  glcd_frame2_write              
00000479  glcd_frame1_write              
00000539  glcd_frame3_write              
00000585  clear_section_glcd             
000005d3  glcd_smiley                    
0000067d  glcd_explosion                 
0000077d  eval_time                      
000007c1  Timer0IntHandler               
00000851  Timer1IntHandler               
00000929  KeyPress0                      
00000955  statemachine0                  
000009f5  exitaction0                    
00000a91  enteraction0                   
00000aa3  actioninstate0                 
00000aad  KeyPress1                      
00000add  statemachine1                  
00000b85  exitaction1                    
00000c07  enteraction1                   
00000c19  actioninstate1                 
00000c23  KeyPress2                      
00000c55  statemachine2                  
00000cfd  exitaction2                    
00000d6d  enteraction2                   
00000d7f  actioninstate2                 
00000d89  KeyPress3                      
00000dc5  statemachine3                  
00000e65  exitaction3                    
00000e95  enteraction3                   
00000ead  actioninstate3                 
00000ec1  selectmode                     
00000f1d  main                           
00000f99  glcd_cmd                       
00000ff3  glcd_init                      
0000105b  glcd_data                      
000010b5  glcd_set_page_col              
000010ff  glcd_cleardisplay              
0000113d  glcd_img_write                 
000011a9  setup                          
00001385  GPIOPadConfigSet               
000014b7  __mpu_init                     
000014b9  SysCtlClockGet                 
000015c9  SysCtlClockSet                 
000016bd  __aeabi_memcpy                 
000016bd  __aeabi_memcpy4                
000016bd  __aeabi_memcpy8                
000016bd  memcpy                         
00001759  __aeabi_memclr                 
00001759  __aeabi_memclr4                
00001759  __aeabi_memclr8                
0000175b  __aeabi_memset                 
0000175b  __aeabi_memset4                
0000175b  __aeabi_memset8                
00001761  memset                         
000017d3  _system_post_cinit             
000017d5  __TI_auto_init                 
00001845  IntEnable                      
000018ad  __TI_decompress_lzss           
00001915  TimerConfigure                 
00001975  _c_int00                       
000019c9  C$$EXIT                        
000019cd  abort                          
000019d5  exit                           
00001a1d  copy_in                        
00001a69  SysCtlPeripheralEnable         
00001a9d  GPIODirModeSet                 
00001ac7  GPIOPinTypeGPIOOutput          
00001ae1  TimerDisable                   
00001af9  _args_main                     
00001b11  _register_unlock               
00001b17  _register_lock                 
00001b1f  _nop                           
00001b25  GPIOPinTypeGPIOInput           
00001b37  TimerLoadSet                   
00001b49  IntMasterDisable               
00001b59  IntMasterEnable                
00001b69  TimerEnable                    
00001b77  __TI_decompress_none           
00001b85  CPUcpsid                       
00001b91  CPUcpsie                       
00001b9d  __TI_zero_init                 
00001ba9  ResetISR                       
00001bb5  TimerIntEnable                 
00001bbd  GPIOPinRead                    
00001bc3  GPIOPinWrite                   
00001bc9  SysCtlDelay                    
00001bcf  TimerIntClear                  
00001bd3  _system_pre_init               
00001bd8  explosion                      
00002bd8  skull                          
00002c78  smiley                         
0000306c  __TI_Handler_Table_Base        
00003078  __TI_Handler_Table_Limit       
00003080  __TI_CINIT_Base                
00003090  __TI_CINIT_Limit               
20000000  bomb                           
20000400  digit                          
20000540  frame2                         
20000620  enter_string                   
200006c0  rocket                         
20000760  frame3                         
200007f0  flag1                          
200007f1  flag2                          
200007f2  flag3                          
200007f3  flag4                          
200007f4  flag5                          
200007f5  flag6                          
200007f6  flag7                          
200007f7  passbit1                       
200007f8  passbit2                       
200007f9  passbit3                       
200007fa  currentstate0                  
200007fb  currentstate1                  
200007fc  currentstate2                  
200007fd  currentstate3                  
20000800  bit_pos0                       
20000804  bit_pos1                       
20000808  bit_pos2                       
2000080c  bit_pos3                       
20000810  cal_time                       
20000814  __TI_cleanup_ptr               
20000818  __TI_dtors_ptr                 
2000081c  __TI_enable_exit_profile_output
20000820  _lock                          
20000824  _unlock                        
20000828  main_func_sp                   
2000082c  __stack                        
20000a2c  __STACK_END                    
20000a2c  __STACK_TOP                    
20000a2c  sw1_status                     
20000a30  sw2_status                     
20000a34  sw3_status                     
20000a38  sw4_status                     
20000a3c  ui32Period                     
20000a40  ui32Period1                    
20000a44  mode                           
ffffffff  __TI_pprof_out_hndl            
ffffffff  __TI_prof_data_size            
ffffffff  __TI_prof_data_start           
ffffffff  __binit__                      
ffffffff  __c_args__                     
ffffffff  binit                          
UNDEFED   SHT$$INIT_ARRAY$$Base          
UNDEFED   SHT$$INIT_ARRAY$$Limit         

[148 symbols]
