******************************************************************************
                  TI ARM Linker Unix v16.9.1                   
******************************************************************************
>> Linked Wed Jun 28 17:46:34 2017

OUTPUT FILE NAME:   <BREAKOUT_BETA.out>
ENTRY POINT SYMBOL: "_c_int00"  address: 00005ff5


MEMORY CONFIGURATION

         name            origin    length      used     unused   attr    fill
----------------------  --------  ---------  --------  --------  ----  --------
  FLASH                 00000000   00040000  0000a416  00035bea  R  X
  SRAM                  20000000   00008000  00004bfa  00003406  RW X


SEGMENT ALLOCATION MAP

run origin  load origin   length   init length attrs members
----------  ----------- ---------- ----------- ----- -------
00000000    00000000    0000a420   0000a420    r-x
  00000000    00000000    0000003c   0000003c    r-- .resetVecs
  00000040    00000040    000078fa   000078fa    r-x .text
  0000793c    0000793c    00002168   00002168    r-- .const
  00009aa8    00009aa8    00000978   00000978    r-- .cinit
20000000    20000000    00004bfc   00000000    rw-
  20000000    20000000    00000360   00000000    rw- .vecs
  20000360    20000360    000035a8   00000000    rw- .data
  20003908    20003908    00000ff2   00000000    rw- .bss
  200048fc    200048fc    00000300   00000000    rw- .stack


SECTION ALLOCATION MAP

 output                                  attributes/
section   page    origin      length       input sections
--------  ----  ----------  ----------   ----------------
.text      0    00000040    000078fa     
                  00000040    00000580     game.obj (.text:ballMovement)
                  000005c0    000004f0     gameScreens.obj (.text:gameScreen)
                  00000ab0    00000430     sysbios.aem4f : BIOS.obj (.text:ti_sysbios_family_arm_m3_Hwi_excDumpRegs__I)
                  00000ee0    00000414     game.obj (.text:displayOutput)
                  000012f4    00000364     game.obj (.text:readInput)
                  00001658    0000034c     ti.targets.arm.rtsarm.aem4f : System.oem4f (.text:xdc_runtime_System_doPrint__I)
                  000019a4    00000324     rtsv7M4_T_le_v4SPD16_eabi.lib : trgdrv.obj (.text)
                  00001cc8    000002c8     tones.obj (.text:play_GOT)
                  00001f90    000002c8     sysbios.aem4f : BIOS.obj (.text:ti_sysbios_knl_Semaphore_pend__E)
                  00002258    00000258                   : BIOS.obj (.text:ti_sysbios_heaps_HeapMem_free__E)
                  000024b0    00000248                   : BIOS.obj (.text:ti_sysbios_heaps_HeapMem_alloc__E)
                  000026f8    00000238     gameDisplay.obj (.text:blockClear)
                  00002930    00000230     consoleInit.obj (.text:_init_GPIO)
                  00002b60    00000224     tones.obj (.text:play_MarioBros)
                  00002d84    00000004     game_pem4f.oem4f (.text:ti_sysbios_BIOS_RtsGateProxy_enter__E)
                  00002d88    000001fc     sysbios.aem4f : BIOS.obj (.text:ti_sysbios_family_arm_m3_Hwi_excHandlerMax__I)
                  00002f84    00000004     game_pem4f.oem4f (.text:ti_sysbios_BIOS_RtsGateProxy_leave__E)
                  00002f88    00000174     sysbios.aem4f : BIOS.obj (.text:ti_sysbios_family_arm_m3_Hwi_excBusFault__I)
                  000030fc    00000004                   : BIOS.obj (.text:ti_sysbios_family_arm_lm4_Timer_masterEnable__I)
                  00003100    00000164                   : BIOS.obj (.text:ti_sysbios_family_arm_m3_Hwi_excUsageFault__I)
                  00003264    00000004     game_pem4f.oem4f (.text:ti_sysbios_family_arm_m3_TaskSupport_Module__startupDone__S)
                  00003268    00000148     sysbios.aem4f : BIOS.obj (.text:ti_sysbios_family_arm_m3_Hwi_excMemFault__I)
                  000033b0    0000013c                   : BIOS.obj (.text:ti_sysbios_heaps_HeapMem_Instance_init__E)
                  000034ec    00000004     game_pem4f.oem4f (.text:ti_sysbios_heaps_HeapMem_Module_GateProxy_enter__E)
                  000034f0    00000134     sysbios.aem4f : BIOS.obj (.text:ti_sysbios_family_arm_lm4_Timer_start__E)
                  00003624    00000130     driverlib.lib : gpio.obj (.text:GPIOPadConfigSet)
                  00003754    00000118     ti.targets.arm.rtsarm.aem4f : Error.oem4f (.text:xdc_runtime_Error_policyDefault__E)
                  0000386c    00000108     gameScreens.obj (.text:gameScreenRefresh)
                  00003974    00000100     Boot.aem4f : Boot_sysctl.oem4f (.text:ti_catalog_arm_cortexm4_tiva_ce_Boot_sysCtlClockSetI__I)
                  00003a74    00000100     ti.targets.arm.rtsarm.aem4f : Core-mem.oem4f (.text:xdc_runtime_Core_createObject__I)
                  00003b74    000000f8                                 : Startup.oem4f (.text:xdc_runtime_Startup_startMods__I)
                  00003c6c    000000f8     game_pem4f.oem4f (.text:xdc_runtime_System_printfExtend__I)
                  00003d64    000000f4     sysbios.aem4f : m3_Hwi_asm.obj (.text:ti_sysbios_family_arm_m3_Hwi_dispatch__I)
                  00003e58    000000f0     gameDisplay.obj (.text:ballDisplay)
                  00003f48    000000ec     sysbios.aem4f : BIOS.obj (.text:ti_sysbios_knl_Semaphore_post__E)
                  00004034    000000ea     gameDisplay.obj (.text:blockClearSurround)
                  0000411e    00000002     rtsv7M4_T_le_v4SPD16_eabi.lib : i_div0.obj (.text)
                  00004120    000000e4     glcd.obj (.text:displaySmallText)
                  00004204    000000cc     consoleInit.obj (.text:_init_Timer)
                  000042d0    000000cc     ti.targets.arm.rtsarm.aem4f : Core-smem.oem4f (.text:xdc_runtime_Core_constructObject__I)
                  0000439c    000000c8     consoleInit.obj (.text:setup)
                  00004464    00000004     game_pem4f.oem4f (.text:ti_sysbios_heaps_HeapMem_Module_GateProxy_leave__E)
                  00004468    000000bc     sysbios.aem4f : BIOS.obj (.text:ti_sysbios_family_arm_m3_Hwi_excDebugMon__I)
                  00004524    00000004     game_pem4f.oem4f (.text:ti_sysbios_knl_Clock_TimerProxy_getMaxTicks__E)
                  00004528    000000bc     sysbios.aem4f : BIOS.obj (.text:ti_sysbios_family_arm_m3_Hwi_excHardFault__I)
                  000045e4    000000b4     consoleInit.obj (.text:detectKeyPress)
                  00004698    000000b4     sysbios.aem4f : BIOS.obj (.text:ti_sysbios_gates_GateMutex_enter__E)
                  0000474c    00000004     game_pem4f.oem4f (.text:ti_sysbios_knl_Queue_destruct)
                  00004750    000000b4     sysbios.aem4f : BIOS.obj (.text:ti_sysbios_knl_Task_checkStacks__E)
                  00004804    000000b0     gameDisplay.obj (.text:paddleDisplay)
                  000048b4    000000b0     gameDisplay.obj (.text:paddleSpecialDisplay)
                  00004964    00000004     game_pem4f.oem4f (.text:ti_sysbios_knl_Semaphore_destruct)
                  00004968    000000ac     sysbios.aem4f : BIOS.obj (.text:ti_sysbios_family_arm_lm4_Timer_enableTiva__I)
                  00004a14    00000004     ti.targets.arm.rtsarm.aem4f : Error.oem4f (.text:xdc_runtime_Error_getSite__E)
                  00004a18    000000a8     sysbios.aem4f : BIOS.obj (.text:ti_sysbios_family_arm_lm4_Timer_enableTimers__I)
                  00004ac0    000000a8                   : BIOS.obj (.text:ti_sysbios_knl_Task_postInit__I)
                  00004b68    000000a0     auto_init.aem4f : auto_init.oem4f (.text)
                  00004c08    000000a0     ti.targets.arm.rtsarm.aem4f : Text.oem4f (.text:xdc_runtime_Text_putMod__E)
                  00004ca8    0000009c     rtsv7M4_T_le_v4SPD16_eabi.lib : memcpy_t2.obj (.text)
                  00004d44    00000004     game_pem4f.oem4f (.text:xdc_runtime_System_Module_GateProxy_enter__E)
                  00004d48    0000009c     sysbios.aem4f : BIOS.obj (.text:ti_sysbios_knl_Semaphore_Instance_init__E)
                  00004de4    0000009a     ti.targets.arm.rtsarm.aem4f : Text.oem4f (.text:xdc_runtime_Text_putSite__E)
                  00004e7e    00000002     game_pem4f.oem4f (.text:ti_sysbios_BIOS_nullFunc__I)
                  00004e80    00000098     Boot.aem4f : Boot.oem4f (.text:ti_catalog_arm_cortexm4_tiva_ce_Boot_sysCtlClockSet__E)
                  00004f18    00000094     sysbios.aem4f : BIOS.obj (.text:ti_sysbios_family_arm_m3_Hwi_initNVIC__E)
                  00004fac    0000008c                   : m3_TaskSupport_asm.obj (.text:ti_sysbios_family_arm_m3_TaskSupport_buildTaskStack)
                  00005038    00000088     consoleInit.obj (.text:switchSelect)
                  000050c0    00000084     tones.obj (.text:beep)
                  00005144    00000084     gameDisplay.obj (.text:cursorDisplay)
                  000051c8    00000084     sysbios.aem4f : BIOS.obj (.text:ti_sysbios_family_arm_m3_Hwi_postInit__I)
                  0000524c    00000080     glcd.obj (.text:glcd_init)
                  000052cc    0000007a     driverlib.lib : adc.obj (.text:ADCSequenceStepConfigure)
                  00005346    0000007a     rtsv7M4_T_le_v4SPD16_eabi.lib : memset_t2.obj (.text)
                  000053c0    00000078     game.obj (.text:Timer1_ISR)
                  00005438    00000078     consoleInit.obj (.text:ledOFF)
                  000054b0    00000074     consoleInit.obj (.text:_init_ADC)
                  00005524    00000074     glcd.obj (.text:smallTextToGLCD)
                  00005598    00000070     glcd.obj (.text:glcd_write)
                  00005608    00000070     sysbios.aem4f : BIOS.obj (.text:ti_sysbios_knl_Task_exit__E)
                  00005678    0000006d     ti.targets.arm.rtsarm.aem4f : System.oem4f (.text:xdc_runtime_System_formatNum__I)
                  000056e5    00000001     --HOLE-- [fill = 0]
                  000056e6    00000002     game_pem4f.oem4f (.text:xdc_runtime_Startup_reset__I)
                  000056e8    0000006c     consoleInit.obj (.text:_init_Interrupt)
                  00005754    00000004     game_pem4f.oem4f (.text:xdc_runtime_System_Module_GateProxy_leave__E)
                  00005758    0000006c     sysbios.aem4f : BIOS.obj (.text:ti_sysbios_knl_Clock_workFunc__E)
                  000057c4    00000004     ti.targets.arm.rtsarm.aem4f : System.oem4f (.text:xdc_runtime_System_aprintf_va__F)
                  000057c8    0000006c     sysbios.aem4f : BIOS.obj (.text:ti_sysbios_knl_Swi_restoreHwi__E)
                  00005834    0000006c     ti.targets.arm.rtsarm.aem4f : Error.oem4f (.text:xdc_runtime_Error_print__E)
                  000058a0    0000006c                                 : Memory.oem4f (.text:xdc_runtime_Memory_alloc__E)
                  0000590c    00000068     rtsv7M4_T_le_v4SPD16_eabi.lib : copy_decompress_lzss.obj (.text:decompress:lzss)
                  00005974    00000068     glcd.obj (.text:glcd_cmd)
                  000059dc    00000068     glcd.obj (.text:glcd_data)
                  00005a44    00000068     rtsv7M4_T_le_v4SPD16_eabi.lib : trgmsg.obj (.text)
                  00005aac    00000066     gameDisplay.obj (.text:blockDisplay)
                  00005b12    00000066     ti.targets.arm.rtsarm.aem4f : Core-mem.oem4f (.text:xdc_runtime_Core_deleteObject__I)
                  00005b78    00000064     sysbios.aem4f : BIOS.obj (.text:ti_sysbios_family_arm_lm4_Timer_Module_startup__E)
                  00005bdc    00000004     ti.targets.arm.rtsarm.aem4f : System.oem4f (.text:xdc_runtime_System_printf_va__F)
                  00005be0    00000064     sysbios.aem4f : BIOS.obj (.text:ti_sysbios_family_arm_m3_Hwi_dispatchC__I)
                  00005c44    00000004     --HOLE-- [fill = 0]
                  00005c48    00000060                   : BIOS.obj (.text:ti_sysbios_family_arm_lm4_Timer_isrStub__E)
                  00005ca8    00000060                   : BIOS.obj (.text:ti_sysbios_knl_Task_schedule__I)
                  00005d08    0000005c     glcd.obj (.text:glcd_setColumn)
                  00005d64    00000004     --HOLE-- [fill = 0]
                  00005d68    0000005c     sysbios.aem4f : BIOS.obj (.text:ti_sysbios_knl_Swi_run__I)
                  00005dc4    00000004     --HOLE-- [fill = 0]
                  00005dc8    0000005c                   : BIOS.obj (.text:ti_sysbios_knl_Swi_schedule__I)
                  00005e24    00000004     --HOLE-- [fill = 0]
                  00005e28    0000005c                   : BIOS.obj (.text:ti_sysbios_knl_Task_Module_startup__E)
                  00005e84    00000004     --HOLE-- [fill = 0]
                  00005e88    0000005c                   : BIOS.obj (.text:ti_sysbios_knl_Task_startCore__E)
                  00005ee4    0000005b     ti.targets.arm.rtsarm.aem4f : Text.oem4f (.text:xdc_runtime_Text_putLab__E)
                  00005f3f    00000001     --HOLE-- [fill = 0]
                  00005f40    0000005a     glcd.obj (.text:glcd_clearDisplay)
                  00005f9a    00000002     --HOLE-- [fill = 0]
                  00005f9c    00000058     game.obj (.text:Timer2_ISR)
                  00005ff4    00000058     boot.aem4f : boot.oem4f (.text)
                  0000604c    00000058     sysbios.aem4f : m3_Hwi_asm_switch.obj (.text:ti_sysbios_family_arm_m3_Hwi_initStacks__E)
                  000060a4    00000058     gameScreens.obj (.text:victoryAnimationDisplay)
                  000060fc    00000054     tones.obj (.text:gameOverMusic)
                  00006150    00000054     rtsv7M4_T_le_v4SPD16_eabi.lib : exit.obj (.text)
                  000061a4    00000054     ti.targets.arm.rtsarm.aem4f : Assert.oem4f (.text:xdc_runtime_Assert_raise__I)
                  000061f8    00000050     sysbios.aem4f : BIOS.obj (.text:ti_sysbios_family_arm_m3_Hwi_Module_startup__E)
                  00006248    00000050     ti.targets.arm.rtsarm.aem4f : Startup.oem4f (.text:xdc_runtime_Startup_exec__E)
                  00006298    00000050                                 : Text.oem4f (.text:xdc_runtime_Text_visitRope2__I)
                  000062e8    0000004c     rtsv7M4_T_le_v4SPD16_eabi.lib : cpy_tbl.obj (.text)
                  00006334    0000004c                                   : rand.obj (.text)
                  00006380    0000004c     sysbios.aem4f : BIOS.obj (.text:ti_sysbios_heaps_HeapMem_getStats__E)
                  000063cc    00000004     --HOLE-- [fill = 0]
                  000063d0    0000004c                   : BIOS.obj (.text:ti_sysbios_knl_Swi_runLoop__I)
                  0000641c    00000004     --HOLE-- [fill = 0]
                  00006420    0000004c                   : BIOS.obj (.text:ti_sysbios_knl_Task_allBlockedFunction__I)
                  0000646c    00000048     glcd.obj (.text:glcd_setPage)
                  000064b4    00000004     --HOLE-- [fill = 0]
                  000064b8    00000048     sysbios.aem4f : BIOS.obj (.text:ti_sysbios_family_arm_m3_Hwi_disableInterrupt__E)
                  00006500    00000048                   : BIOS.obj (.text:ti_sysbios_family_arm_m3_Hwi_enableInterrupt__E)
                  00006548    00000048                   : BIOS.obj (.text:ti_sysbios_family_arm_m3_Hwi_excReserved__I)
                  00006590    00000046     gameScreens.obj (.text:screenFlash)
                  000065d6    00000046     ti.targets.arm.rtsarm.aem4f : Core-params.oem4f (.text:xdc_runtime_Core_assignParams__I)
                  0000661c    00000004     --HOLE-- [fill = 0]
                  00006620    00000044     sysbios.aem4f : BIOS.obj (.text:ti_sysbios_family_arm_m3_Hwi_getStackInfo__E)
                  00006664    00000004     --HOLE-- [fill = 0]
                  00006668    00000044                   : BIOS.obj (.text:ti_sysbios_knl_Swi_post__E)
                  000066ac    00000044     ti.targets.arm.rtsarm.aem4f : Error.oem4f (.text:xdc_runtime_Error_setX__E)
                  000066f0    00000044                                 : SysMin.oem4f (.text:xdc_runtime_SysMin_flush__E)
                  00006734    00000044                                 : Text.oem4f (.text:xdc_runtime_Text_xprintf__I)
                  00006778    00000040     rtsv7M4_T_le_v4SPD16_eabi.lib : u_divt2.obj (.text)
                  000067b8    00000040     sysbios.aem4f : BIOS.obj (.text:ti_sysbios_family_arm_lm4_Timer_startup__E)
                  000067f8    0000003e     driverlib.lib : adc.obj (.text:ADCSequenceConfigure)
                  00006836    0000003e     glcd.obj (.text:glcd_clearRow)
                  00006874    00000004     --HOLE-- [fill = 0]
                  00006878    0000003c     sysbios.aem4f : BIOS.obj (.text:ti_sysbios_family_arm_m3_Hwi_excSvCall__I)
                  000068b4    00000004     --HOLE-- [fill = 0]
                  000068b8    0000003c                   : BIOS.obj (.text:ti_sysbios_heaps_HeapMem_init__I)
                  000068f4    00000004     --HOLE-- [fill = 0]
                  000068f8    0000003c                   : BIOS.obj (.text:ti_sysbios_knl_Swi_restore__E)
                  00006934    00000038     game.obj (.text:main)
                  0000696c    00000038     consoleInit.obj (.text:micros)
                  000069a4    00000004     --HOLE-- [fill = 0]
                  000069a8    00000038     sysbios.aem4f : BIOS.obj (.text:ti_sysbios_family_arm_m3_Hwi_excNoIsr__I)
                  000069e0    00000038                   : BIOS.obj (.text:ti_sysbios_knl_Task_processVitalTaskFlag__I)
                  00006a18    00000038     ti.targets.arm.rtsarm.aem4f : SysMin.oem4f (.text:xdc_runtime_SysMin_putch__E)
                  00006a50    00000038                                 : System.oem4f (.text:xdc_runtime_System_atexit__E)
                  00006a88    00000034     driverlib.lib : sysctl.obj (.text:SysCtlPeripheralEnable)
                  00006abc    00000034     consoleInit.obj (.text:_init_)
                  00006af0    00000034     consoleInit.obj (.text:millis)
                  00006b24    00000004     --HOLE-- [fill = 0]
                  00006b28    00000034     sysbios.aem4f : BIOS.obj (.text:ti_sysbios_family_arm_m3_Hwi_excNmi__I)
                  00006b5c    00000004     --HOLE-- [fill = 0]
                  00006b60    00000034                   : BIOS.obj (.text:ti_sysbios_hal_Hwi_checkStack)
                  00006b94    00000034     ti.targets.arm.rtsarm.aem4f : Core-label.oem4f (.text:xdc_runtime_Core_assignLabel__I)
                  00006bc8    00000033                                 : Text.oem4f (.text:xdc_runtime_Text_printVisFxn__I)
                  00006bfb    00000005     --HOLE-- [fill = 0]
                  00006c00    00000032     sysbios.aem4f : BIOS.obj (.text:ti_sysbios_hal_Hwi_initStack)
                  00006c32    00000002     --HOLE-- [fill = 0]
                  00006c34    00000030     game_pem4f.oem4f (.text:ti_sysbios_BIOS_atExitFunc__I)
                  00006c64    00000004     --HOLE-- [fill = 0]
                  00006c68    00000030     sysbios.aem4f : BIOS.obj (.text:ti_sysbios_family_arm_lm4_Timer_stop__E)
                  00006c98    00000030                   : BIOS.obj (.text:ti_sysbios_family_arm_m3_TaskSupport_start__E)
                  00006cc8    00000030     game_pem4f.oem4f (.text:ti_sysbios_gates_GateHwi_Object__create__S)
                  00006cf8    00000030     game_pem4f.oem4f (.text:ti_sysbios_gates_GateMutex_Object__create__S)
                  00006d28    00000030     game_pem4f.oem4f (.text:ti_sysbios_heaps_HeapMem_Object__create__S)
                  00006d58    00000030     game_pem4f.oem4f (.text:ti_sysbios_knl_Semaphore_construct)
                  00006d88    00000030     sysbios.aem4f : BIOS.obj (.text:ti_sysbios_knl_Semaphore_pendTimeout__I)
                  00006db8    00000030                   : BIOS.obj (.text:ti_sysbios_knl_Task_unblockI__E)
                  00006de8    00000030     ti.targets.arm.rtsarm.aem4f : SysMin.oem4f (.text:xdc_runtime_SysMin_abort__E)
                  00006e18    00000030                                 : System.oem4f (.text:xdc_runtime_System_processAtExit__E)
                  00006e48    0000002e     driverlib.lib : adc.obj (.text:ADCIntStatus)
                  00006e76    00000002     --HOLE-- [fill = 0]
                  00006e78    0000002c     game_pem4f.oem4f (.text:ti_sysbios_knl_Clock_doTick__I)
                  00006ea4    0000002c     game_pem4f.oem4f (.text:ti_sysbios_knl_Queue_construct)
                  00006ed0    0000002c     sysbios.aem4f : BIOS.obj (.text:ti_sysbios_knl_Task_restore__E)
                  00006efc    0000002c     ti.targets.arm.rtsarm.aem4f : Text.oem4f (.text:xdc_runtime_Text_cordText__E)
                  00006f28    0000002a     driverlib.lib : gpio.obj (.text:GPIODirModeSet)
                  00006f52    0000002a     ti.targets.arm.rtsarm.aem4f : System.oem4f (.text:xdc_runtime_System_putchar__I)
                  00006f7c    00000004     --HOLE-- [fill = 0]
                  00006f80    00000028     sysbios.aem4f : BIOS.obj (.text:ti_sysbios_knl_Swi_Module_startup__E)
                  00006fa8    00000026     tones.obj (.text:startBeep)
                  00006fce    00000026     sysbios.aem4f : m3_Hwi_asm.obj (.text:ti_sysbios_family_arm_m3_Hwi_pendSV__I)
                  00006ff4    00000026     ti.targets.arm.rtsarm.aem4f : System.oem4f (.text:xdc_runtime_System_avprintf__E)
                  0000701a    00000024     tones.obj (.text:specialEntryBeep)
                  0000703e    00000024     tones.obj (.text:specialExitBeep)
                  00007062    00000002     --HOLE-- [fill = 0]
                  00007064    00000024     game_pem4f.oem4f (.text:ti_sysbios_BIOS_errorRaiseHook__I)
                  00007088    00000024     game_pem4f.oem4f (.text:ti_sysbios_BIOS_registerRTSLock__I)
                  000070ac    00000024     game_pem4f.oem4f (.text:ti_sysbios_BIOS_removeRTSLock__I)
                  000070d0    00000024     game_pem4f.oem4f (.text:ti_sysbios_BIOS_startFunc__I)
                  000070f4    00000024     game_pem4f.oem4f (.text:ti_sysbios_gates_GateMutex_Object__delete__S)
                  00007118    00000024     sysbios.aem4f : BIOS.obj (.text:ti_sysbios_knl_Clock_Module_startup__E)
                  0000713c    00000004     --HOLE-- [fill = 0]
                  00007140    00000024                   : BIOS.obj (.text:ti_sysbios_knl_Task_restoreHwi__E)
                  00007164    00000024     ti.targets.arm.rtsarm.aem4f : System.oem4f (.text:xdc_runtime_System_vprintf__E)
                  00007188    00000022     sysbios.aem4f : BIOS.obj (.text:ti_sysbios_family_arm_lm4_Timer_write__I)
                  000071aa    00000022     game_pem4f.oem4f (.text:xdc_runtime_SysMin_output__I)
                  000071cc    00000020     game_pem4f.oem4f (.text:ti_sysbios_BIOS_rtsLock__I)
                  000071ec    00000020     sysbios.aem4f : m3_Hwi_asm.obj (.text:ti_sysbios_family_arm_m3_Hwi_excHandlerAsm__I)
                  0000720c    00000004     --HOLE-- [fill = 0]
                  00007210    00000020                   : BIOS.obj (.text:ti_sysbios_family_arm_m3_Hwi_excHandler__I)
                  00007230    00000020     game_pem4f.oem4f (.text:ti_sysbios_gates_GateHwi_Object__delete__S)
                  00007250    00000020     game_pem4f.oem4f (.text:ti_sysbios_heaps_HeapMem_Object__delete__S)
                  00007270    00000020     sysbios.aem4f : BIOS.obj (.text:ti_sysbios_knl_Idle_run__E)
                  00007290    00000020     game_pem4f.oem4f (.text:ti_sysbios_knl_Semaphore_Object__destruct__S)
                  000072b0    00000020     ti.targets.arm.rtsarm.aem4f : Registry.oem4f (.text:xdc_runtime_Registry_findById__E)
                  000072d0    00000020                                 : SysMin.oem4f (.text:xdc_runtime_SysMin_Module_startup__E)
                  000072f0    0000001e     driverlib.lib : adc.obj (.text:ADCSequenceDataGet)
                  0000730e    0000001e     sysbios.aem4f : m3_Hwi_asm_switch.obj (.text:ti_sysbios_family_xxx_Hwi_switchAndRunFunc)
                  0000732c    0000001c     consoleInit.obj (.text:motorOFF)
                  00007348    0000001c     consoleInit.obj (.text:motorON)
                  00007364    00000004     --HOLE-- [fill = 0]
                  00007368    0000001c     sysbios.aem4f : BIOS.obj (.text:ti_sysbios_gates_GateMutex_Instance_init__E)
                  00007384    0000001c     game_pem4f.oem4f (.text:ti_sysbios_knl_Queue_Object__destruct__S)
                  000073a0    0000001c     sysbios.aem4f : BIOS.obj (.text:ti_sysbios_knl_Task_enter__I)
                  000073bc    0000001c     ti.targets.arm.rtsarm.aem4f : Error.oem4f (.text:xdc_runtime_Error_raiseX__E)
                  000073d8    0000001c                                 : Memory.oem4f (.text:xdc_runtime_Memory_valloc__E)
                  000073f4    0000001c                                 : SysMin.oem4f (.text:xdc_runtime_SysMin_exit__E)
                  00007410    0000001c                                 : System.oem4f (.text:xdc_runtime_System_abort__E)
                  0000742c    0000001a     game_pem4f.oem4f (.text:ti_sysbios_family_arm_m3_Hwi_Handle__label__S)
                  00007446    0000001a     game_pem4f.oem4f (.text:ti_sysbios_gates_GateHwi_Handle__label__S)
                  00007460    0000001a     game_pem4f.oem4f (.text:ti_sysbios_gates_GateMutex_Handle__label__S)
                  0000747a    0000001a     game_pem4f.oem4f (.text:ti_sysbios_heaps_HeapMem_Handle__label__S)
                  00007494    0000001a     game_pem4f.oem4f (.text:ti_sysbios_knl_Swi_Handle__label__S)
                  000074ae    0000001a     game_pem4f.oem4f (.text:ti_sysbios_knl_Task_Handle__label__S)
                  000074c8    0000001a     game_pem4f.oem4f (.text:xdc_runtime_System_aprintf__E)
                  000074e2    0000001a     game_pem4f.oem4f (.text:xdc_runtime_System_printf__E)
                  000074fc    00000018     driverlib.lib : adc.obj (.text:ADCProcessorTrigger)
                  00007514    00000018     rtsv7M4_T_le_v4SPD16_eabi.lib : args_main.obj (.text)
                  0000752c    00000018     game_pem4f.oem4f (.text:ti_sysbios_BIOS_rtsUnlock__I)
                  00007544    00000018     game_pem4f.oem4f (.text:ti_sysbios_family_arm_lm4_Timer_Module__startupDone__F)
                  0000755c    00000018     game_pem4f.oem4f (.text:ti_sysbios_family_arm_m3_Hwi_Module__startupDone__F)
                  00007574    00000018     sysbios.aem4f : m3_TaskSupport_asm.obj (.text:ti_sysbios_family_arm_m3_TaskSupport_swap__E)
                  0000758c    00000004     --HOLE-- [fill = 0]
                  00007590    00000018                   : BIOS.obj (.text:ti_sysbios_gates_GateMutex_leave__E)
                  000075a8    00000018     ti.targets.arm.rtsarm.aem4f : Error.oem4f (.text:xdc_runtime_Error_check__E)
                  000075c0    00000018                                 : System.oem4f (.text:xdc_runtime_System_exit__E)
                  000075d8    00000018                                 : Text.oem4f (.text:xdc_runtime_Text_ropeText__E)
                  000075f0    00000016     tones.obj (.text:entryBeep)
                  00007606    00000016     game_pem4f.oem4f (.text:ti_sysbios_BIOS_exitFunc__I)
                  0000761c    00000014     rtsv7M4_T_le_v4SPD16_eabi.lib : _lock.obj (.text)
                  00007630    00000014                                   : strcpy.obj (.text)
                  00007644    00000014                                   : strlen.obj (.text)
                  00007658    00000014     game_pem4f.oem4f (.text:ti_sysbios_family_arm_m3_Hwi_Object__get__S)
                  0000766c    00000004     --HOLE-- [fill = 0]
                  00007670    00000014     sysbios.aem4f : BIOS.obj (.text:ti_sysbios_family_arm_m3_Hwi_switchFromBootStack__E)
                  00007684    00000014     game_pem4f.oem4f (.text:ti_sysbios_heaps_HeapMem_Object__get__S)
                  00007698    00000014     game_pem4f.oem4f (.text:ti_sysbios_knl_Swi_Object__get__S)
                  000076ac    00000012     driverlib.lib : gpio.obj (.text:GPIOPinTypeADC)
                  000076be    00000002     --HOLE-- [fill = 0]
                  000076c0    00000012     sysbios.aem4f : BIOS.obj (.text:ti_sysbios_hal_Hwi_Module_startup__E)
                  000076d2    00000012     game_pem4f.oem4f (.text:xdc_runtime_Startup_exec__I)
                  000076e4    00000004     --HOLE-- [fill = 0]
                  000076e8    00000010     sysbios.aem4f : BIOS.obj (.text:ti_sysbios_BIOS_setThreadType__E)
                  000076f8    00000010                   : BIOS.obj (.text:ti_sysbios_BIOS_start__E)
                  00007708    00000010                   : m3_TaskSupport_asm.obj (.text:ti_sysbios_family_arm_m3_TaskSupport_glue)
                  00007718    00000010                   : BIOS.obj (.text:ti_sysbios_gates_GateMutex_Instance_finalize__E)
                  00007728    00000010                   : BIOS.obj (.text:ti_sysbios_knl_Semaphore_Instance_finalize__E)
                  00007738    00000010                   : BIOS.obj (.text:ti_sysbios_knl_Swi_disable__E)
                  00007748    00000010     game_pem4f.oem4f (.text:ti_sysbios_knl_Task_Object__get__S)
                  00007758    00000010     sysbios.aem4f : BIOS.obj (.text:ti_sysbios_knl_Task_disable__E)
                  00007768    00000010     ti.targets.arm.rtsarm.aem4f : Gate.oem4f (.text:xdc_runtime_Gate_leaveSystem__E)
                  00007778    00000010                                 : Memory.oem4f (.text:xdc_runtime_Memory_free__E)
                  00007788    00000010                                 : SysMin.oem4f (.text:xdc_runtime_SysMin_ready__E)
                  00007798    00000010                                 : System.oem4f (.text:xdc_runtime_System_vsnprintf__E)
                  000077a8    00000010     game_pem4f.oem4f (.text:xdc_runtime_Text_visitRope__I)
                  000077b8    0000000e     driverlib.lib : adc.obj (.text:ADCSequenceEnable)
                  000077c6    0000000e     rtsv7M4_T_le_v4SPD16_eabi.lib : copy_decompress_none.obj (.text:decompress:none)
                  000077d4    0000000e     tones.obj (.text:paddleBeep)
                  000077e2    0000000e     rtsv7M4_T_le_v4SPD16_eabi.lib : time.obj (.text)
                  000077f0    0000000e     sysbios.aem4f : BIOS.obj (.text:ti_sysbios_knl_Idle_loop__E)
                  000077fe    00000002     --HOLE-- [fill = 0]
                  00007800    0000000e                   : BIOS.obj (.text:ti_sysbios_knl_Queue_empty__E)
                  0000780e    00000002     --HOLE-- [fill = 0]
                  00007810    0000000c     game_pem4f.oem4f (.text:.bootCodeSection:ti_catalog_arm_cortexm4_tiva_ce_Boot_init__I)
                  0000781c    0000000c     tones.obj (.text:blockBeep)
                  00007828    0000000c     rtsv7M4_T_le_v4SPD16_eabi.lib : copy_zero_init.obj (.text:decompress:ZI)
                  00007834    00000004     --HOLE-- [fill = 0]
                  00007838    0000000c     sysbios.aem4f : BIOS.obj (.text:ti_sysbios_family_arm_lm4_Timer_getMaxTicks__E)
                  00007844    00000004     --HOLE-- [fill = 0]
                  00007848    0000000c                   : BIOS.obj (.text:ti_sysbios_family_arm_m3_TaskSupport_checkStack__E)
                  00007854    00000004     --HOLE-- [fill = 0]
                  00007858    0000000c                   : BIOS.obj (.text:ti_sysbios_gates_GateHwi_enter__E)
                  00007864    0000000c     game_pem4f.oem4f (.text:ti_sysbios_knl_Queue_Object__get__S)
                  00007870    0000000c     ti.targets.arm.rtsarm.aem4f : Error.oem4f (.text:xdc_runtime_Error_init__E)
                  0000787c    0000000c                                 : Gate.oem4f (.text:xdc_runtime_Gate_enterSystem__E)
                  00007888    0000000c                                 : Memory.oem4f (.text:xdc_runtime_Memory_calloc__E)
                  00007894    0000000c                                 : Memory.oem4f (.text:xdc_runtime_Memory_getMaxDefaultTypeAlign__E)
                  000078a0    0000000a     driverlib.lib : adc.obj (.text:ADCIntClear)
                  000078aa    0000000a     game_pem4f.oem4f (.text:xdc_runtime_IHeap_alloc)
                  000078b4    0000000a     game_pem4f.oem4f (.text:xdc_runtime_IHeap_free)
                  000078be    00000008     sysbios.aem4f : BIOS.obj (.text:ti_sysbios_family_arm_lm4_Timer_masterDisable__I)
                  000078c6    00000002     --HOLE-- [fill = 0]
                  000078c8    00000008                   : BIOS.obj (.text:ti_sysbios_family_arm_m3_Hwi_doSwiRestore__I)
                  000078d0    00000008                   : BIOS.obj (.text:ti_sysbios_family_arm_m3_Hwi_startup__E)
                  000078d8    00000006     driverlib.lib : gpio.obj (.text:GPIOPinRead)
                  000078de    00000006                   : gpio.obj (.text:GPIOPinWrite)
                  000078e4    00000006     Boot.aem4f : Boot_sysctl.oem4f (.text:ti_catalog_arm_cortexm4_tiva_ce_Boot_sysCtlDelayI__I)
                  000078ea    00000006     ti.targets.arm.rtsarm.aem4f : System.oem4f (.text:xdc_runtime_System_Module_startup__E)
                  000078f0    00000006     sysbios.aem4f : BIOS.obj (.text:ti_sysbios_family_arm_m3_Hwi_doTaskRestore__I)
                  000078f6    00000002     --HOLE-- [fill = 0]
                  000078f8    00000006                   : BIOS.obj (.text:ti_sysbios_gates_GateHwi_leave__E)
                  000078fe    00000002     --HOLE-- [fill = 0]
                  00007900    00000006                   : BIOS.obj (.text:ti_sysbios_heaps_HeapMem_isBlocking__E)
                  00007906    00000002     --HOLE-- [fill = 0]
                  00007908    00000006                   : BIOS.obj (.text:ti_sysbios_knl_Queue_Instance_init__E)
                  0000790e    00000002     --HOLE-- [fill = 0]
                  00007910    00000006                   : BIOS.obj (.text:ti_sysbios_knl_Swi_startup__E)
                  00007916    00000002     --HOLE-- [fill = 0]
                  00007918    00000004                   : BIOS.obj (.text:ti_sysbios_gates_GateHwi_query__E)
                  0000791c    00000004     --HOLE-- [fill = 0]
                  00007920    00000004                   : BIOS.obj (.text:ti_sysbios_gates_GateMutex_query__E)
                  00007924    00000004     --HOLE-- [fill = 0]
                  00007928    00000004                   : BIOS.obj (.text:ti_sysbios_knl_Task_startup__E)
                  0000792c    00000004     --HOLE-- [fill = 0]
                  00007930    00000002                   : BIOS.obj (.text:ti_sysbios_gates_GateHwi_Instance_init__E)
                  00007932    00000006     --HOLE-- [fill = 0]
                  00007938    00000002                   : BIOS.obj (.text:ti_sysbios_knl_Clock_logTick__E)

.const     0    0000793c    00002168     
                  0000793c    000018b7     game_pem4f.oem4f (.const:xdc_runtime_Text_charTab__A)
                  000091f3    00000400     characterset.obj (.const:.string:asciiSmall)
                  000095f3    00000001     game_pem4f.oem4f (.const:xdc_runtime_Error_policy__C)
                  000095f4    000000bc     game_pem4f.oem4f (.const:xdc_runtime_Text_nodeTab__A)
                  000096b0    00000048     game_pem4f.oem4f (.const:.string)
                  000096f8    00000028     game_pem4f.oem4f (.const:ti_sysbios_heaps_HeapMem_Module__FXNS__C)
                  00009720    00000024     game_pem4f.oem4f (.const:ti_sysbios_gates_GateHwi_Module__FXNS__C)
                  00009744    00000024     game_pem4f.oem4f (.const:ti_sysbios_gates_GateMutex_Module__FXNS__C)
                  00009768    00000024     game_pem4f.oem4f (.const:ti_sysbios_heaps_HeapMem_Object__PARAMS__C)
                  0000978c    00000024     game_pem4f.oem4f (.const:ti_sysbios_knl_Semaphore_Object__PARAMS__C)
                  000097b0    00000020     game_pem4f.oem4f (.const:ti_sysbios_gates_GateHwi_Object__DESC__C)
                  000097d0    00000020     game_pem4f.oem4f (.const:ti_sysbios_gates_GateMutex_Object__DESC__C)
                  000097f0    00000020     game_pem4f.oem4f (.const:ti_sysbios_heaps_HeapMem_Object__DESC__C)
                  00009810    00000020     game_pem4f.oem4f (.const:ti_sysbios_knl_Queue_Object__DESC__C)
                  00009830    00000020     game_pem4f.oem4f (.const:ti_sysbios_knl_Semaphore_Object__DESC__C)
                  00009850    00000020     game_pem4f.oem4f (.const:xdc_runtime_Startup_sfxnTab__A)
                  00009870    00000018     game_pem4f.oem4f (.const)
                  00009888    00000018     game_pem4f.oem4f (.const:ti_sysbios_gates_GateHwi_Object__PARAMS__C)
                  000098a0    00000018     game_pem4f.oem4f (.const:ti_sysbios_gates_GateMutex_Object__PARAMS__C)
                  000098b8    00000018     game_pem4f.oem4f (.const:ti_sysbios_knl_Queue_Object__PARAMS__C)
                  000098d0    00000014     game_pem4f.oem4f (.const:xdc_runtime_Startup_firstFxns__A)
                  000098e4    00000010     game_pem4f.oem4f (.const:xdc_runtime_Startup_sfxnRts__A)
                  000098f4    00000008     game_pem4f.oem4f (.const:ti_sysbios_family_arm_m3_Hwi_excHookFuncs__A)
                  000098fc    00000008     game_pem4f.oem4f (.const:ti_sysbios_knl_Idle_funcList__C)
                  00009904    00000008     game_pem4f.oem4f (.const:xdc_runtime_Startup_firstFxns__C)
                  0000990c    00000008     game_pem4f.oem4f (.const:xdc_runtime_Startup_lastFxns__C)
                  00009914    00000004     game_pem4f.oem4f (.const:ti_catalog_arm_cortexm4_tiva_ce_Boot_A_mustUseEnhancedClockMode__C)
                  00009918    00000004     game_pem4f.oem4f (.const:ti_catalog_arm_cortexm4_tiva_ce_Boot_Module__diagsEnabled__C)
                  0000991c    00000004     game_pem4f.oem4f (.const:ti_catalog_arm_cortexm4_tiva_ce_Boot_Module__diagsIncluded__C)
                  00009920    00000004     game_pem4f.oem4f (.const:ti_catalog_arm_cortexm4_tiva_ce_Boot_Module__diagsMask__C)
                  00009924    00000004     game_pem4f.oem4f (.const:ti_sysbios_family_arm_lm4_Timer_enableFunc__C)
                  00009928    00000004     game_pem4f.oem4f (.const:ti_sysbios_family_arm_lm4_Timer_numTimerDevices__C)
                  0000992c    00000004     game_pem4f.oem4f (.const:ti_sysbios_family_arm_lm4_Timer_startupNeeded__C)
                  00009930    00000004     game_pem4f.oem4f (.const:ti_sysbios_family_arm_m3_Hwi_E_NMI__C)
                  00009934    00000004     game_pem4f.oem4f (.const:ti_sysbios_family_arm_m3_Hwi_E_busFault__C)
                  00009938    00000004     game_pem4f.oem4f (.const:ti_sysbios_family_arm_m3_Hwi_E_debugMon__C)
                  0000993c    00000004     game_pem4f.oem4f (.const:ti_sysbios_family_arm_m3_Hwi_E_hardFault__C)
                  00009940    00000004     game_pem4f.oem4f (.const:ti_sysbios_family_arm_m3_Hwi_E_memFault__C)
                  00009944    00000004     game_pem4f.oem4f (.const:ti_sysbios_family_arm_m3_Hwi_E_noIsr__C)
                  00009948    00000004     game_pem4f.oem4f (.const:ti_sysbios_family_arm_m3_Hwi_E_reserved__C)
                  0000994c    00000004     game_pem4f.oem4f (.const:ti_sysbios_family_arm_m3_Hwi_E_svCall__C)
                  00009950    00000004     game_pem4f.oem4f (.const:ti_sysbios_family_arm_m3_Hwi_E_usageFault__C)
                  00009954    00000004     game_pem4f.oem4f (.const:ti_sysbios_family_arm_m3_Hwi_NUM_INTERRUPTS__C)
                  00009958    00000004     game_pem4f.oem4f (.const:ti_sysbios_family_arm_m3_Hwi_Object__count__C)
                  0000995c    00000004     game_pem4f.oem4f (.const:ti_sysbios_family_arm_m3_Hwi_ccr__C)
                  00009960    00000004     game_pem4f.oem4f (.const:ti_sysbios_family_arm_m3_Hwi_excHandlerFunc__C)
                  00009964    00000004     game_pem4f.oem4f (.const:ti_sysbios_family_arm_m3_Hwi_excHookFuncs__C)
                  00009968    00000004     game_pem4f.oem4f (.const:ti_sysbios_family_arm_m3_Hwi_nullIsrFunc__C)
                  0000996c    00000004     game_pem4f.oem4f (.const:ti_sysbios_family_arm_m3_Hwi_priGroup__C)
                  00009970    00000004     game_pem4f.oem4f (.const:ti_sysbios_gates_GateMutex_A_badContext__C)
                  00009974    00000004     game_pem4f.oem4f (.const:ti_sysbios_gates_GateMutex_Instance_State_sem__O)
                  00009978    00000004     game_pem4f.oem4f (.const:ti_sysbios_gates_GateMutex_Module__diagsEnabled__C)
                  0000997c    00000004     game_pem4f.oem4f (.const:ti_sysbios_gates_GateMutex_Module__diagsIncluded__C)
                  00009980    00000004     game_pem4f.oem4f (.const:ti_sysbios_gates_GateMutex_Module__diagsMask__C)
                  00009984    00000004     game_pem4f.oem4f (.const:ti_sysbios_hal_Hwi_E_stackOverflow__C)
                  00009988    00000004     game_pem4f.oem4f (.const:ti_sysbios_heaps_HeapMem_A_align__C)
                  0000998c    00000004     game_pem4f.oem4f (.const:ti_sysbios_heaps_HeapMem_A_heapSize__C)
                  00009990    00000004     game_pem4f.oem4f (.const:ti_sysbios_heaps_HeapMem_A_invalidFree__C)
                  00009994    00000004     game_pem4f.oem4f (.const:ti_sysbios_heaps_HeapMem_A_zeroBlock__C)
                  00009998    00000004     game_pem4f.oem4f (.const:ti_sysbios_heaps_HeapMem_E_memory__C)
                  0000999c    00000004     game_pem4f.oem4f (.const:ti_sysbios_heaps_HeapMem_Module__diagsEnabled__C)
                  000099a0    00000004     game_pem4f.oem4f (.const:ti_sysbios_heaps_HeapMem_Module__diagsIncluded__C)
                  000099a4    00000004     game_pem4f.oem4f (.const:ti_sysbios_heaps_HeapMem_Module__diagsMask__C)
                  000099a8    00000004     game_pem4f.oem4f (.const:ti_sysbios_heaps_HeapMem_Module__gateObj__C)
                  000099ac    00000004     game_pem4f.oem4f (.const:ti_sysbios_heaps_HeapMem_Object__count__C)
                  000099b0    00000004     game_pem4f.oem4f (.const:ti_sysbios_heaps_HeapMem_reqAlign__C)
                  000099b4    00000004     game_pem4f.oem4f (.const:ti_sysbios_knl_Clock_Module_State_clockQ__O)
                  000099b8    00000004     game_pem4f.oem4f (.const:ti_sysbios_knl_Idle_funcList__A)
                  000099bc    00000004     game_pem4f.oem4f (.const:ti_sysbios_knl_Semaphore_A_badContext__C)
                  000099c0    00000004     game_pem4f.oem4f (.const:ti_sysbios_knl_Semaphore_A_noEvents__C)
                  000099c4    00000004     game_pem4f.oem4f (.const:ti_sysbios_knl_Semaphore_A_overflow__C)
                  000099c8    00000004     game_pem4f.oem4f (.const:ti_sysbios_knl_Semaphore_A_pendTaskDisabled__C)
                  000099cc    00000004     game_pem4f.oem4f (.const:ti_sysbios_knl_Semaphore_Instance_State_pendQ__O)
                  000099d0    00000004     game_pem4f.oem4f (.const:ti_sysbios_knl_Semaphore_Module__diagsEnabled__C)
                  000099d4    00000004     game_pem4f.oem4f (.const:ti_sysbios_knl_Semaphore_Module__diagsIncluded__C)
                  000099d8    00000004     game_pem4f.oem4f (.const:ti_sysbios_knl_Semaphore_Module__diagsMask__C)
                  000099dc    00000004     game_pem4f.oem4f (.const:ti_sysbios_knl_Swi_Object__count__C)
                  000099e0    00000004     game_pem4f.oem4f (.const:ti_sysbios_knl_Task_E_spOutOfBounds__C)
                  000099e4    00000004     game_pem4f.oem4f (.const:ti_sysbios_knl_Task_E_stackOverflow__C)
                  000099e8    00000004     game_pem4f.oem4f (.const:ti_sysbios_knl_Task_Module_State_inactiveQ__O)
                  000099ec    00000004     game_pem4f.oem4f (.const:ti_sysbios_knl_Task_Object__count__C)
                  000099f0    00000004     game_pem4f.oem4f (.const:ti_sysbios_knl_Task_allBlockedFunc__C)
                  000099f4    00000004     game_pem4f.oem4f (.const:ti_sysbios_knl_Task_numConstructedTasks__C)
                  000099f8    00000004     game_pem4f.oem4f (.const:xdc_runtime_Assert_E_assertFailed__C)
                  000099fc    00000004     game_pem4f.oem4f (.const:xdc_runtime_Core_A_initializedParams__C)
                  00009a00    00000004     game_pem4f.oem4f (.const:xdc_runtime_Core_Module__diagsEnabled__C)
                  00009a04    00000004     game_pem4f.oem4f (.const:xdc_runtime_Core_Module__diagsIncluded__C)
                  00009a08    00000004     game_pem4f.oem4f (.const:xdc_runtime_Core_Module__diagsMask__C)
                  00009a0c    00000004     game_pem4f.oem4f (.const:xdc_runtime_Error_E_memory__C)
                  00009a10    00000004     game_pem4f.oem4f (.const:xdc_runtime_Error_Module__diagsEnabled__C)
                  00009a14    00000004     game_pem4f.oem4f (.const:xdc_runtime_Error_Module__diagsIncluded__C)
                  00009a18    00000004     game_pem4f.oem4f (.const:xdc_runtime_Error_Module__diagsMask__C)
                  00009a1c    00000004     game_pem4f.oem4f (.const:xdc_runtime_Error_Module__loggerFxn8__C)
                  00009a20    00000004     game_pem4f.oem4f (.const:xdc_runtime_Error_Module__loggerObj__C)
                  00009a24    00000004     game_pem4f.oem4f (.const:xdc_runtime_Error_policyFxn__C)
                  00009a28    00000004     game_pem4f.oem4f (.const:xdc_runtime_Error_raiseHook__C)
                  00009a2c    00000004     game_pem4f.oem4f (.const:xdc_runtime_IGateProvider_Interface__BASE__C)
                  00009a30    00000004     game_pem4f.oem4f (.const:xdc_runtime_IHeap_Interface__BASE__C)
                  00009a34    00000004     game_pem4f.oem4f (.const:xdc_runtime_IModule_Interface__BASE__C)
                  00009a38    00000004     game_pem4f.oem4f (.const:xdc_runtime_Log_L_error__C)
                  00009a3c    00000004     game_pem4f.oem4f (.const:xdc_runtime_Memory_defaultHeapInstance__C)
                  00009a40    00000004     game_pem4f.oem4f (.const:xdc_runtime_Startup_execImpl__C)
                  00009a44    00000004     game_pem4f.oem4f (.const:xdc_runtime_Startup_maxPasses__C)
                  00009a48    00000004     game_pem4f.oem4f (.const:xdc_runtime_Startup_sfxnRts__C)
                  00009a4c    00000004     game_pem4f.oem4f (.const:xdc_runtime_Startup_sfxnTab__C)
                  00009a50    00000004     game_pem4f.oem4f (.const:xdc_runtime_SysMin_bufSize__C)
                  00009a54    00000004     game_pem4f.oem4f (.const:xdc_runtime_SysMin_outputFunc__C)
                  00009a58    00000004     game_pem4f.oem4f (.const:xdc_runtime_System_Module__gateObj__C)
                  00009a5c    00000004     game_pem4f.oem4f (.const:xdc_runtime_System_abortFxn__C)
                  00009a60    00000004     game_pem4f.oem4f (.const:xdc_runtime_System_exitFxn__C)
                  00009a64    00000004     game_pem4f.oem4f (.const:xdc_runtime_System_extendFxn__C)
                  00009a68    00000004     game_pem4f.oem4f (.const:xdc_runtime_System_maxAtexitHandlers__C)
                  00009a6c    00000004     game_pem4f.oem4f (.const:xdc_runtime_Text_charTab__C)
                  00009a70    00000004     game_pem4f.oem4f (.const:xdc_runtime_Text_nameEmpty__C)
                  00009a74    00000004     game_pem4f.oem4f (.const:xdc_runtime_Text_nameStatic__C)
                  00009a78    00000004     game_pem4f.oem4f (.const:xdc_runtime_Text_nameUnknown__C)
                  00009a7c    00000004     game_pem4f.oem4f (.const:xdc_runtime_Text_nodeTab__C)
                  00009a80    00000004     game_pem4f.oem4f (.const:xdc_runtime_Text_visitRopeFxn__C)
                  00009a84    00000002     game_pem4f.oem4f (.const:ti_catalog_arm_cortexm4_tiva_ce_Boot_Module__id__C)
                  00009a86    00000002     game_pem4f.oem4f (.const:ti_sysbios_family_arm_m3_Hwi_Module__id__C)
                  00009a88    00000002     game_pem4f.oem4f (.const:ti_sysbios_gates_GateMutex_Module__id__C)
                  00009a8a    00000002     game_pem4f.oem4f (.const:ti_sysbios_hal_Hwi_Module__id__C)
                  00009a8c    00000002     game_pem4f.oem4f (.const:ti_sysbios_heaps_HeapMem_Module__id__C)
                  00009a8e    00000002     game_pem4f.oem4f (.const:ti_sysbios_knl_Semaphore_Module__id__C)
                  00009a90    00000002     game_pem4f.oem4f (.const:ti_sysbios_knl_Task_Module__id__C)
                  00009a92    00000002     game_pem4f.oem4f (.const:xdc_runtime_Core_Module__id__C)
                  00009a94    00000002     game_pem4f.oem4f (.const:xdc_runtime_Error_Module__loggerDefined__C)
                  00009a96    00000002     game_pem4f.oem4f (.const:xdc_runtime_Error_maxDepth__C)
                  00009a98    00000002     game_pem4f.oem4f (.const:xdc_runtime_Memory_Module__id__C)
                  00009a9a    00000002     game_pem4f.oem4f (.const:xdc_runtime_SysMin_flushAtExit__C)
                  00009a9c    00000002     game_pem4f.oem4f (.const:xdc_runtime_Text_charCnt__C)
                  00009a9e    00000002     game_pem4f.oem4f (.const:xdc_runtime_Text_isLoaded__C)
                  00009aa0    00000002     game_pem4f.oem4f (.const:xdc_runtime_Text_registryModsLastId__C)
                  00009aa2    00000002     game_pem4f.oem4f (.const:xdc_runtime_Text_unnamedModsLastId__C)

.cinit     0    00009aa8    00000978     
                  00009aa8    00000944     (.cinit..data.load) [load image, compression = lzss]
                  0000a3ec    0000000c     (__TI_handler_table)
                  0000a3f8    00000008     (.cinit..bss.load) [load image, compression = zero_init]
                  0000a400    00000008     (.cinit..vecs.load) [load image, compression = zero_init]
                  0000a408    00000018     (__TI_cinit_table)

.init_array 
*          0    00000000    00000000     UNINITIALIZED

.resetVecs 
*          0    00000000    0000003c     
                  00000000    0000003c     game_pem4f.oem4f (.resetVecs)

.data      0    20000360    000035a8     UNINITIALIZED
                  20000360    00000400     gameScreens.obj (.data:creditsScreen)
                  20000760    00000400     gameScreens.obj (.data:gameOverScreen)
                  20000b60    00000400     gameScreens.obj (.data:menuScreen)
                  20000f60    00000400     gameScreens.obj (.data:oneLifeScreen)
                  20001360    00000400     gameScreens.obj (.data:settingsScreen)
                  20001760    00000400     gameScreens.obj (.data:threeLivesScreen)
                  20001b60    00000400     gameScreens.obj (.data:titleScreen)
                  20001f60    00000400     gameScreens.obj (.data:twoLivesScreen)
                  20002360    00000400     gameScreens.obj (.data:victoryScreen1)
                  20002760    00000400     gameScreens.obj (.data:victoryScreen2)
                  20002b60    00000400     gameScreens.obj (.data:victoryScreen3)
                  20002f60    00000400     gameScreens.obj (.data:victoryScreen4)
                  20003360    000000e4     game_pem4f.oem4f (.data:ti_sysbios_knl_Task_Object__table__V)
                  20003444    00000080     game_pem4f.oem4f (.data:ti_sysbios_knl_Swi_Module_State_0_readyQ__A)
                  200034c4    00000080     game_pem4f.oem4f (.data:ti_sysbios_knl_Task_Module_State_0_readyQ__A)
                  20003544    00000048     game_pem4f.oem4f (.data:ti_sysbios_family_arm_m3_Hwi_Object__table__V)
                  2000358c    00000044     game_pem4f.oem4f (.data:ti_sysbios_knl_Task_Module__state__V)
                  200035d0    00000040     game_pem4f.oem4f (.data:ti_sysbios_family_arm_lm4_Timer_Object__table__V)
                  20003610    00000038     game_pem4f.oem4f (.data:ti_sysbios_gates_GateMutex_Object__table__V)
                  20003648    00000034     game_pem4f.oem4f (.data:ti_sysbios_family_arm_m3_Hwi_Module__state__V)
                  2000367c    00000030     game_pem4f.oem4f (.data:ti_sysbios_family_arm_lm4_Timer_Module_State_0_device__A)
                  200036ac    00000030     game_pem4f.oem4f (.data:ti_sysbios_knl_Swi_Object__table__V)
                  200036dc    0000002c     game_pem4f.oem4f (.data:ti_sysbios_knl_Clock_Module__state__V)
                  20003708    00000028     game_pem4f.oem4f (.data:ti_sysbios_knl_Semaphore_Object__table__V)
                  20003730    00000024     game_pem4f.oem4f (.data:ti_sysbios_BIOS_Module__state__V)
                  20003754    00000020     gameObjects.obj (.data:paddleSpecial)
                  20003774    0000001c     game_pem4f.oem4f (.data:ti_sysbios_knl_Swi_Module__state__V)
                  20003790    00000018     game_pem4f.oem4f (.data:ti_sysbios_family_arm_lm4_Timer_Module_State_0_handles__A)
                  200037a8    00000018     game_pem4f.oem4f (.data:ti_sysbios_heaps_HeapMem_Object__table__V)
                  200037c0    00000015     game.obj (.data)
                  200037d5    00000010     gameObjects.obj (.data:block_easyv2)
                  200037e5    00000010     gameObjects.obj (.data:block_hardv2)
                  200037f5    00000010     gameObjects.obj (.data:block_magic1v2)
                  20003805    00000010     gameObjects.obj (.data:block_magic2v2)
                  20003815    00000010     gameObjects.obj (.data:block_medv2)
                  20003825    00000010     gameObjects.obj (.data:paddle)
                  20003835    00000001     --HOLE--
                  20003836    00000002     game_pem4f.oem4f (.data:ti_sysbios_family_arm_m3_Hwi_Module_State_0_excActive__A)
                  20003838    00000010     game_pem4f.oem4f (.data:ti_sysbios_hal_Hwi_Object__table__V)
                  20003848    0000000c     rtsv7M4_T_le_v4SPD16_eabi.lib : exit.obj (.data:$O1$$)
                  20003854    0000000c     game_pem4f.oem4f (.data:ti_sysbios_family_arm_lm4_Timer_Module__state__V)
                  20003860    0000000c     game_pem4f.oem4f (.data:xdc_runtime_SysMin_Module__state__V)
                  2000386c    00000008     rtsv7M4_T_le_v4SPD16_eabi.lib : _lock.obj (.data:$O1$$)
                  20003874    00000008     gameObjects.obj (.data:ball0)
                  2000387c    00000008     gameObjects.obj (.data:ball1)
                  20003884    00000008     gameObjects.obj (.data:ball2)
                  2000388c    00000008     gameObjects.obj (.data:ball3)
                  20003894    00000008     gameObjects.obj (.data:ballInit)
                  2000389c    00000008     game_pem4f.oem4f (.data:ti_sysbios_gates_GateHwi_Module__root__V)
                  200038a4    00000008     game_pem4f.oem4f (.data:ti_sysbios_gates_GateMutex_Module__root__V)
                  200038ac    00000008     game_pem4f.oem4f (.data:ti_sysbios_heaps_HeapMem_Module__root__V)
                  200038b4    00000008     game_pem4f.oem4f (.data:ti_sysbios_knl_Queue_Module__root__V)
                  200038bc    00000008     game_pem4f.oem4f (.data:ti_sysbios_knl_Semaphore_Module__root__V)
                  200038c4    00000008     game_pem4f.oem4f (.data:xdc_runtime_Registry_Module__state__V)
                  200038cc    00000008     game_pem4f.oem4f (.data:xdc_runtime_Startup_Module__state__V)
                  200038d4    00000008     game_pem4f.oem4f (.data:xdc_runtime_System_Module_State_0_atexitHandlers__A)
                  200038dc    00000008     game_pem4f.oem4f (.data:xdc_runtime_System_Module__state__V)
                  200038e4    00000005     consoleInit.obj (.data:state)
                  200038e9    00000001     --HOLE--
                  200038ea    00000002     game_pem4f.oem4f (.data:xdc_runtime_Error_Module__state__V)
                  200038ec    00000004     rtsv7M4_T_le_v4SPD16_eabi.lib : rand.obj (.data)
                  200038f0    00000004                                   : stkdepth_vars.obj (.data)
                  200038f4    00000004     game_pem4f.oem4f (.data:ti_sysbios_family_arm_m3_Hwi_Module_State_0_excContext__A)
                  200038f8    00000004     game_pem4f.oem4f (.data:ti_sysbios_family_arm_m3_Hwi_Module_State_0_excStack__A)
                  200038fc    00000004     game_pem4f.oem4f (.data:ti_sysbios_gates_GateHwi_Object__table__V)
                  20003900    00000004     game_pem4f.oem4f (.data:ti_sysbios_knl_Task_Module_State_0_idleTask__A)
                  20003904    00000004     game_pem4f.oem4f (.data:xdc_runtime_Memory_Module__state__V)

.bss       0    20003908    00000ff2     UNINITIALIZED
                  20003908    00000600     game_pem4f.oem4f (.bss:taskStackSection)
                  20003f08    00000400     (.common:ti_sysbios_heaps_HeapMem_Instance_State_0_buf__A)
                  20004308    00000360     (.common:ti_sysbios_family_arm_m3_Hwi_dispatchTable)
                  20004668    00000120     rtsv7M4_T_le_v4SPD16_eabi.lib : trgmsg.obj (.bss:_CIOBUF_)
                  20004788    00000080     (.common:xdc_runtime_SysMin_Module_State_0_outbuf__A)
                  20004808    00000050     (.common:block)
                  20004858    00000040     (.common:hit)
                  20004898    00000008                                   : trgdrv.obj (.bss:parmbuf)
                  200048a0    00000008     (.common:tempSmall)
                  200048a8    00000004     (.common:ballXMapInt)
                  200048ac    00000004     (.common:baseName)
                  200048b0    00000004     (.common:latency)
                  200048b4    00000004     (.common:lifeCountTemp)
                  200048b8    00000004     (.common:mdelay)
                  200048bc    00000004     (.common:ndelay)
                  200048c0    00000004     (.common:paddleXPos)
                  200048c4    00000004     (.common:paddleXPrev)
                  200048c8    00000004     (.common:pinName)
                  200048cc    00000004     (.common:scoreInt)
                  200048d0    00000004     (.common:score_str)
                  200048d4    00000004     (.common:specialTimeCount)
                  200048d8    00000004     (.common:tickCount)
                  200048dc    00000004     (.common:ui32ADC0Value)
                  200048e0    00000004     (.common:ui32Period1)
                  200048e4    00000004     (.common:ui32Period2)
                  200048e8    00000004     (.common:ui32Period5)
                  200048ec    00000004     (.common:userTickCount)
                  200048f0    00000001     (.common:ballXPos)
                  200048f1    00000001     (.common:ballXPrev)
                  200048f2    00000001     (.common:ballYPos)
                  200048f3    00000001     (.common:ballYPrev)
                  200048f4    00000001     (.common:cursorPos)
                  200048f5    00000001     (.common:difficulty)
                  200048f6    00000001     (.common:gameplayChange)
                  200048f7    00000001     (.common:holder)
                  200048f8    00000001     (.common:ui8XAxisAvg)
                  200048f9    00000001     (.common:victoryCheck)

.stack     0    200048fc    00000300     UNINITIALIZED
                  200048fc    00000300     --HOLE--

.bootVecs 
*          0    00000000    00000008     DSECT
                  00000000    00000008     boot.aem4f : boot.oem4f (.bootVecs)

.vecs      0    20000000    00000360     UNINITIALIZED
                  20000000    00000360     game_pem4f.oem4f (.vecs)

xdc.meta   0    00000000    000000e1     COPY SECTION
                  00000000    000000e1     game_pem4f.oem4f (xdc.meta)

MODULE SUMMARY

       Module                     code    ro data   rw data
       ------                     ----    -------   -------
    ./
       game.obj                   3584    0         142    
    +--+--------------------------+-------+---------+---------+
       Total:                     3584    0         142    
                                                           
    ./Console/
       consoleInit.obj            1840    0         25     
       gameDisplay.obj            1628    0         80     
       tones.obj                  1634    0         0      
       glcd.obj                   1108    0         9      
       characterset.obj           0       1024      0      
    +--+--------------------------+-------+---------+---------+
       Total:                     6210    1024      114    
                                                           
    ./Objects/
       gameObjects.obj            0       0         168    
    +--+--------------------------+-------+---------+---------+
       Total:                     0       0         168    
                                                           
    ./Screens/
       gameScreens.obj            1686    0         12292  
    +--+--------------------------+-------+---------+---------+
       Total:                     1686    0         12292  
                                                           
    /Users/AxRox/TIVA_Workspace/BREAKOUT_BETA/Debug/configPkg/package/cfg/
       game_pem4f.oem4f           1446    7588      5640   
    +--+--------------------------+-------+---------+---------+
       Total:                     1446    7588      5640   
                                                           
    /Applications/ti/ccsv7/tools/compiler/ti-cgt-arm_16.9.1.LTS/lib/rtsv7M4_T_le_v4SPD16_eabi.lib
       trgdrv.obj                 804     0         8      
       trgmsg.obj                 104     0         288    
       memcpy_t2.obj              156     0         0      
       memset_t2.obj              122     0         0      
       copy_decompress_lzss.obj   104     0         0      
       exit.obj                   84      0         12     
       rand.obj                   76      0         4      
       cpy_tbl.obj                76      0         0      
       u_divt2.obj                64      0         0      
       _lock.obj                  20      0         8      
       args_main.obj              24      0         0      
       strcpy.obj                 20      0         0      
       strlen.obj                 20      0         0      
       copy_decompress_none.obj   14      0         0      
       time.obj                   14      0         0      
       copy_zero_init.obj         12      0         0      
       stkdepth_vars.obj          0       0         4      
       i_div0.obj                 2       0         0      
    +--+--------------------------+-------+---------+---------+
       Total:                     1716    0         324    
                                                           
    /Users/AxRox/TIVA_Workspace/BREAKOUT_BETA/src/sysbios/sysbios.aem4f
       BIOS.obj                   10128   0         0      
       m3_Hwi_asm.obj             314     0         0      
       m3_TaskSupport_asm.obj     180     0         0      
       m3_Hwi_asm_switch.obj      118     0         0      
    +--+--------------------------+-------+---------+---------+
       Total:                     10740   0         0      
                                                           
    /Users/AxRox/ti/tirtos_tivac_2_16_00_08/products/TivaWare_C_Series-2.1.1.71b/driverlib/ccs/Debug/driverlib.lib
       gpio.obj                   376     0         0      
       adc.obj                    308     0         0      
       sysctl.obj                 52      0         0      
    +--+--------------------------+-------+---------+---------+
       Total:                     736     0         0      
                                                           
    /Users/AxRox/ti/tirtos_tivac_2_16_00_08/products/bios_6_45_01_29/packages/ti/catalog/arm/cortexm4/tiva/ce/lib/Boot.aem4f
       Boot_sysctl.oem4f          262     0         0      
       Boot.oem4f                 152     0         0      
    +--+--------------------------+-------+---------+---------+
       Total:                     414     0         0      
                                                           
    /Users/AxRox/ti/tirtos_tivac_2_16_00_08/products/bios_6_45_01_29/packages/ti/targets/arm/rtsarm/lib/auto_init.aem4f
       auto_init.oem4f            160     0         0      
    +--+--------------------------+-------+---------+---------+
       Total:                     160     0         0      
                                                           
    /Users/AxRox/ti/tirtos_tivac_2_16_00_08/products/bios_6_45_01_29/packages/ti/targets/arm/rtsarm/lib/boot.aem4f
       boot.oem4f                 88      0         0      
    +--+--------------------------+-------+---------+---------+
       Total:                     88      0         0      
                                                           
    /Users/AxRox/ti/tirtos_tivac_2_16_00_08/products/bios_6_45_01_29/packages/ti/targets/arm/rtsarm/lib/ti.targets.arm.rtsarm.aem4f
       System.oem4f               1255    0         0      
       Text.oem4f                 672     0         0      
       Error.oem4f                524     0         0      
       Core-mem.oem4f             358     0         0      
       Startup.oem4f              328     0         0      
       SysMin.oem4f               248     0         0      
       Core-smem.oem4f            204     0         0      
       Memory.oem4f               176     0         0      
       Assert.oem4f               84      0         0      
       Core-params.oem4f          70      0         0      
       Core-label.oem4f           52      0         0      
       Registry.oem4f             32      0         0      
       Gate.oem4f                 28      0         0      
    +--+--------------------------+-------+---------+---------+
       Total:                     4031    0         0      
                                                           
       Stack:                     0       0         768    
       Linker Generated:          0       2424      0      
    +--+--------------------------+-------+---------+---------+
       Grand Total:               30811   11036     19448  


LINKER GENERATED COPY TABLES

__TI_cinit_table @ 0000a408 records: 3, size/record: 8, table size: 24
	.data: load addr=00009aa8, load size=00000944 bytes, run addr=20000360, run size=000035a8 bytes, compression=lzss
	.bss: load addr=0000a3f8, load size=00000008 bytes, run addr=20003908, run size=00000ff2 bytes, compression=zero_init
	.vecs: load addr=0000a400, load size=00000008 bytes, run addr=20000000, run size=00000360 bytes, compression=zero_init


LINKER GENERATED HANDLER TABLE

__TI_handler_table @ 0000a3ec records: 3, size/record: 4, table size: 12
	index: 0, handler: __TI_decompress_lzss
	index: 1, handler: __TI_decompress_none
	index: 2, handler: __TI_zero_init


GLOBAL SYMBOLS: SORTED ALPHABETICALLY BY Name 

address   name                                                              
-------   ----                                                              
000078a1  ADCIntClear                                                       
00006e49  ADCIntStatus                                                      
000074fd  ADCProcessorTrigger                                               
000067f9  ADCSequenceConfigure                                              
000072f1  ADCSequenceDataGet                                                
000077b9  ADCSequenceEnable                                                 
000052cd  ADCSequenceStepConfigure                                          
00006151  C$$EXIT                                                           
00005a73  C$$IO$$                                                           
00006f29  GPIODirModeSet                                                    
00003625  GPIOPadConfigSet                                                  
000078d9  GPIOPinRead                                                       
000076ad  GPIOPinTypeADC                                                    
000078df  GPIOPinWrite                                                      
00001c7f  HOSTclock                                                         
00001c47  HOSTclose                                                         
00001c09  HOSTgetenv                                                        
00001bad  HOSTlseek                                                         
00001b5b  HOSTopen                                                          
00001b0f  HOSTread                                                          
00001ab1  HOSTrename                                                        
00001a77  HOSTtime                                                          
00001a29  HOSTtime64                                                        
000019f1  HOSTunlink                                                        
000019a5  HOSTwrite                                                         
UNDEFED   SHT$$INIT_ARRAY$$Base                                             
UNDEFED   SHT$$INIT_ARRAY$$Limit                                            
00006a89  SysCtlPeripheralEnable                                            
00009884  Timer1A_ISR                                                       
000053c1  Timer1_ISR                                                        
00009880  Timer2A_ISR                                                       
00005f9d  Timer2_ISR                                                        
00000000  __ASM__                                                           
20004668  __CIOBUF_                                                         
0000005f  __ISA__                                                           
00000072  __PLAT__                                                          
20004bfc  __STACK_END                                                       
00000300  __STACK_SIZE                                                      
00000093  __TARG__                                                          
0000a408  __TI_CINIT_Base                                                   
0000a420  __TI_CINIT_Limit                                                  
0000a3ec  __TI_Handler_Table_Base                                           
0000a3f8  __TI_Handler_Table_Limit                                          
00004b69  __TI_auto_init                                                    
20003848  __TI_cleanup_ptr                                                  
0000590d  __TI_decompress_lzss                                              
000077c7  __TI_decompress_none                                              
2000384c  __TI_dtors_ptr                                                    
20003850  __TI_enable_exit_profile_output                                   
ffffffff  __TI_pprof_out_hndl                                               
ffffffff  __TI_prof_data_size                                               
ffffffff  __TI_prof_data_start                                              
00005a77  __TI_readmsg                                                      
00009aa8  __TI_static_base__                                                
00005a45  __TI_writemsg                                                     
00007829  __TI_zero_init                                                    
000000b9  __TRDR__                                                          
0000411f  __aeabi_idiv0                                                     
00005347  __aeabi_memclr                                                    
00005347  __aeabi_memclr4                                                   
00005347  __aeabi_memclr8                                                   
00004ca9  __aeabi_memcpy                                                    
00004ca9  __aeabi_memcpy4                                                   
00004ca9  __aeabi_memcpy8                                                   
00005349  __aeabi_memset                                                    
00005349  __aeabi_memset4                                                   
00005349  __aeabi_memset8                                                   
00006779  __aeabi_uidiv                                                     
00006779  __aeabi_uidivmod                                                  
ffffffff  __binit__                                                         
ffffffff  __c_args__                                                        
200048fc  __stack                                                           
000077e3  __time32                                                          
00007515  _args_main                                                        
00005ff5  _c_int00                                                          
00006abd  _init_                                                            
000054b1  _init_ADC                                                         
00002931  _init_GPIO                                                        
000056e9  _init_Interrupt                                                   
00004205  _init_Timer                                                       
2000386c  _lock                                                             
0000762b  _nop                                                              
00007623  _register_lock                                                    
0000761d  _register_unlock                                                  
20003870  _unlock                                                           
00006155  abort                                                             
000091f3  asciiSmall                                                        
20003874  ball0                                                             
2000387c  ball1                                                             
20003884  ball2                                                             
2000388c  ball3                                                             
00003e59  ballDisplay                                                       
20003894  ballInit                                                          
200037c8  ballMovSpeed                                                      
00000041  ballMovement                                                      
200037d3  ballSpeed                                                         
200048a8  ballXMapInt                                                       
200048f0  ballXPos                                                          
200048f1  ballXPrev                                                         
200048f2  ballYPos                                                          
200048f3  ballYPrev                                                         
200048ac  baseName                                                          
000050c1  beep                                                              
ffffffff  binit                                                             
20004808  block                                                             
0000781d  blockBeep                                                         
000026f9  blockClear                                                        
00004035  blockClearSurround                                                
00005aad  blockDisplay                                                      
200037d5  block_easyv2                                                      
200037e5  block_hardv2                                                      
200037f5  block_magic1v2                                                    
20003805  block_magic2v2                                                    
20003815  block_medv2                                                       
000062e9  copy_in                                                           
20000360  creditsScreen                                                     
00005145  cursorDisplay                                                     
200048f4  cursorPos                                                         
000045e5  detectKeyPress                                                    
200048f5  difficulty                                                        
200037d4  direction                                                         
00000ee1  displayOutput                                                     
00009870  displayOutputSem                                                  
00009878  displayOutputTask                                                 
00004121  displaySmallText                                                  
000075f1  entryBeep                                                         
0000615d  exit                                                              
000060fd  gameOverMusic                                                     
20000760  gameOverScreen                                                    
000005c1  gameScreen                                                        
0000386d  gameScreenRefresh                                                 
200048f6  gameplayChange                                                    
200037d2  gameplayMode                                                      
00005f41  glcd_clearDisplay                                                 
00006837  glcd_clearRow                                                     
00005975  glcd_cmd                                                          
000059dd  glcd_data                                                         
0000524d  glcd_init                                                         
00005d09  glcd_setColumn                                                    
0000646d  glcd_setPage                                                      
00005599  glcd_write                                                        
20004858  hit                                                               
200048f7  holder                                                            
200048b0  latency                                                           
00005439  ledOFF                                                            
200037c4  lifeCount                                                         
200048b4  lifeCountTemp                                                     
00006935  main                                                              
200038f0  main_func_sp                                                      
200048b8  mdelay                                                            
00004ca9  memcpy                                                            
0000534f  memset                                                            
200037d1  menuMode                                                          
20000b60  menuScreen                                                        
0000696d  micros                                                            
00006af1  millis                                                            
200037d0  mode                                                              
0000732d  motorOFF                                                          
00007349  motorON                                                           
200048bc  ndelay                                                            
20000f60  oneLifeScreen                                                     
00007759  osi_TaskDisable                                                   
000076f9  osi_start                                                         
20003825  paddle                                                            
[...]
000097b0  ti_sysbios_gates_GateHwi_Object__DESC__C                          
000097d0  ti_sysbios_gates_GateMutex_Object__DESC__C                        
000097f0  ti_sysbios_heaps_HeapMem_Object__DESC__C                          
00009810  ti_sysbios_knl_Queue_Object__DESC__C                              
00009830  ti_sysbios_knl_Semaphore_Object__DESC__C                          
00009850  xdc_runtime_Startup_sfxnTab__A                                    
00009870  displayOutputSem                                                  
00009874  readInputSem                                                      
00009878  displayOutputTask                                                 
0000987c  readInputTask                                                     
00009880  Timer2A_ISR                                                       
00009884  Timer1A_ISR                                                       
00009888  ti_sysbios_gates_GateHwi_Object__PARAMS__C                        
000098a0  ti_sysbios_gates_GateMutex_Object__PARAMS__C                      
000098b8  ti_sysbios_knl_Queue_Object__PARAMS__C                            
000098d0  xdc_runtime_Startup_firstFxns__A                                  
000098e4  xdc_runtime_Startup_sfxnRts__A                                    
000098f4  ti_sysbios_family_arm_m3_Hwi_excHookFuncs__A                      
000098fc  ti_sysbios_knl_Idle_funcList__C                                   
00009904  xdc_runtime_Startup_firstFxns__C                                  
0000990c  xdc_runtime_Startup_lastFxns__C                                   
00009914  ti_catalog_arm_cortexm4_tiva_ce_Boot_A_mustUseEnhancedClockMode__C
00009918  ti_catalog_arm_cortexm4_tiva_ce_Boot_Module__diagsEnabled__C      
0000991c  ti_catalog_arm_cortexm4_tiva_ce_Boot_Module__diagsIncluded__C     
00009920  ti_catalog_arm_cortexm4_tiva_ce_Boot_Module__diagsMask__C         
00009924  ti_sysbios_family_arm_lm4_Timer_enableFunc__C                     
00009928  ti_sysbios_family_arm_lm4_Timer_numTimerDevices__C                
0000992c  ti_sysbios_family_arm_lm4_Timer_startupNeeded__C                  
00009930  ti_sysbios_family_arm_m3_Hwi_E_NMI__C                             
00009934  ti_sysbios_family_arm_m3_Hwi_E_busFault__C                        
00009938  ti_sysbios_family_arm_m3_Hwi_E_debugMon__C                        
0000993c  ti_sysbios_family_arm_m3_Hwi_E_hardFault__C                       
00009940  ti_sysbios_family_arm_m3_Hwi_E_memFault__C                        
00009944  ti_sysbios_family_arm_m3_Hwi_E_noIsr__C                           
00009948  ti_sysbios_family_arm_m3_Hwi_E_reserved__C                        
0000994c  ti_sysbios_family_arm_m3_Hwi_E_svCall__C                          
00009950  ti_sysbios_family_arm_m3_Hwi_E_usageFault__C                      
00009954  ti_sysbios_family_arm_m3_Hwi_NUM_INTERRUPTS__C                    
00009958  ti_sysbios_family_arm_m3_Hwi_Object__count__C                     
0000995c  ti_sysbios_family_arm_m3_Hwi_ccr__C                               
00009960  ti_sysbios_family_arm_m3_Hwi_excHandlerFunc__C                    
00009964  ti_sysbios_family_arm_m3_Hwi_excHookFuncs__C                      
00009968  ti_sysbios_family_arm_m3_Hwi_nullIsrFunc__C                       
0000996c  ti_sysbios_family_arm_m3_Hwi_priGroup__C                          
00009970  ti_sysbios_gates_GateMutex_A_badContext__C                        
00009974  ti_sysbios_gates_GateMutex_Instance_State_sem__O                  
00009978  ti_sysbios_gates_GateMutex_Module__diagsEnabled__C                
0000997c  ti_sysbios_gates_GateMutex_Module__diagsIncluded__C               
00009980  ti_sysbios_gates_GateMutex_Module__diagsMask__C                   
00009984  ti_sysbios_hal_Hwi_E_stackOverflow__C                             
00009988  ti_sysbios_heaps_HeapMem_A_align__C                               
0000998c  ti_sysbios_heaps_HeapMem_A_heapSize__C                            
00009990  ti_sysbios_heaps_HeapMem_A_invalidFree__C                         
00009994  ti_sysbios_heaps_HeapMem_A_zeroBlock__C                           
00009998  ti_sysbios_heaps_HeapMem_E_memory__C                              
0000999c  ti_sysbios_heaps_HeapMem_Module__diagsEnabled__C                  
000099a0  ti_sysbios_heaps_HeapMem_Module__diagsIncluded__C                 
000099a4  ti_sysbios_heaps_HeapMem_Module__diagsMask__C                     
000099a8  ti_sysbios_heaps_HeapMem_Module__gateObj__C                       
000099ac  ti_sysbios_heaps_HeapMem_Object__count__C                         
000099b0  ti_sysbios_heaps_HeapMem_reqAlign__C                              
000099b4  ti_sysbios_knl_Clock_Module_State_clockQ__O                       
000099b8  ti_sysbios_knl_Idle_funcList__A                                   
000099bc  ti_sysbios_knl_Semaphore_A_badContext__C                          
000099c0  ti_sysbios_knl_Semaphore_A_noEvents__C                            
000099c4  ti_sysbios_knl_Semaphore_A_overflow__C                            
000099c8  ti_sysbios_knl_Semaphore_A_pendTaskDisabled__C                    
000099cc  ti_sysbios_knl_Semaphore_Instance_State_pendQ__O                  
000099d0  ti_sysbios_knl_Semaphore_Module__diagsEnabled__C                  
000099d4  ti_sysbios_knl_Semaphore_Module__diagsIncluded__C                 
000099d8  ti_sysbios_knl_Semaphore_Module__diagsMask__C                     
000099dc  ti_sysbios_knl_Swi_Object__count__C                               
000099e0  ti_sysbios_knl_Task_E_spOutOfBounds__C                            
000099e4  ti_sysbios_knl_Task_E_stackOverflow__C                            
000099e8  ti_sysbios_knl_Task_Module_State_inactiveQ__O                     
000099ec  ti_sysbios_knl_Task_Object__count__C                              
000099f0  ti_sysbios_knl_Task_allBlockedFunc__C                             
000099f4  ti_sysbios_knl_Task_numConstructedTasks__C                        
000099f8  xdc_runtime_Assert_E_assertFailed__C                              
000099fc  xdc_runtime_Core_A_initializedParams__C                           
00009a00  xdc_runtime_Core_Module__diagsEnabled__C                          
00009a04  xdc_runtime_Core_Module__diagsIncluded__C                         
00009a08  xdc_runtime_Core_Module__diagsMask__C                             
00009a0c  xdc_runtime_Error_E_memory__C                                     
00009a10  xdc_runtime_Error_Module__diagsEnabled__C                         
00009a14  xdc_runtime_Error_Module__diagsIncluded__C                        
00009a18  xdc_runtime_Error_Module__diagsMask__C                            
00009a1c  xdc_runtime_Error_Module__loggerFxn8__C                           
00009a20  xdc_runtime_Error_Module__loggerObj__C                            
00009a24  xdc_runtime_Error_policyFxn__C                                    
00009a28  xdc_runtime_Error_raiseHook__C                                    
00009a2c  xdc_runtime_IGateProvider_Interface__BASE__C                      
00009a30  xdc_runtime_IHeap_Interface__BASE__C                              
00009a34  xdc_runtime_IModule_Interface__BASE__C                            
00009a38  xdc_runtime_Log_L_error__C                                        
00009a3c  xdc_runtime_Memory_defaultHeapInstance__C                         
00009a40  xdc_runtime_Startup_execImpl__C                                   
00009a44  xdc_runtime_Startup_maxPasses__C                                  
00009a48  xdc_runtime_Startup_sfxnRts__C                                    
00009a4c  xdc_runtime_Startup_sfxnTab__C                                    
00009a50  xdc_runtime_SysMin_bufSize__C                                     
00009a54  xdc_runtime_SysMin_outputFunc__C                                  
00009a58  xdc_runtime_System_Module__gateObj__C                             
00009a5c  xdc_runtime_System_abortFxn__C                                    
00009a60  xdc_runtime_System_exitFxn__C                                     
00009a64  xdc_runtime_System_extendFxn__C                                   
00009a68  xdc_runtime_System_maxAtexitHandlers__C                           
00009a6c  xdc_runtime_Text_charTab__C                                       
00009a70  xdc_runtime_Text_nameEmpty__C                                     
00009a74  xdc_runtime_Text_nameStatic__C                                    
00009a78  xdc_runtime_Text_nameUnknown__C                                   
00009a7c  xdc_runtime_Text_nodeTab__C                                       
00009a80  xdc_runtime_Text_visitRopeFxn__C                                  
00009a84  ti_catalog_arm_cortexm4_tiva_ce_Boot_Module__id__C                
00009a86  ti_sysbios_family_arm_m3_Hwi_Module__id__C                        
00009a88  ti_sysbios_gates_GateMutex_Module__id__C                          
00009a8a  ti_sysbios_hal_Hwi_Module__id__C                                  
00009a8c  ti_sysbios_heaps_HeapMem_Module__id__C                            
00009a8e  ti_sysbios_knl_Semaphore_Module__id__C                            
00009a90  ti_sysbios_knl_Task_Module__id__C                                 
00009a92  xdc_runtime_Core_Module__id__C                                    
00009a94  xdc_runtime_Error_Module__loggerDefined__C                        
00009a96  xdc_runtime_Error_maxDepth__C                                     
00009a98  xdc_runtime_Memory_Module__id__C                                  
00009a9a  xdc_runtime_SysMin_flushAtExit__C                                 
00009a9c  xdc_runtime_Text_charCnt__C                                       
00009a9e  xdc_runtime_Text_isLoaded__C                                      
00009aa0  xdc_runtime_Text_registryModsLastId__C                            
00009aa2  xdc_runtime_Text_unnamedModsLastId__C                             
00009aa8  __TI_static_base__                                                
0000a3ec  __TI_Handler_Table_Base                                           
0000a3f8  __TI_Handler_Table_Limit                                          
0000a408  __TI_CINIT_Base                                                   
0000a420  __TI_CINIT_Limit                                                  
20000000  ti_sysbios_family_arm_m3_Hwi_ramVectors                           
20000360  creditsScreen                                                     
20000760  gameOverScreen                                                    
20000b60  menuScreen                                                        
20000f60  oneLifeScreen                                                     
20001360  settingsScreen                                                    
20001760  threeLivesScreen                                                  
20001b60  titleScreen                                                       
20001f60  twoLivesScreen                                                    
20002360  victoryScreen1                                                    
20002760  victoryScreen2                                                    
20002b60  victoryScreen3                                                    
20002f60  victoryScreen4                                                    
20003360  ti_sysbios_knl_Task_Object__table__V                              
20003444  ti_sysbios_knl_Swi_Module_State_0_readyQ__A                       
200034c4  ti_sysbios_knl_Task_Module_State_0_readyQ__A                      
20003544  ti_sysbios_family_arm_m3_Hwi_Object__table__V                     
2000358c  ti_sysbios_knl_Task_Module__state__V                              
200035d0  ti_sysbios_family_arm_lm4_Timer_Object__table__V                  
20003610  ti_sysbios_gates_GateMutex_Object__table__V                       
20003648  ti_sysbios_family_arm_m3_Hwi_Module__state__V                     
2000367c  ti_sysbios_family_arm_lm4_Timer_Module_State_0_device__A          
200036ac  ti_sysbios_knl_Swi_Object__table__V                               
200036dc  ti_sysbios_knl_Clock_Module__state__V                             
20003708  ti_sysbios_knl_Semaphore_Object__table__V                         
20003730  ti_sysbios_BIOS_Module__state__V                                  
20003754  paddleSpecial                                                     
20003774  ti_sysbios_knl_Swi_Module__state__V                               
20003790  ti_sysbios_family_arm_lm4_Timer_Module_State_0_handles__A         
200037a8  ti_sysbios_heaps_HeapMem_Object__table__V                         
200037c0  ui8XAxisPrev                                                      
200037c4  lifeCount                                                         
200037c8  ballMovSpeed                                                      
200037cc  paddleSpeed                                                       
200037d0  mode                                                              
200037d1  menuMode                                                          
200037d2  gameplayMode                                                      
200037d3  ballSpeed                                                         
200037d4  direction                                                         
200037d5  block_easyv2                                                      
200037e5  block_hardv2                                                      
200037f5  block_magic1v2                                                    
20003805  block_magic2v2                                                    
20003815  block_medv2                                                       
20003825  paddle                                                            
20003836  ti_sysbios_family_arm_m3_Hwi_Module_State_0_excActive__A          
20003838  ti_sysbios_hal_Hwi_Object__table__V                               
20003848  __TI_cleanup_ptr                                                  
2000384c  __TI_dtors_ptr                                                    
20003850  __TI_enable_exit_profile_output                                   
20003854  ti_sysbios_family_arm_lm4_Timer_Module__state__V                  
20003860  xdc_runtime_SysMin_Module__state__V                               
2000386c  _lock                                                             
20003870  _unlock                                                           
20003874  ball0                                                             
2000387c  ball1                                                             
20003884  ball2                                                             
2000388c  ball3                                                             
20003894  ballInit                                                          
2000389c  ti_sysbios_gates_GateHwi_Module__root__V                          
200038a4  ti_sysbios_gates_GateMutex_Module__root__V                        
200038ac  ti_sysbios_heaps_HeapMem_Module__root__V                          
200038b4  ti_sysbios_knl_Queue_Module__root__V                              
200038bc  ti_sysbios_knl_Semaphore_Module__root__V                          
200038c4  xdc_runtime_Registry_Module__state__V                             
200038cc  xdc_runtime_Startup_Module__state__V                              
200038d4  xdc_runtime_System_Module_State_0_atexitHandlers__A               
200038dc  xdc_runtime_System_Module__state__V                               
200038e4  state                                                             
200038ea  xdc_runtime_Error_Module__state__V                                
200038f0  main_func_sp                                                      
200038f4  ti_sysbios_family_arm_m3_Hwi_Module_State_0_excContext__A         
200038f8  ti_sysbios_family_arm_m3_Hwi_Module_State_0_excStack__A           
200038fc  ti_sysbios_gates_GateHwi_Object__table__V                         
20003900  ti_sysbios_knl_Task_Module_State_0_idleTask__A                    
20003904  xdc_runtime_Memory_Module__state__V                               
20003908  ti_sysbios_knl_Task_Instance_State_0_stack__A                     
20003b08  ti_sysbios_knl_Task_Instance_State_1_stack__A                     
20003d08  ti_sysbios_knl_Task_Instance_State_2_stack__A                     
20003f08  ti_sysbios_heaps_HeapMem_Instance_State_0_buf__A                  
20004308  ti_sysbios_family_arm_m3_Hwi_dispatchTable                        
20004668  __CIOBUF_                                                         
20004788  xdc_runtime_SysMin_Module_State_0_outbuf__A                       
20004808  block                                                             
20004858  hit                                                               
200048a0  tempSmall                                                         
200048a8  ballXMapInt                                                       
200048ac  baseName                                                          
200048b0  latency                                                           
200048b4  lifeCountTemp                                                     
200048b8  mdelay                                                            
200048bc  ndelay                                                            
200048c0  paddleXPos                                                        
200048c4  paddleXPrev                                                       
200048c8  pinName                                                           
200048cc  scoreInt                                                          
200048d0  score_str                                                         
200048d4  specialTimeCount                                                  
200048d8  tickCount                                                         
200048dc  ui32ADC0Value                                                     
200048e0  ui32Period1                                                       
200048e4  ui32Period2                                                       
200048e8  ui32Period5                                                       
200048ec  userTickCount                                                     
200048f0  ballXPos                                                          
200048f1  ballXPrev                                                         
200048f2  ballYPos                                                          
200048f3  ballYPrev                                                         
200048f4  cursorPos                                                         
200048f5  difficulty                                                        
200048f6  gameplayChange                                                    
200048f7  holder                                                            
200048f8  ui8XAxisAvg                                                       
200048f9  victoryCheck                                                      
200048fc  __stack                                                           
20004bfc  __STACK_END                                                       
e000e000  ti_sysbios_family_arm_m3_Hwi_nvic                                 
ffffffff  __TI_pprof_out_hndl                                               
ffffffff  __TI_prof_data_size                                               
ffffffff  __TI_prof_data_start                                              
ffffffff  __binit__                                                         
ffffffff  __c_args__                                                        
ffffffff  binit                                                             
UNDEFED   SHT$$INIT_ARRAY$$Base                                             
UNDEFED   SHT$$INIT_ARRAY$$Limit                                            

[632 symbols]
