<?xml version="1.0"?>
<link_info>
   <banner>TI ARM Linker Unix v16.9.1.LTS</banner>
   <copyright>Copyright (c) 1996-2015 Texas Instruments Incorporated</copyright>
   <link_time>0x592ea78f</link_time>
   <link_errors>0x0</link_errors>
   <output_file>Lab_3.out</output_file>
   <entry_point>
      <name>_c_int00</name>
      <address>0xf5d</address>
   </entry_point>
   <input_file_list>
      <input_file id="fl-2">
         <path>./</path>
         <kind>object</kind>
         <file>main.obj</file>
         <name>main.obj</name>
      </input_file>
      <input_file id="fl-3">
         <path>./</path>
         <kind>object</kind>
         <file>tm4c123gh6pm_startup_ccs.obj</file>
         <name>tm4c123gh6pm_startup_ccs.obj</name>
      </input_file>
      <input_file id="fl-9">
         <path>/Applications/ti/SW-TM4C-2.1.2.111/driverlib/ccs/Debug/</path>
         <kind>archive</kind>
         <file>driverlib.lib</file>
         <name>gpio.obj</name>
      </input_file>
      <input_file id="fl-a">
         <path>/Applications/ti/SW-TM4C-2.1.2.111/driverlib/ccs/Debug/</path>
         <kind>archive</kind>
         <file>driverlib.lib</file>
         <name>interrupt.obj</name>
      </input_file>
      <input_file id="fl-b">
         <path>/Applications/ti/SW-TM4C-2.1.2.111/driverlib/ccs/Debug/</path>
         <kind>archive</kind>
         <file>driverlib.lib</file>
         <name>pwm.obj</name>
      </input_file>
      <input_file id="fl-c">
         <path>/Applications/ti/SW-TM4C-2.1.2.111/driverlib/ccs/Debug/</path>
         <kind>archive</kind>
         <file>driverlib.lib</file>
         <name>sysctl.obj</name>
      </input_file>
      <input_file id="fl-d">
         <path>/Applications/ti/SW-TM4C-2.1.2.111/driverlib/ccs/Debug/</path>
         <kind>archive</kind>
         <file>driverlib.lib</file>
         <name>timer.obj</name>
      </input_file>
      <input_file id="fl-e">
         <path>/Applications/ti/SW-TM4C-2.1.2.111/driverlib/ccs/Debug/</path>
         <kind>archive</kind>
         <file>driverlib.lib</file>
         <name>cpu.obj</name>
      </input_file>
      <input_file id="fl-c4">
         <path>/Applications/ti/ccsv7/tools/compiler/ti-cgt-arm_16.9.1.LTS/lib/</path>
         <kind>archive</kind>
         <file>rtsv7M4_T_le_v4SPD16_eabi.lib</file>
         <name>boot.obj</name>
      </input_file>
      <input_file id="fl-c5">
         <path>/Applications/ti/ccsv7/tools/compiler/ti-cgt-arm_16.9.1.LTS/lib/</path>
         <kind>archive</kind>
         <file>rtsv7M4_T_le_v4SPD16_eabi.lib</file>
         <name>copy_decompress_lzss.obj</name>
      </input_file>
      <input_file id="fl-c6">
         <path>/Applications/ti/ccsv7/tools/compiler/ti-cgt-arm_16.9.1.LTS/lib/</path>
         <kind>archive</kind>
         <file>rtsv7M4_T_le_v4SPD16_eabi.lib</file>
         <name>copy_decompress_none.obj</name>
      </input_file>
      <input_file id="fl-c7">
         <path>/Applications/ti/ccsv7/tools/compiler/ti-cgt-arm_16.9.1.LTS/lib/</path>
         <kind>archive</kind>
         <file>rtsv7M4_T_le_v4SPD16_eabi.lib</file>
         <name>copy_zero_init.obj</name>
      </input_file>
      <input_file id="fl-c8">
         <path>/Applications/ti/ccsv7/tools/compiler/ti-cgt-arm_16.9.1.LTS/lib/</path>
         <kind>archive</kind>
         <file>rtsv7M4_T_le_v4SPD16_eabi.lib</file>
         <name>exit.obj</name>
      </input_file>
      <input_file id="fl-c9">
         <path>/Applications/ti/ccsv7/tools/compiler/ti-cgt-arm_16.9.1.LTS/lib/</path>
         <kind>archive</kind>
         <file>rtsv7M4_T_le_v4SPD16_eabi.lib</file>
         <name>memcpy_t2.obj</name>
      </input_file>
      <input_file id="fl-ca">
         <path>/Applications/ti/ccsv7/tools/compiler/ti-cgt-arm_16.9.1.LTS/lib/</path>
         <kind>archive</kind>
         <file>rtsv7M4_T_le_v4SPD16_eabi.lib</file>
         <name>memset_t2.obj</name>
      </input_file>
      <input_file id="fl-cb">
         <path>/Applications/ti/ccsv7/tools/compiler/ti-cgt-arm_16.9.1.LTS/lib/</path>
         <kind>archive</kind>
         <file>rtsv7M4_T_le_v4SPD16_eabi.lib</file>
         <name>mpu_init.obj</name>
      </input_file>
      <input_file id="fl-cc">
         <path>/Applications/ti/ccsv7/tools/compiler/ti-cgt-arm_16.9.1.LTS/lib/</path>
         <kind>archive</kind>
         <file>rtsv7M4_T_le_v4SPD16_eabi.lib</file>
         <name>pre_init.obj</name>
      </input_file>
      <input_file id="fl-cd">
         <path>/Applications/ti/ccsv7/tools/compiler/ti-cgt-arm_16.9.1.LTS/lib/</path>
         <kind>archive</kind>
         <file>rtsv7M4_T_le_v4SPD16_eabi.lib</file>
         <name>stkdepth_vars.obj</name>
      </input_file>
      <input_file id="fl-ce">
         <path>/Applications/ti/ccsv7/tools/compiler/ti-cgt-arm_16.9.1.LTS/lib/</path>
         <kind>archive</kind>
         <file>rtsv7M4_T_le_v4SPD16_eabi.lib</file>
         <name>_lock.obj</name>
      </input_file>
      <input_file id="fl-cf">
         <path>/Applications/ti/ccsv7/tools/compiler/ti-cgt-arm_16.9.1.LTS/lib/</path>
         <kind>archive</kind>
         <file>rtsv7M4_T_le_v4SPD16_eabi.lib</file>
         <name>args_main.obj</name>
      </input_file>
      <input_file id="fl-d0">
         <path>/Applications/ti/ccsv7/tools/compiler/ti-cgt-arm_16.9.1.LTS/lib/</path>
         <kind>archive</kind>
         <file>rtsv7M4_T_le_v4SPD16_eabi.lib</file>
         <name>autoinit.obj</name>
      </input_file>
      <input_file id="fl-d1">
         <path>/Applications/ti/ccsv7/tools/compiler/ti-cgt-arm_16.9.1.LTS/lib/</path>
         <kind>archive</kind>
         <file>rtsv7M4_T_le_v4SPD16_eabi.lib</file>
         <name>cpy_tbl.obj</name>
      </input_file>
      <input_file id="fl-d2">
         <path>/Applications/ti/ccsv7/tools/compiler/ti-cgt-arm_16.9.1.LTS/lib/</path>
         <kind>archive</kind>
         <file>rtsv7M4_T_le_v4SPD16_eabi.lib</file>
         <name>startup.obj</name>
      </input_file>
   </input_file_list>
   <object_component_list>
      <object_component id="oc-f">
         <name>.intvecs</name>
         <load_address>0x0</load_address>
         <run_address>0x0</run_address>
         <size>0x26c</size>
         <input_file_ref idref="fl-3"/>
      </object_component>
      <object_component id="oc-31">
         <name>.text</name>
         <load_address>0x26c</load_address>
         <run_address>0x26c</run_address>
         <size>0x700</size>
         <input_file_ref idref="fl-2"/>
      </object_component>
      <object_component id="oc-ec">
         <name>.text:GPIOPadConfigSet</name>
         <load_address>0x96c</load_address>
         <run_address>0x96c</run_address>
         <size>0x132</size>
         <input_file_ref idref="fl-9"/>
      </object_component>
      <object_component id="oc-5d">
         <name>.text</name>
         <load_address>0xa9e</load_address>
         <run_address>0xa9e</run_address>
         <size>0x2</size>
         <input_file_ref idref="fl-cb"/>
      </object_component>
      <object_component id="oc-9e">
         <name>.text:SysCtlClockGet</name>
         <load_address>0xaa0</load_address>
         <run_address>0xaa0</run_address>
         <size>0x110</size>
         <input_file_ref idref="fl-c"/>
      </object_component>
      <object_component id="oc-80">
         <name>.text:SysCtlClockSet</name>
         <load_address>0xbb0</load_address>
         <run_address>0xbb0</run_address>
         <size>0xf4</size>
         <input_file_ref idref="fl-c"/>
      </object_component>
      <object_component id="oc-45">
         <name>.text</name>
         <load_address>0xca4</load_address>
         <run_address>0xca4</run_address>
         <size>0x9c</size>
         <input_file_ref idref="fl-c9"/>
      </object_component>
      <object_component id="oc-51">
         <name>.text</name>
         <load_address>0xd40</load_address>
         <run_address>0xd40</run_address>
         <size>0x7a</size>
         <input_file_ref idref="fl-ca"/>
      </object_component>
      <object_component id="oc-13e">
         <name>.text</name>
         <load_address>0xdba</load_address>
         <run_address>0xdba</run_address>
         <size>0x2</size>
         <input_file_ref idref="fl-d2"/>
      </object_component>
      <object_component id="oc-69">
         <name>.text</name>
         <load_address>0xdbc</load_address>
         <run_address>0xdbc</run_address>
         <size>0x70</size>
         <input_file_ref idref="fl-d0"/>
      </object_component>
      <object_component id="oc-ce">
         <name>.text:IntEnable</name>
         <load_address>0xe2c</load_address>
         <run_address>0xe2c</run_address>
         <size>0x68</size>
         <input_file_ref idref="fl-a"/>
      </object_component>
      <object_component id="oc-12">
         <name>.text:decompress:lzss</name>
         <load_address>0xe94</load_address>
         <run_address>0xe94</run_address>
         <size>0x68</size>
         <input_file_ref idref="fl-c5"/>
      </object_component>
      <object_component id="oc-c2">
         <name>.text:TimerConfigure</name>
         <load_address>0xefc</load_address>
         <run_address>0xefc</run_address>
         <size>0x60</size>
         <input_file_ref idref="fl-d"/>
      </object_component>
      <object_component id="oc-24">
         <name>.text</name>
         <load_address>0xf5c</load_address>
         <run_address>0xf5c</run_address>
         <size>0x54</size>
         <input_file_ref idref="fl-c4"/>
      </object_component>
      <object_component id="oc-75">
         <name>.text</name>
         <load_address>0xfb0</load_address>
         <run_address>0xfb0</run_address>
         <size>0x54</size>
         <input_file_ref idref="fl-c8"/>
      </object_component>
      <object_component id="oc-138">
         <name>.text</name>
         <load_address>0x1004</load_address>
         <run_address>0x1004</run_address>
         <size>0x4c</size>
         <input_file_ref idref="fl-d1"/>
      </object_component>
      <object_component id="oc-92">
         <name>.text:GPIOPinConfigure</name>
         <load_address>0x1050</load_address>
         <run_address>0x1050</run_address>
         <size>0x48</size>
         <input_file_ref idref="fl-9"/>
      </object_component>
      <object_component id="oc-8c">
         <name>.text:SysCtlPeripheralEnable</name>
         <load_address>0x1098</load_address>
         <run_address>0x1098</run_address>
         <size>0x34</size>
         <input_file_ref idref="fl-c"/>
      </object_component>
      <object_component id="oc-e6">
         <name>.text:GPIODirModeSet</name>
         <load_address>0x10cc</load_address>
         <run_address>0x10cc</run_address>
         <size>0x2a</size>
         <input_file_ref idref="fl-9"/>
      </object_component>
      <object_component id="oc-a4">
         <name>.text:PWMGenConfigure</name>
         <load_address>0x10f6</load_address>
         <run_address>0x10f6</run_address>
         <size>0x22</size>
         <input_file_ref idref="fl-b"/>
      </object_component>
      <object_component id="oc-b0">
         <name>.text:PWMPulseWidthSet</name>
         <load_address>0x1118</load_address>
         <run_address>0x1118</run_address>
         <size>0x1e</size>
         <input_file_ref idref="fl-b"/>
      </object_component>
      <object_component id="oc-6f">
         <name>.text</name>
         <load_address>0x1138</load_address>
         <run_address>0x1138</run_address>
         <size>0x18</size>
         <input_file_ref idref="fl-cf"/>
      </object_component>
      <object_component id="oc-86">
         <name>.text:SysCtlPWMClockSet</name>
         <load_address>0x1150</load_address>
         <run_address>0x1150</run_address>
         <size>0x14</size>
         <input_file_ref idref="fl-c"/>
      </object_component>
      <object_component id="oc-1a7">
         <name>.text</name>
         <load_address>0x1164</load_address>
         <run_address>0x1164</run_address>
         <size>0x14</size>
         <input_file_ref idref="fl-ce"/>
      </object_component>
      <object_component id="oc-98">
         <name>.text:GPIOPinTypePWM</name>
         <load_address>0x1178</load_address>
         <run_address>0x1178</run_address>
         <size>0x12</size>
         <input_file_ref idref="fl-9"/>
      </object_component>
      <object_component id="oc-bc">
         <name>.text:PWMOutputState</name>
         <load_address>0x118a</load_address>
         <run_address>0x118a</run_address>
         <size>0x12</size>
         <input_file_ref idref="fl-b"/>
      </object_component>
      <object_component id="oc-c8">
         <name>.text:TimerLoadSet</name>
         <load_address>0x119c</load_address>
         <run_address>0x119c</run_address>
         <size>0x12</size>
         <input_file_ref idref="fl-d"/>
      </object_component>
      <object_component id="oc-da">
         <name>.text:IntMasterEnable</name>
         <load_address>0x11ae</load_address>
         <run_address>0x11ae</run_address>
         <size>0x10</size>
         <input_file_ref idref="fl-a"/>
      </object_component>
      <object_component id="oc-aa">
         <name>.text:PWMGenPeriodSet</name>
         <load_address>0x11be</load_address>
         <run_address>0x11be</run_address>
         <size>0x10</size>
         <input_file_ref idref="fl-b"/>
      </object_component>
      <object_component id="oc-e0">
         <name>.text:TimerEnable</name>
         <load_address>0x11ce</load_address>
         <run_address>0x11ce</run_address>
         <size>0xe</size>
         <input_file_ref idref="fl-d"/>
      </object_component>
      <object_component id="oc-18">
         <name>.text:decompress:none</name>
         <load_address>0x11dc</load_address>
         <run_address>0x11dc</run_address>
         <size>0xe</size>
         <input_file_ref idref="fl-c6"/>
      </object_component>
      <object_component id="oc-170">
         <name>.text:CPUcpsie</name>
         <load_address>0x11ea</load_address>
         <run_address>0x11ea</run_address>
         <size>0xc</size>
         <input_file_ref idref="fl-e"/>
      </object_component>
      <object_component id="oc-b6">
         <name>.text:PWMGenEnable</name>
         <load_address>0x11f6</load_address>
         <run_address>0x11f6</run_address>
         <size>0xc</size>
         <input_file_ref idref="fl-b"/>
      </object_component>
      <object_component id="oc-1e">
         <name>.text:decompress:ZI</name>
         <load_address>0x1202</load_address>
         <run_address>0x1202</run_address>
         <size>0xc</size>
         <input_file_ref idref="fl-c7"/>
      </object_component>
      <object_component id="oc-2b">
         <name>.text</name>
         <load_address>0x120e</load_address>
         <run_address>0x120e</run_address>
         <size>0xc</size>
         <input_file_ref idref="fl-3"/>
      </object_component>
      <object_component id="oc-d4">
         <name>.text:TimerIntEnable</name>
         <load_address>0x121a</load_address>
         <run_address>0x121a</run_address>
         <size>0x8</size>
         <input_file_ref idref="fl-d"/>
      </object_component>
      <object_component id="oc-f2">
         <name>.text:GPIOPinRead</name>
         <load_address>0x1222</load_address>
         <run_address>0x1222</run_address>
         <size>0x6</size>
         <input_file_ref idref="fl-9"/>
      </object_component>
      <object_component id="oc-f8">
         <name>.text:SysCtlDelay</name>
         <load_address>0x1228</load_address>
         <run_address>0x1228</run_address>
         <size>0x6</size>
         <input_file_ref idref="fl-c"/>
      </object_component>
      <object_component id="oc-10a">
         <name>.text:TimerIntClear</name>
         <load_address>0x122e</load_address>
         <run_address>0x122e</run_address>
         <size>0x4</size>
         <input_file_ref idref="fl-d"/>
      </object_component>
      <object_component id="oc-63">
         <name>.text</name>
         <load_address>0x1232</load_address>
         <run_address>0x1232</run_address>
         <size>0x4</size>
         <input_file_ref idref="fl-cc"/>
      </object_component>
      <object_component id="oc-157">
         <name>.const:g_pui32GPIOBaseAddrs</name>
         <load_address>0x1238</load_address>
         <run_address>0x1238</run_address>
         <size>0x90</size>
         <input_file_ref idref="fl-9"/>
      </object_component>
      <object_component id="oc-16a">
         <name>.const</name>
         <load_address>0x12c8</load_address>
         <run_address>0x12c8</run_address>
         <size>0x70</size>
         <input_file_ref idref="fl-a"/>
      </object_component>
      <object_component id="oc-15d">
         <name>.const:g_pui32Xtals</name>
         <load_address>0x1338</load_address>
         <run_address>0x1338</run_address>
         <size>0x6c</size>
         <input_file_ref idref="fl-c"/>
      </object_component>
      <object_component id="oc-1f9">
         <name>.cinit..data.load</name>
         <load_address>0x13a8</load_address>
         <run_address>0x13a8</run_address>
         <size>0x1d</size>
      </object_component>
      <object_component id="oc-1f7">
         <name>__TI_handler_table</name>
         <load_address>0x13c8</load_address>
         <run_address>0x13c8</run_address>
         <size>0xc</size>
      </object_component>
      <object_component id="oc-1fa">
         <name>.cinit..bss.load</name>
         <load_address>0x13d8</load_address>
         <run_address>0x13d8</run_address>
         <size>0x8</size>
      </object_component>
      <object_component id="oc-1f8">
         <name>__TI_cinit_table</name>
         <load_address>0x13e0</load_address>
         <run_address>0x13e0</run_address>
         <size>0x10</size>
      </object_component>
      <object_component id="oc-fd">
         <name>.data</name>
         <load_address>0x20000200</load_address>
         <run_address>0x20000200</run_address>
         <size>0xd</size>
         <input_file_ref idref="fl-2"/>
      </object_component>
      <object_component id="oc-104">
         <name>.data:flag</name>
         <load_address>0x2000022c</load_address>
         <run_address>0x2000022c</run_address>
         <size>0x8</size>
         <input_file_ref idref="fl-2"/>
      </object_component>
      <object_component id="oc-110">
         <name>.data:singlePressFlag</name>
         <load_address>0x20000234</load_address>
         <run_address>0x20000234</run_address>
         <size>0x8</size>
         <input_file_ref idref="fl-2"/>
      </object_component>
      <object_component id="oc-107">
         <name>.data:doublePressFlag</name>
         <load_address>0x20000224</load_address>
         <run_address>0x20000224</run_address>
         <size>0x8</size>
         <input_file_ref idref="fl-2"/>
      </object_component>
      <object_component id="oc-101">
         <name>.data:state</name>
         <load_address>0x2000020d</load_address>
         <run_address>0x2000020d</run_address>
         <size>0x2</size>
         <input_file_ref idref="fl-2"/>
      </object_component>
      <object_component id="oc-148">
         <name>.data:$O1$$</name>
         <load_address>0x20000210</load_address>
         <run_address>0x20000210</run_address>
         <size>0xc</size>
         <input_file_ref idref="fl-c8"/>
      </object_component>
      <object_component id="oc-7b">
         <name>.data</name>
         <load_address>0x2000023c</load_address>
         <run_address>0x2000023c</run_address>
         <size>0x4</size>
         <input_file_ref idref="fl-cd"/>
      </object_component>
      <object_component id="oc-14b">
         <name>.data:$O1$$</name>
         <load_address>0x2000021c</load_address>
         <run_address>0x2000021c</run_address>
         <size>0x8</size>
         <input_file_ref idref="fl-ce"/>
      </object_component>
      <object_component id="oc-fc">
         <name>.common:ui32Load</name>
         <uninitialized>true</uninitialized>
         <run_address>0x20000240</run_address>
         <size>0x4</size>
      </object_component>
      <object_component id="oc-f9">
         <name>.common:ui32PWMClock</name>
         <uninitialized>true</uninitialized>
         <run_address>0x20000244</run_address>
         <size>0x4</size>
      </object_component>
      <object_component id="oc-100">
         <name>.common:ui32Period</name>
         <uninitialized>true</uninitialized>
         <run_address>0x20000248</run_address>
         <size>0x4</size>
      </object_component>
      <object_component id="oc-2a">
         <name>.stack</name>
         <uninitialized>true</uninitialized>
         <run_address>0x20000000</run_address>
         <size>0x0</size>
         <input_file_ref idref="fl-c4"/>
      </object_component>
      <object_component id="oc-1fb">
         <name>.stack</name>
         <uninitialized>true</uninitialized>
         <run_address>0x20000000</run_address>
         <size>0x0</size>
      </object_component>
      <object_component id="oc-fa">
         <name>.debug_info</name>
         <load_address>0x0</load_address>
         <run_address>0x0</run_address>
         <size>0x5a7</size>
         <input_file_ref idref="fl-2"/>
      </object_component>
      <object_component id="oc-fe">
         <name>.debug_info</name>
         <load_address>0x5a7</load_address>
         <run_address>0x5a7</run_address>
         <size>0x163</size>
         <input_file_ref idref="fl-2"/>
      </object_component>
      <object_component id="oc-105">
         <name>.debug_info</name>
         <load_address>0x70a</load_address>
         <run_address>0x70a</run_address>
         <size>0xbe</size>
         <input_file_ref idref="fl-2"/>
      </object_component>
      <object_component id="oc-111">
         <name>.debug_info</name>
         <load_address>0x7c8</load_address>
         <run_address>0x7c8</run_address>
         <size>0xd4</size>
         <input_file_ref idref="fl-2"/>
      </object_component>
      <object_component id="oc-108">
         <name>.debug_info</name>
         <load_address>0x89c</load_address>
         <run_address>0x89c</run_address>
         <size>0xd4</size>
         <input_file_ref idref="fl-2"/>
      </object_component>
      <object_component id="oc-102">
         <name>.debug_info</name>
         <load_address>0x970</load_address>
         <run_address>0x970</run_address>
         <size>0xc0</size>
         <input_file_ref idref="fl-2"/>
      </object_component>
      <object_component id="oc-32">
         <name>.debug_info</name>
         <load_address>0xa30</load_address>
         <run_address>0xa30</run_address>
         <size>0xc86</size>
         <input_file_ref idref="fl-2"/>
      </object_component>
      <object_component id="oc-114">
         <name>.debug_info</name>
         <load_address>0x16b6</load_address>
         <run_address>0x16b6</run_address>
         <size>0x8b</size>
         <input_file_ref idref="fl-2"/>
      </object_component>
      <object_component id="oc-119">
         <name>.debug_info</name>
         <load_address>0x1741</load_address>
         <run_address>0x1741</run_address>
         <size>0x18b</size>
         <input_file_ref idref="fl-2"/>
      </object_component>
      <object_component id="oc-17d">
         <name>.debug_info</name>
         <load_address>0x18cc</load_address>
         <run_address>0x18cc</run_address>
         <size>0x7a</size>
         <input_file_ref idref="fl-2"/>
      </object_component>
      <object_component id="oc-39">
         <name>.debug_info</name>
         <load_address>0x1946</load_address>
         <run_address>0x1946</run_address>
         <size>0x11f</size>
         <input_file_ref idref="fl-3"/>
      </object_component>
      <object_component id="oc-10">
         <name>.debug_info</name>
         <load_address>0x1a65</load_address>
         <run_address>0x1a65</run_address>
         <size>0xe2</size>
         <input_file_ref idref="fl-3"/>
      </object_component>
      <object_component id="oc-2c">
         <name>.debug_info</name>
         <load_address>0x1b47</load_address>
         <run_address>0x1b47</run_address>
         <size>0x25e</size>
         <input_file_ref idref="fl-3"/>
      </object_component>
      <object_component id="oc-40">
         <name>.debug_info</name>
         <load_address>0x1da5</load_address>
         <run_address>0x1da5</run_address>
         <size>0x84</size>
         <input_file_ref idref="fl-3"/>
      </object_component>
      <object_component id="oc-15b">
         <name>.debug_info</name>
         <load_address>0x1e29</load_address>
         <run_address>0x1e29</run_address>
         <size>0x230</size>
         <input_file_ref idref="fl-9"/>
      </object_component>
      <object_component id="oc-158">
         <name>.debug_info</name>
         <load_address>0x2059</load_address>
         <run_address>0x2059</run_address>
         <size>0x15b</size>
         <input_file_ref idref="fl-9"/>
      </object_component>
      <object_component id="oc-e7">
         <name>.debug_info</name>
         <load_address>0x21b4</load_address>
         <run_address>0x21b4</run_address>
         <size>0x2b3</size>
         <input_file_ref idref="fl-9"/>
      </object_component>
      <object_component id="oc-ed">
         <name>.debug_info</name>
         <load_address>0x2467</load_address>
         <run_address>0x2467</run_address>
         <size>0x316</size>
         <input_file_ref idref="fl-9"/>
      </object_component>
      <object_component id="oc-99">
         <name>.debug_info</name>
         <load_address>0x277d</load_address>
         <run_address>0x277d</run_address>
         <size>0x279</size>
         <input_file_ref idref="fl-9"/>
      </object_component>
      <object_component id="oc-f3">
         <name>.debug_info</name>
         <load_address>0x29f6</load_address>
         <run_address>0x29f6</run_address>
         <size>0x27b</size>
         <input_file_ref idref="fl-9"/>
      </object_component>
      <object_component id="oc-93">
         <name>.debug_info</name>
         <load_address>0x2c71</load_address>
         <run_address>0x2c71</run_address>
         <size>0x280</size>
         <input_file_ref idref="fl-9"/>
      </object_component>
      <object_component id="oc-16e">
         <name>.debug_info</name>
         <load_address>0x2ef1</load_address>
         <run_address>0x2ef1</run_address>
         <size>0x20e</size>
         <input_file_ref idref="fl-a"/>
      </object_component>
      <object_component id="oc-16b">
         <name>.debug_info</name>
         <load_address>0x30ff</load_address>
         <run_address>0x30ff</run_address>
         <size>0x210</size>
         <input_file_ref idref="fl-a"/>
      </object_component>
      <object_component id="oc-dd">
         <name>.debug_info</name>
         <load_address>0x330f</load_address>
         <run_address>0x330f</run_address>
         <size>0x23e</size>
         <input_file_ref idref="fl-a"/>
      </object_component>
      <object_component id="oc-d1">
         <name>.debug_info</name>
         <load_address>0x354d</load_address>
         <run_address>0x354d</run_address>
         <size>0x268</size>
         <input_file_ref idref="fl-a"/>
      </object_component>
      <object_component id="oc-162">
         <name>.debug_info</name>
         <load_address>0x37b5</load_address>
         <run_address>0x37b5</run_address>
         <size>0x1ed</size>
         <input_file_ref idref="fl-b"/>
      </object_component>
      <object_component id="oc-b1">
         <name>.debug_info</name>
         <load_address>0x39a2</load_address>
         <run_address>0x39a2</run_address>
         <size>0x2f6</size>
         <input_file_ref idref="fl-b"/>
      </object_component>
      <object_component id="oc-bd">
         <name>.debug_info</name>
         <load_address>0x3c98</load_address>
         <run_address>0x3c98</run_address>
         <size>0x2c4</size>
         <input_file_ref idref="fl-b"/>
      </object_component>
      <object_component id="oc-ab">
         <name>.debug_info</name>
         <load_address>0x3f5c</load_address>
         <run_address>0x3f5c</run_address>
         <size>0x2b6</size>
         <input_file_ref idref="fl-b"/>
      </object_component>
      <object_component id="oc-b7">
         <name>.debug_info</name>
         <load_address>0x4212</load_address>
         <run_address>0x4212</run_address>
         <size>0x276</size>
         <input_file_ref idref="fl-b"/>
      </object_component>
      <object_component id="oc-a5">
         <name>.debug_info</name>
         <load_address>0x4488</load_address>
         <run_address>0x4488</run_address>
         <size>0x2b3</size>
         <input_file_ref idref="fl-b"/>
      </object_component>
      <object_component id="oc-154">
         <name>.debug_info</name>
         <load_address>0x473b</load_address>
         <run_address>0x473b</run_address>
         <size>0x27f</size>
         <input_file_ref idref="fl-c"/>
      </object_component>
      <object_component id="oc-15e">
         <name>.debug_info</name>
         <load_address>0x49ba</load_address>
         <run_address>0x49ba</run_address>
         <size>0x14d</size>
         <input_file_ref idref="fl-c"/>
      </object_component>
      <object_component id="oc-8d">
         <name>.debug_info</name>
         <load_address>0x4b07</load_address>
         <run_address>0x4b07</run_address>
         <size>0x27d</size>
         <input_file_ref idref="fl-c"/>
      </object_component>
      <object_component id="oc-87">
         <name>.debug_info</name>
         <load_address>0x4d84</load_address>
         <run_address>0x4d84</run_address>
         <size>0x263</size>
         <input_file_ref idref="fl-c"/>
      </object_component>
      <object_component id="oc-81">
         <name>.debug_info</name>
         <load_address>0x4fe7</load_address>
         <run_address>0x4fe7</run_address>
         <size>0x2db</size>
         <input_file_ref idref="fl-c"/>
      </object_component>
      <object_component id="oc-9f">
         <name>.debug_info</name>
         <load_address>0x52c2</load_address>
         <run_address>0x52c2</run_address>
         <size>0x2b5</size>
         <input_file_ref idref="fl-c"/>
      </object_component>
      <object_component id="oc-1b5">
         <name>.debug_info</name>
         <load_address>0x5577</load_address>
         <run_address>0x5577</run_address>
         <size>0x5f</size>
         <input_file_ref idref="fl-c"/>
      </object_component>
      <object_component id="oc-168">
         <name>.debug_info</name>
         <load_address>0x55d6</load_address>
         <run_address>0x55d6</run_address>
         <size>0x223</size>
         <input_file_ref idref="fl-d"/>
      </object_component>
      <object_component id="oc-c9">
         <name>.debug_info</name>
         <load_address>0x57f9</load_address>
         <run_address>0x57f9</run_address>
         <size>0x2ba</size>
         <input_file_ref idref="fl-d"/>
      </object_component>
      <object_component id="oc-d5">
         <name>.debug_info</name>
         <load_address>0x5ab3</load_address>
         <run_address>0x5ab3</run_address>
         <size>0x294</size>
         <input_file_ref idref="fl-d"/>
      </object_component>
      <object_component id="oc-10b">
         <name>.debug_info</name>
         <load_address>0x5d47</load_address>
         <run_address>0x5d47</run_address>
         <size>0x292</size>
         <input_file_ref idref="fl-d"/>
      </object_component>
      <object_component id="oc-e1">
         <name>.debug_info</name>
         <load_address>0x5fd9</load_address>
         <run_address>0x5fd9</run_address>
         <size>0x27f</size>
         <input_file_ref idref="fl-d"/>
      </object_component>
      <object_component id="oc-c3">
         <name>.debug_info</name>
         <load_address>0x6258</load_address>
         <run_address>0x6258</run_address>
         <size>0x28c</size>
         <input_file_ref idref="fl-d"/>
      </object_component>
      <object_component id="oc-171">
         <name>.debug_info</name>
         <load_address>0x64e4</load_address>
         <run_address>0x64e4</run_address>
         <size>0x212</size>
         <input_file_ref idref="fl-e"/>
      </object_component>
      <object_component id="oc-25">
         <name>.debug_info</name>
         <load_address>0x66f6</load_address>
         <run_address>0x66f6</run_address>
         <size>0x160</size>
         <input_file_ref idref="fl-c4"/>
      </object_component>
      <object_component id="oc-125">
         <name>.debug_info</name>
         <load_address>0x6856</load_address>
         <run_address>0x6856</run_address>
         <size>0xf9</size>
         <input_file_ref idref="fl-c5"/>
      </object_component>
      <object_component id="oc-13">
         <name>.debug_info</name>
         <load_address>0x694f</load_address>
         <run_address>0x694f</run_address>
         <size>0x245</size>
         <input_file_ref idref="fl-c5"/>
      </object_component>
      <object_component id="oc-3b">
         <name>.debug_info</name>
         <load_address>0x6b94</load_address>
         <run_address>0x6b94</run_address>
         <size>0x60</size>
         <input_file_ref idref="fl-c5"/>
      </object_component>
      <object_component id="oc-120">
         <name>.debug_info</name>
         <load_address>0x6bf4</load_address>
         <run_address>0x6bf4</run_address>
         <size>0x46</size>
         <input_file_ref idref="fl-c5"/>
      </object_component>
      <object_component id="oc-50">
         <name>.debug_info</name>
         <load_address>0x6c3a</load_address>
         <run_address>0x6c3a</run_address>
         <size>0x140</size>
         <input_file_ref idref="fl-c6"/>
      </object_component>
      <object_component id="oc-19">
         <name>.debug_info</name>
         <load_address>0x6d7a</load_address>
         <run_address>0x6d7a</run_address>
         <size>0x1df</size>
         <input_file_ref idref="fl-c6"/>
      </object_component>
      <object_component id="oc-4b">
         <name>.debug_info</name>
         <load_address>0x6f59</load_address>
         <run_address>0x6f59</run_address>
         <size>0x46</size>
         <input_file_ref idref="fl-c6"/>
      </object_component>
      <object_component id="oc-127">
         <name>.debug_info</name>
         <load_address>0x6f9f</load_address>
         <run_address>0x6f9f</run_address>
         <size>0x2c</size>
         <input_file_ref idref="fl-c6"/>
      </object_component>
      <object_component id="oc-5c">
         <name>.debug_info</name>
         <load_address>0x6fcb</load_address>
         <run_address>0x6fcb</run_address>
         <size>0x12f</size>
         <input_file_ref idref="fl-c7"/>
      </object_component>
      <object_component id="oc-1f">
         <name>.debug_info</name>
         <load_address>0x70fa</load_address>
         <run_address>0x70fa</run_address>
         <size>0x1aa</size>
         <input_file_ref idref="fl-c7"/>
      </object_component>
      <object_component id="oc-57">
         <name>.debug_info</name>
         <load_address>0x72a4</load_address>
         <run_address>0x72a4</run_address>
         <size>0x46</size>
         <input_file_ref idref="fl-c7"/>
      </object_component>
      <object_component id="oc-12f">
         <name>.debug_info</name>
         <load_address>0x72ea</load_address>
         <run_address>0x72ea</run_address>
         <size>0x2c</size>
         <input_file_ref idref="fl-c7"/>
      </object_component>
      <object_component id="oc-14f">
         <name>.debug_info</name>
         <load_address>0x7316</load_address>
         <run_address>0x7316</run_address>
         <size>0x234</size>
         <input_file_ref idref="fl-c8"/>
      </object_component>
      <object_component id="oc-149">
         <name>.debug_info</name>
         <load_address>0x754a</load_address>
         <run_address>0x754a</run_address>
         <size>0x185</size>
         <input_file_ref idref="fl-c8"/>
      </object_component>
      <object_component id="oc-76">
         <name>.debug_info</name>
         <load_address>0x76cf</load_address>
         <run_address>0x76cf</run_address>
         <size>0x214</size>
         <input_file_ref idref="fl-c8"/>
      </object_component>
      <object_component id="oc-46">
         <name>.debug_info</name>
         <load_address>0x78e3</load_address>
         <run_address>0x78e3</run_address>
         <size>0x111</size>
         <input_file_ref idref="fl-c9"/>
      </object_component>
      <object_component id="oc-52">
         <name>.debug_info</name>
         <load_address>0x79f4</load_address>
         <run_address>0x79f4</run_address>
         <size>0x13f</size>
         <input_file_ref idref="fl-ca"/>
      </object_component>
      <object_component id="oc-5e">
         <name>.debug_info</name>
         <load_address>0x7b33</load_address>
         <run_address>0x7b33</run_address>
         <size>0x138</size>
         <input_file_ref idref="fl-cb"/>
      </object_component>
      <object_component id="oc-64">
         <name>.debug_info</name>
         <load_address>0x7c6b</load_address>
         <run_address>0x7c6b</run_address>
         <size>0x148</size>
         <input_file_ref idref="fl-cc"/>
      </object_component>
      <object_component id="oc-7c">
         <name>.debug_info</name>
         <load_address>0x7db3</load_address>
         <run_address>0x7db3</run_address>
         <size>0x109</size>
         <input_file_ref idref="fl-cd"/>
      </object_component>
      <object_component id="oc-1af">
         <name>.debug_info</name>
         <load_address>0x7ebc</load_address>
         <run_address>0x7ebc</run_address>
         <size>0x124</size>
         <input_file_ref idref="fl-ce"/>
      </object_component>
      <object_component id="oc-14c">
         <name>.debug_info</name>
         <load_address>0x7fe0</load_address>
         <run_address>0x7fe0</run_address>
         <size>0x113</size>
         <input_file_ref idref="fl-ce"/>
      </object_component>
      <object_component id="oc-1a8">
         <name>.debug_info</name>
         <load_address>0x80f3</load_address>
         <run_address>0x80f3</run_address>
         <size>0x21f</size>
         <input_file_ref idref="fl-ce"/>
      </object_component>
      <object_component id="oc-147">
         <name>.debug_info</name>
         <load_address>0x8312</load_address>
         <run_address>0x8312</run_address>
         <size>0x166</size>
         <input_file_ref idref="fl-cf"/>
      </object_component>
      <object_component id="oc-70">
         <name>.debug_info</name>
         <load_address>0x8478</load_address>
         <run_address>0x8478</run_address>
         <size>0x167</size>
         <input_file_ref idref="fl-cf"/>
      </object_component>
      <object_component id="oc-1a0">
         <name>.debug_info</name>
         <load_address>0x85df</load_address>
         <run_address>0x85df</run_address>
         <size>0x5e</size>
         <input_file_ref idref="fl-cf"/>
      </object_component>
      <object_component id="oc-145">
         <name>.debug_info</name>
         <load_address>0x863d</load_address>
         <run_address>0x863d</run_address>
         <size>0x2e9</size>
         <input_file_ref idref="fl-d0"/>
      </object_component>
      <object_component id="oc-6a">
         <name>.debug_info</name>
         <load_address>0x8926</load_address>
         <run_address>0x8926</run_address>
         <size>0x190</size>
         <input_file_ref idref="fl-d0"/>
      </object_component>
      <object_component id="oc-194">
         <name>.debug_info</name>
         <load_address>0x8ab6</load_address>
         <run_address>0x8ab6</run_address>
         <size>0x39</size>
         <input_file_ref idref="fl-d0"/>
      </object_component>
      <object_component id="oc-1d0">
         <name>.debug_info</name>
         <load_address>0x8aef</load_address>
         <run_address>0x8aef</run_address>
         <size>0x39</size>
         <input_file_ref idref="fl-d0"/>
      </object_component>
      <object_component id="oc-199">
         <name>.debug_info</name>
         <load_address>0x8b28</load_address>
         <run_address>0x8b28</run_address>
         <size>0xcd</size>
         <input_file_ref idref="fl-d0"/>
      </object_component>
      <object_component id="oc-190">
         <name>.debug_info</name>
         <load_address>0x8bf5</load_address>
         <run_address>0x8bf5</run_address>
         <size>0x1e0</size>
         <input_file_ref idref="fl-d1"/>
      </object_component>
      <object_component id="oc-139">
         <name>.debug_info</name>
         <load_address>0x8dd5</load_address>
         <run_address>0x8dd5</run_address>
         <size>0x183</size>
         <input_file_ref idref="fl-d1"/>
      </object_component>
      <object_component id="oc-1cb">
         <name>.debug_info</name>
         <load_address>0x8f58</load_address>
         <run_address>0x8f58</run_address>
         <size>0x2c</size>
         <input_file_ref idref="fl-d1"/>
      </object_component>
      <object_component id="oc-13f">
         <name>.debug_info</name>
         <load_address>0x8f84</load_address>
         <run_address>0x8f84</run_address>
         <size>0x145</size>
         <input_file_ref idref="fl-d2"/>
      </object_component>
      <object_component id="oc-1fc">
         <name>.debug_info</name>
         <load_address>0x90c9</load_address>
         <run_address>0x90c9</run_address>
         <size>0x98</size>
      </object_component>
      <object_component id="oc-17c">
         <name>.debug_line</name>
         <load_address>0x0</load_address>
         <run_address>0x0</run_address>
         <size>0x147</size>
         <input_file_ref idref="fl-2"/>
      </object_component>
      <object_component id="oc-183">
         <name>.debug_line</name>
         <load_address>0x147</load_address>
         <run_address>0x147</run_address>
         <size>0x2d</size>
         <input_file_ref idref="fl-2"/>
      </object_component>
      <object_component id="oc-187">
         <name>.debug_line</name>
         <load_address>0x174</load_address>
         <run_address>0x174</run_address>
         <size>0x2d</size>
         <input_file_ref idref="fl-2"/>
      </object_component>
      <object_component id="oc-18c">
         <name>.debug_line</name>
         <load_address>0x1a1</load_address>
         <run_address>0x1a1</run_address>
         <size>0x2d</size>
         <input_file_ref idref="fl-2"/>
      </object_component>
      <object_component id="oc-189">
         <name>.debug_line</name>
         <load_address>0x1ce</load_address>
         <run_address>0x1ce</run_address>
         <size>0x2d</size>
         <input_file_ref idref="fl-2"/>
      </object_component>
      <object_component id="oc-185">
         <name>.debug_line</name>
         <load_address>0x1fb</load_address>
         <run_address>0x1fb</run_address>
         <size>0x2d</size>
         <input_file_ref idref="fl-2"/>
      </object_component>
      <object_component id="oc-35">
         <name>.debug_line</name>
         <load_address>0x228</load_address>
         <run_address>0x228</run_address>
         <size>0x30f</size>
         <input_file_ref idref="fl-2"/>
      </object_component>
      <object_component id="oc-117">
         <name>.debug_line</name>
         <load_address>0x537</load_address>
         <run_address>0x537</run_address>
         <size>0x20</size>
         <input_file_ref idref="fl-2"/>
      </object_component>
      <object_component id="oc-11c">
         <name>.debug_line</name>
         <load_address>0x557</load_address>
         <run_address>0x557</run_address>
         <size>0x70</size>
         <input_file_ref idref="fl-2"/>
      </object_component>
      <object_component id="oc-180">
         <name>.debug_line</name>
         <load_address>0x5c7</load_address>
         <run_address>0x5c7</run_address>
         <size>0x2d</size>
         <input_file_ref idref="fl-2"/>
      </object_component>
      <object_component id="oc-11f">
         <name>.debug_line</name>
         <load_address>0x5f4</load_address>
         <run_address>0x5f4</run_address>
         <size>0x41</size>
         <input_file_ref idref="fl-3"/>
      </object_component>
      <object_component id="oc-38">
         <name>.debug_line</name>
         <load_address>0x635</load_address>
         <run_address>0x635</run_address>
         <size>0x41</size>
         <input_file_ref idref="fl-3"/>
      </object_component>
      <object_component id="oc-2f">
         <name>.debug_line</name>
         <load_address>0x676</load_address>
         <run_address>0x676</run_address>
         <size>0xa1</size>
         <input_file_ref idref="fl-3"/>
      </object_component>
      <object_component id="oc-43">
         <name>.debug_line</name>
         <load_address>0x717</load_address>
         <run_address>0x717</run_address>
         <size>0x20</size>
         <input_file_ref idref="fl-3"/>
      </object_component>
      <object_component id="oc-1bd">
         <name>.debug_line</name>
         <load_address>0x737</load_address>
         <run_address>0x737</run_address>
         <size>0x82</size>
         <input_file_ref idref="fl-9"/>
      </object_component>
      <object_component id="oc-1bb">
         <name>.debug_line</name>
         <load_address>0x7b9</load_address>
         <run_address>0x7b9</run_address>
         <size>0x7d</size>
         <input_file_ref idref="fl-9"/>
      </object_component>
      <object_component id="oc-ea">
         <name>.debug_line</name>
         <load_address>0x836</load_address>
         <run_address>0x836</run_address>
         <size>0x95</size>
         <input_file_ref idref="fl-9"/>
      </object_component>
      <object_component id="oc-f0">
         <name>.debug_line</name>
         <load_address>0x8cb</load_address>
         <run_address>0x8cb</run_address>
         <size>0xd1</size>
         <input_file_ref idref="fl-9"/>
      </object_component>
      <object_component id="oc-9c">
         <name>.debug_line</name>
         <load_address>0x99c</load_address>
         <run_address>0x99c</run_address>
         <size>0x93</size>
         <input_file_ref idref="fl-9"/>
      </object_component>
      <object_component id="oc-f6">
         <name>.debug_line</name>
         <load_address>0xa2f</load_address>
         <run_address>0xa2f</run_address>
         <size>0x92</size>
         <input_file_ref idref="fl-9"/>
      </object_component>
      <object_component id="oc-96">
         <name>.debug_line</name>
         <load_address>0xac1</load_address>
         <run_address>0xac1</run_address>
         <size>0xa7</size>
         <input_file_ref idref="fl-9"/>
      </object_component>
      <object_component id="oc-1c7">
         <name>.debug_line</name>
         <load_address>0xb68</load_address>
         <run_address>0xb68</run_address>
         <size>0x7c</size>
         <input_file_ref idref="fl-a"/>
      </object_component>
      <object_component id="oc-1c5">
         <name>.debug_line</name>
         <load_address>0xbe4</load_address>
         <run_address>0xbe4</run_address>
         <size>0x82</size>
         <input_file_ref idref="fl-a"/>
      </object_component>
      <object_component id="oc-dc">
         <name>.debug_line</name>
         <load_address>0xc66</load_address>
         <run_address>0xc66</run_address>
         <size>0x97</size>
         <input_file_ref idref="fl-a"/>
      </object_component>
      <object_component id="oc-d0">
         <name>.debug_line</name>
         <load_address>0xcfd</load_address>
         <run_address>0xcfd</run_address>
         <size>0xc2</size>
         <input_file_ref idref="fl-a"/>
      </object_component>
      <object_component id="oc-1c1">
         <name>.debug_line</name>
         <load_address>0xdbf</load_address>
         <run_address>0xdbf</run_address>
         <size>0x82</size>
         <input_file_ref idref="fl-b"/>
      </object_component>
      <object_component id="oc-b4">
         <name>.debug_line</name>
         <load_address>0xe41</load_address>
         <run_address>0xe41</run_address>
         <size>0x9e</size>
         <input_file_ref idref="fl-b"/>
      </object_component>
      <object_component id="oc-c0">
         <name>.debug_line</name>
         <load_address>0xedf</load_address>
         <run_address>0xedf</run_address>
         <size>0x95</size>
         <input_file_ref idref="fl-b"/>
      </object_component>
      <object_component id="oc-ae">
         <name>.debug_line</name>
         <load_address>0xf74</load_address>
         <run_address>0xf74</run_address>
         <size>0x96</size>
         <input_file_ref idref="fl-b"/>
      </object_component>
      <object_component id="oc-ba">
         <name>.debug_line</name>
         <load_address>0x100a</load_address>
         <run_address>0x100a</run_address>
         <size>0x91</size>
         <input_file_ref idref="fl-b"/>
      </object_component>
      <object_component id="oc-a8">
         <name>.debug_line</name>
         <load_address>0x109b</load_address>
         <run_address>0x109b</run_address>
         <size>0x9b</size>
         <input_file_ref idref="fl-b"/>
      </object_component>
      <object_component id="oc-1b4">
         <name>.debug_line</name>
         <load_address>0x1136</load_address>
         <run_address>0x1136</run_address>
         <size>0x13d</size>
         <input_file_ref idref="fl-c"/>
      </object_component>
      <object_component id="oc-1bf">
         <name>.debug_line</name>
         <load_address>0x1273</load_address>
         <run_address>0x1273</run_address>
         <size>0x7f</size>
         <input_file_ref idref="fl-c"/>
      </object_component>
      <object_component id="oc-90">
         <name>.debug_line</name>
         <load_address>0x12f2</load_address>
         <run_address>0x12f2</run_address>
         <size>0x94</size>
         <input_file_ref idref="fl-c"/>
      </object_component>
      <object_component id="oc-8a">
         <name>.debug_line</name>
         <load_address>0x1386</load_address>
         <run_address>0x1386</run_address>
         <size>0x94</size>
         <input_file_ref idref="fl-c"/>
      </object_component>
      <object_component id="oc-84">
         <name>.debug_line</name>
         <load_address>0x141a</load_address>
         <run_address>0x141a</run_address>
         <size>0xee</size>
         <input_file_ref idref="fl-c"/>
      </object_component>
      <object_component id="oc-a2">
         <name>.debug_line</name>
         <load_address>0x1508</load_address>
         <run_address>0x1508</run_address>
         <size>0x11a</size>
         <input_file_ref idref="fl-c"/>
      </object_component>
      <object_component id="oc-1b8">
         <name>.debug_line</name>
         <load_address>0x1622</load_address>
         <run_address>0x1622</run_address>
         <size>0x7f</size>
         <input_file_ref idref="fl-c"/>
      </object_component>
      <object_component id="oc-1c3">
         <name>.debug_line</name>
         <load_address>0x16a1</load_address>
         <run_address>0x16a1</run_address>
         <size>0x82</size>
         <input_file_ref idref="fl-d"/>
      </object_component>
      <object_component id="oc-cc">
         <name>.debug_line</name>
         <load_address>0x1723</load_address>
         <run_address>0x1723</run_address>
         <size>0x9c</size>
         <input_file_ref idref="fl-d"/>
      </object_component>
      <object_component id="oc-d8">
         <name>.debug_line</name>
         <load_address>0x17bf</load_address>
         <run_address>0x17bf</run_address>
         <size>0x93</size>
         <input_file_ref idref="fl-d"/>
      </object_component>
      <object_component id="oc-10e">
         <name>.debug_line</name>
         <load_address>0x1852</load_address>
         <run_address>0x1852</run_address>
         <size>0x93</size>
         <input_file_ref idref="fl-d"/>
      </object_component>
      <object_component id="oc-e4">
         <name>.debug_line</name>
         <load_address>0x18e5</load_address>
         <run_address>0x18e5</run_address>
         <size>0x93</size>
         <input_file_ref idref="fl-d"/>
      </object_component>
      <object_component id="oc-c6">
         <name>.debug_line</name>
         <load_address>0x1978</load_address>
         <run_address>0x1978</run_address>
         <size>0xb7</size>
         <input_file_ref idref="fl-d"/>
      </object_component>
      <object_component id="oc-174">
         <name>.debug_line</name>
         <load_address>0x1a2f</load_address>
         <run_address>0x1a2f</run_address>
         <size>0x91</size>
         <input_file_ref idref="fl-e"/>
      </object_component>
      <object_component id="oc-28">
         <name>.debug_line</name>
         <load_address>0x1ac0</load_address>
         <run_address>0x1ac0</run_address>
         <size>0x53</size>
         <input_file_ref idref="fl-c4"/>
      </object_component>
      <object_component id="oc-18e">
         <name>.debug_line</name>
         <load_address>0x1b13</load_address>
         <run_address>0x1b13</run_address>
         <size>0x20</size>
         <input_file_ref idref="fl-c5"/>
      </object_component>
      <object_component id="oc-16">
         <name>.debug_line</name>
         <load_address>0x1b33</load_address>
         <run_address>0x1b33</run_address>
         <size>0xa9</size>
         <input_file_ref idref="fl-c5"/>
      </object_component>
      <object_component id="oc-3e">
         <name>.debug_line</name>
         <load_address>0x1bdc</load_address>
         <run_address>0x1bdc</run_address>
         <size>0x3a</size>
         <input_file_ref idref="fl-c5"/>
      </object_component>
      <object_component id="oc-123">
         <name>.debug_line</name>
         <load_address>0x1c16</load_address>
         <run_address>0x1c16</run_address>
         <size>0x8a</size>
         <input_file_ref idref="fl-c5"/>
      </object_component>
      <object_component id="oc-12d">
         <name>.debug_line</name>
         <load_address>0x1ca0</load_address>
         <run_address>0x1ca0</run_address>
         <size>0x8a</size>
         <input_file_ref idref="fl-c6"/>
      </object_component>
      <object_component id="oc-1c">
         <name>.debug_line</name>
         <load_address>0x1d2a</load_address>
         <run_address>0x1d2a</run_address>
         <size>0x55</size>
         <input_file_ref idref="fl-c6"/>
      </object_component>
      <object_component id="oc-4e">
         <name>.debug_line</name>
         <load_address>0x1d7f</load_address>
         <run_address>0x1d7f</run_address>
         <size>0x3a</size>
         <input_file_ref idref="fl-c6"/>
      </object_component>
      <object_component id="oc-12a">
         <name>.debug_line</name>
         <load_address>0x1db9</load_address>
         <run_address>0x1db9</run_address>
         <size>0x8a</size>
         <input_file_ref idref="fl-c6"/>
      </object_component>
      <object_component id="oc-135">
         <name>.debug_line</name>
         <load_address>0x1e43</load_address>
         <run_address>0x1e43</run_address>
         <size>0x8a</size>
         <input_file_ref idref="fl-c7"/>
      </object_component>
      <object_component id="oc-22">
         <name>.debug_line</name>
         <load_address>0x1ecd</load_address>
         <run_address>0x1ecd</run_address>
         <size>0x4f</size>
         <input_file_ref idref="fl-c7"/>
      </object_component>
      <object_component id="oc-5a">
         <name>.debug_line</name>
         <load_address>0x1f1c</load_address>
         <run_address>0x1f1c</run_address>
         <size>0x34</size>
         <input_file_ref idref="fl-c7"/>
      </object_component>
      <object_component id="oc-132">
         <name>.debug_line</name>
         <load_address>0x1f50</load_address>
         <run_address>0x1f50</run_address>
         <size>0x8a</size>
         <input_file_ref idref="fl-c7"/>
      </object_component>
      <object_component id="oc-1b2">
         <name>.debug_line</name>
         <load_address>0x1fda</load_address>
         <run_address>0x1fda</run_address>
         <size>0xf2</size>
         <input_file_ref idref="fl-c8"/>
      </object_component>
      <object_component id="oc-1a6">
         <name>.debug_line</name>
         <load_address>0x20cc</load_address>
         <run_address>0x20cc</run_address>
         <size>0x2a</size>
         <input_file_ref idref="fl-c8"/>
      </object_component>
      <object_component id="oc-79">
         <name>.debug_line</name>
         <load_address>0x20f6</load_address>
         <run_address>0x20f6</run_address>
         <size>0x86</size>
         <input_file_ref idref="fl-c8"/>
      </object_component>
      <object_component id="oc-49">
         <name>.debug_line</name>
         <load_address>0x217c</load_address>
         <run_address>0x217c</run_address>
         <size>0x88</size>
         <input_file_ref idref="fl-c9"/>
      </object_component>
      <object_component id="oc-55">
         <name>.debug_line</name>
         <load_address>0x2204</load_address>
         <run_address>0x2204</run_address>
         <size>0x79</size>
         <input_file_ref idref="fl-ca"/>
      </object_component>
      <object_component id="oc-61">
         <name>.debug_line</name>
         <load_address>0x227d</load_address>
         <run_address>0x227d</run_address>
         <size>0x3d</size>
         <input_file_ref idref="fl-cb"/>
      </object_component>
      <object_component id="oc-67">
         <name>.debug_line</name>
         <load_address>0x22ba</load_address>
         <run_address>0x22ba</run_address>
         <size>0x40</size>
         <input_file_ref idref="fl-cc"/>
      </object_component>
      <object_component id="oc-152">
         <name>.debug_line</name>
         <load_address>0x22fa</load_address>
         <run_address>0x22fa</run_address>
         <size>0x33</size>
         <input_file_ref idref="fl-cd"/>
      </object_component>
      <object_component id="oc-1d7">
         <name>.debug_line</name>
         <load_address>0x232d</load_address>
         <run_address>0x232d</run_address>
         <size>0x20</size>
         <input_file_ref idref="fl-ce"/>
      </object_component>
      <object_component id="oc-1ae">
         <name>.debug_line</name>
         <load_address>0x234d</load_address>
         <run_address>0x234d</run_address>
         <size>0x2b</size>
         <input_file_ref idref="fl-ce"/>
      </object_component>
      <object_component id="oc-1ab">
         <name>.debug_line</name>
         <load_address>0x2378</load_address>
         <run_address>0x2378</run_address>
         <size>0x68</size>
         <input_file_ref idref="fl-ce"/>
      </object_component>
      <object_component id="oc-19f">
         <name>.debug_line</name>
         <load_address>0x23e0</load_address>
         <run_address>0x23e0</run_address>
         <size>0x2b</size>
         <input_file_ref idref="fl-cf"/>
      </object_component>
      <object_component id="oc-73">
         <name>.debug_line</name>
         <load_address>0x240b</load_address>
         <run_address>0x240b</run_address>
         <size>0x4a</size>
         <input_file_ref idref="fl-cf"/>
      </object_component>
      <object_component id="oc-1a3">
         <name>.debug_line</name>
         <load_address>0x2455</load_address>
         <run_address>0x2455</run_address>
         <size>0x2b</size>
         <input_file_ref idref="fl-cf"/>
      </object_component>
      <object_component id="oc-193">
         <name>.debug_line</name>
         <load_address>0x2480</load_address>
         <run_address>0x2480</run_address>
         <size>0xa9</size>
         <input_file_ref idref="fl-d0"/>
      </object_component>
      <object_component id="oc-6d">
         <name>.debug_line</name>
         <load_address>0x2529</load_address>
         <run_address>0x2529</run_address>
         <size>0x8b</size>
         <input_file_ref idref="fl-d0"/>
      </object_component>
      <object_component id="oc-197">
         <name>.debug_line</name>
         <load_address>0x25b4</load_address>
         <run_address>0x25b4</run_address>
         <size>0x2e</size>
         <input_file_ref idref="fl-d0"/>
      </object_component>
      <object_component id="oc-1d3">
         <name>.debug_line</name>
         <load_address>0x25e2</load_address>
         <run_address>0x25e2</run_address>
         <size>0x8a</size>
         <input_file_ref idref="fl-d0"/>
      </object_component>
      <object_component id="oc-19c">
         <name>.debug_line</name>
         <load_address>0x266c</load_address>
         <run_address>0x266c</run_address>
         <size>0x8b</size>
         <input_file_ref idref="fl-d0"/>
      </object_component>
      <object_component id="oc-1ca">
         <name>.debug_line</name>
         <load_address>0x26f7</load_address>
         <run_address>0x26f7</run_address>
         <size>0x98</size>
         <input_file_ref idref="fl-d1"/>
      </object_component>
      <object_component id="oc-13c">
         <name>.debug_line</name>
         <load_address>0x278f</load_address>
         <run_address>0x278f</run_address>
         <size>0x68</size>
         <input_file_ref idref="fl-d1"/>
      </object_component>
      <object_component id="oc-1ce">
         <name>.debug_line</name>
         <load_address>0x27f7</load_address>
         <run_address>0x27f7</run_address>
         <size>0x2e</size>
         <input_file_ref idref="fl-d1"/>
      </object_component>
      <object_component id="oc-142">
         <name>.debug_line</name>
         <load_address>0x2825</load_address>
         <run_address>0x2825</run_address>
         <size>0x3c</size>
         <input_file_ref idref="fl-d2"/>
      </object_component>
      <object_component id="oc-36">
         <name>.debug_frame</name>
         <load_address>0x0</load_address>
         <run_address>0x0</run_address>
         <size>0x1b1</size>
         <input_file_ref idref="fl-2"/>
      </object_component>
      <object_component id="oc-30">
         <name>.debug_frame</name>
         <load_address>0x1b1</load_address>
         <run_address>0x1b1</run_address>
         <size>0x84</size>
         <input_file_ref idref="fl-3"/>
      </object_component>
      <object_component id="oc-eb">
         <name>.debug_frame</name>
         <load_address>0x235</load_address>
         <run_address>0x235</run_address>
         <size>0x7f</size>
         <input_file_ref idref="fl-9"/>
      </object_component>
      <object_component id="oc-f1">
         <name>.debug_frame</name>
         <load_address>0x2b4</load_address>
         <run_address>0x2b4</run_address>
         <size>0x8f</size>
         <input_file_ref idref="fl-9"/>
      </object_component>
      <object_component id="oc-9d">
         <name>.debug_frame</name>
         <load_address>0x343</load_address>
         <run_address>0x343</run_address>
         <size>0x86</size>
         <input_file_ref idref="fl-9"/>
      </object_component>
      <object_component id="oc-f7">
         <name>.debug_frame</name>
         <load_address>0x3c9</load_address>
         <run_address>0x3c9</run_address>
         <size>0x7f</size>
         <input_file_ref idref="fl-9"/>
      </object_component>
      <object_component id="oc-97">
         <name>.debug_frame</name>
         <load_address>0x448</load_address>
         <run_address>0x448</run_address>
         <size>0x86</size>
         <input_file_ref idref="fl-9"/>
      </object_component>
      <object_component id="oc-db">
         <name>.debug_frame</name>
         <load_address>0x4ce</load_address>
         <run_address>0x4ce</run_address>
         <size>0x86</size>
         <input_file_ref idref="fl-a"/>
      </object_component>
      <object_component id="oc-cf">
         <name>.debug_frame</name>
         <load_address>0x554</load_address>
         <run_address>0x554</run_address>
         <size>0x7f</size>
         <input_file_ref idref="fl-a"/>
      </object_component>
      <object_component id="oc-b5">
         <name>.debug_frame</name>
         <load_address>0x5d3</load_address>
         <run_address>0x5d3</run_address>
         <size>0x7f</size>
         <input_file_ref idref="fl-b"/>
      </object_component>
      <object_component id="oc-c1">
         <name>.debug_frame</name>
         <load_address>0x652</load_address>
         <run_address>0x652</run_address>
         <size>0x7f</size>
         <input_file_ref idref="fl-b"/>
      </object_component>
      <object_component id="oc-af">
         <name>.debug_frame</name>
         <load_address>0x6d1</load_address>
         <run_address>0x6d1</run_address>
         <size>0x7f</size>
         <input_file_ref idref="fl-b"/>
      </object_component>
      <object_component id="oc-bb">
         <name>.debug_frame</name>
         <load_address>0x750</load_address>
         <run_address>0x750</run_address>
         <size>0x7f</size>
         <input_file_ref idref="fl-b"/>
      </object_component>
      <object_component id="oc-a9">
         <name>.debug_frame</name>
         <load_address>0x7cf</load_address>
         <run_address>0x7cf</run_address>
         <size>0x7f</size>
         <input_file_ref idref="fl-b"/>
      </object_component>
      <object_component id="oc-91">
         <name>.debug_frame</name>
         <load_address>0x84e</load_address>
         <run_address>0x84e</run_address>
         <size>0x7f</size>
         <input_file_ref idref="fl-c"/>
      </object_component>
      <object_component id="oc-8b">
         <name>.debug_frame</name>
         <load_address>0x8cd</load_address>
         <run_address>0x8cd</run_address>
         <size>0x7f</size>
         <input_file_ref idref="fl-c"/>
      </object_component>
      <object_component id="oc-85">
         <name>.debug_frame</name>
         <load_address>0x94c</load_address>
         <run_address>0x94c</run_address>
         <size>0x93</size>
         <input_file_ref idref="fl-c"/>
      </object_component>
      <object_component id="oc-a3">
         <name>.debug_frame</name>
         <load_address>0x9df</load_address>
         <run_address>0x9df</run_address>
         <size>0x8e</size>
         <input_file_ref idref="fl-c"/>
      </object_component>
      <object_component id="oc-cd">
         <name>.debug_frame</name>
         <load_address>0xa6d</load_address>
         <run_address>0xa6d</run_address>
         <size>0x7f</size>
         <input_file_ref idref="fl-d"/>
      </object_component>
      <object_component id="oc-d9">
         <name>.debug_frame</name>
         <load_address>0xaec</load_address>
         <run_address>0xaec</run_address>
         <size>0x7f</size>
         <input_file_ref idref="fl-d"/>
      </object_component>
      <object_component id="oc-10f">
         <name>.debug_frame</name>
         <load_address>0xb6b</load_address>
         <run_address>0xb6b</run_address>
         <size>0x7f</size>
         <input_file_ref idref="fl-d"/>
      </object_component>
      <object_component id="oc-e5">
         <name>.debug_frame</name>
         <load_address>0xbea</load_address>
         <run_address>0xbea</run_address>
         <size>0x7f</size>
         <input_file_ref idref="fl-d"/>
      </object_component>
      <object_component id="oc-c7">
         <name>.debug_frame</name>
         <load_address>0xc69</load_address>
         <run_address>0xc69</run_address>
         <size>0x86</size>
         <input_file_ref idref="fl-d"/>
      </object_component>
      <object_component id="oc-175">
         <name>.debug_frame</name>
         <load_address>0xcef</load_address>
         <run_address>0xcef</run_address>
         <size>0x7f</size>
         <input_file_ref idref="fl-e"/>
      </object_component>
      <object_component id="oc-17">
         <name>.debug_frame</name>
         <load_address>0xd6e</load_address>
         <run_address>0xd6e</run_address>
         <size>0x60</size>
         <input_file_ref idref="fl-c5"/>
      </object_component>
      <object_component id="oc-1d">
         <name>.debug_frame</name>
         <load_address>0xdce</load_address>
         <run_address>0xdce</run_address>
         <size>0x51</size>
         <input_file_ref idref="fl-c6"/>
      </object_component>
      <object_component id="oc-23">
         <name>.debug_frame</name>
         <load_address>0xe1f</load_address>
         <run_address>0xe1f</run_address>
         <size>0x51</size>
         <input_file_ref idref="fl-c7"/>
      </object_component>
      <object_component id="oc-7a">
         <name>.debug_frame</name>
         <load_address>0xe70</load_address>
         <run_address>0xe70</run_address>
         <size>0x85</size>
         <input_file_ref idref="fl-c8"/>
      </object_component>
      <object_component id="oc-62">
         <name>.debug_frame</name>
         <load_address>0xef5</load_address>
         <run_address>0xef5</run_address>
         <size>0x51</size>
         <input_file_ref idref="fl-cb"/>
      </object_component>
      <object_component id="oc-68">
         <name>.debug_frame</name>
         <load_address>0xf46</load_address>
         <run_address>0xf46</run_address>
         <size>0x51</size>
         <input_file_ref idref="fl-cc"/>
      </object_component>
      <object_component id="oc-1ac">
         <name>.debug_frame</name>
         <load_address>0xf97</load_address>
         <run_address>0xf97</run_address>
         <size>0x73</size>
         <input_file_ref idref="fl-ce"/>
      </object_component>
      <object_component id="oc-74">
         <name>.debug_frame</name>
         <load_address>0x100a</load_address>
         <run_address>0x100a</run_address>
         <size>0x51</size>
         <input_file_ref idref="fl-cf"/>
      </object_component>
      <object_component id="oc-6e">
         <name>.debug_frame</name>
         <load_address>0x105b</load_address>
         <run_address>0x105b</run_address>
         <size>0x5c</size>
         <input_file_ref idref="fl-d0"/>
      </object_component>
      <object_component id="oc-13d">
         <name>.debug_frame</name>
         <load_address>0x10b7</load_address>
         <run_address>0x10b7</run_address>
         <size>0x60</size>
         <input_file_ref idref="fl-d1"/>
      </object_component>
      <object_component id="oc-143">
         <name>.debug_frame</name>
         <load_address>0x1117</load_address>
         <run_address>0x1117</run_address>
         <size>0x51</size>
         <input_file_ref idref="fl-d2"/>
      </object_component>
      <object_component id="oc-17b">
         <name>.debug_abbrev</name>
         <load_address>0x0</load_address>
         <run_address>0x0</run_address>
         <size>0xda</size>
         <input_file_ref idref="fl-2"/>
      </object_component>
      <object_component id="oc-182">
         <name>.debug_abbrev</name>
         <load_address>0xda</load_address>
         <run_address>0xda</run_address>
         <size>0x29</size>
         <input_file_ref idref="fl-2"/>
      </object_component>
      <object_component id="oc-186">
         <name>.debug_abbrev</name>
         <load_address>0x103</load_address>
         <run_address>0x103</run_address>
         <size>0x29</size>
         <input_file_ref idref="fl-2"/>
      </object_component>
      <object_component id="oc-18b">
         <name>.debug_abbrev</name>
         <load_address>0x12c</load_address>
         <run_address>0x12c</run_address>
         <size>0x29</size>
         <input_file_ref idref="fl-2"/>
      </object_component>
      <object_component id="oc-188">
         <name>.debug_abbrev</name>
         <load_address>0x155</load_address>
         <run_address>0x155</run_address>
         <size>0x29</size>
         <input_file_ref idref="fl-2"/>
      </object_component>
      <object_component id="oc-184">
         <name>.debug_abbrev</name>
         <load_address>0x17e</load_address>
         <run_address>0x17e</run_address>
         <size>0x29</size>
         <input_file_ref idref="fl-2"/>
      </object_component>
      <object_component id="oc-113">
         <name>.debug_abbrev</name>
         <load_address>0x1a7</load_address>
         <run_address>0x1a7</run_address>
         <size>0x105</size>
         <input_file_ref idref="fl-2"/>
      </object_component>
      <object_component id="oc-116">
         <name>.debug_abbrev</name>
         <load_address>0x2ac</load_address>
         <run_address>0x2ac</run_address>
         <size>0x1f</size>
         <input_file_ref idref="fl-2"/>
      </object_component>
      <object_component id="oc-11b">
         <name>.debug_abbrev</name>
         <load_address>0x2cb</load_address>
         <run_address>0x2cb</run_address>
         <size>0x35</size>
         <input_file_ref idref="fl-2"/>
      </object_component>
      <object_component id="oc-17f">
         <name>.debug_abbrev</name>
         <load_address>0x300</load_address>
         <run_address>0x300</run_address>
         <size>0x33</size>
         <input_file_ref idref="fl-2"/>
      </object_component>
      <object_component id="oc-11e">
         <name>.debug_abbrev</name>
         <load_address>0x333</load_address>
         <run_address>0x333</run_address>
         <size>0x68</size>
         <input_file_ref idref="fl-3"/>
      </object_component>
      <object_component id="oc-37">
         <name>.debug_abbrev</name>
         <load_address>0x39b</load_address>
         <run_address>0x39b</run_address>
         <size>0x29</size>
         <input_file_ref idref="fl-3"/>
      </object_component>
      <object_component id="oc-7f">
         <name>.debug_abbrev</name>
         <load_address>0x3c4</load_address>
         <run_address>0x3c4</run_address>
         <size>0x79</size>
         <input_file_ref idref="fl-3"/>
      </object_component>
      <object_component id="oc-42">
         <name>.debug_abbrev</name>
         <load_address>0x43d</load_address>
         <run_address>0x43d</run_address>
         <size>0x1f</size>
         <input_file_ref idref="fl-3"/>
      </object_component>
      <object_component id="oc-1bc">
         <name>.debug_abbrev</name>
         <load_address>0x45c</load_address>
         <run_address>0x45c</run_address>
         <size>0x72</size>
         <input_file_ref idref="fl-9"/>
      </object_component>
      <object_component id="oc-1ba">
         <name>.debug_abbrev</name>
         <load_address>0x4ce</load_address>
         <run_address>0x4ce</run_address>
         <size>0x27</size>
         <input_file_ref idref="fl-9"/>
      </object_component>
      <object_component id="oc-178">
         <name>.debug_abbrev</name>
         <load_address>0x4f5</load_address>
         <run_address>0x4f5</run_address>
         <size>0x6c</size>
         <input_file_ref idref="fl-9"/>
      </object_component>
      <object_component id="oc-179">
         <name>.debug_abbrev</name>
         <load_address>0x561</load_address>
         <run_address>0x561</run_address>
         <size>0x6c</size>
         <input_file_ref idref="fl-9"/>
      </object_component>
      <object_component id="oc-15c">
         <name>.debug_abbrev</name>
         <load_address>0x5cd</load_address>
         <run_address>0x5cd</run_address>
         <size>0x6c</size>
         <input_file_ref idref="fl-9"/>
      </object_component>
      <object_component id="oc-17a">
         <name>.debug_abbrev</name>
         <load_address>0x639</load_address>
         <run_address>0x639</run_address>
         <size>0x6e</size>
         <input_file_ref idref="fl-9"/>
      </object_component>
      <object_component id="oc-15a">
         <name>.debug_abbrev</name>
         <load_address>0x6a7</load_address>
         <run_address>0x6a7</run_address>
         <size>0x6c</size>
         <input_file_ref idref="fl-9"/>
      </object_component>
      <object_component id="oc-1c6">
         <name>.debug_abbrev</name>
         <load_address>0x713</load_address>
         <run_address>0x713</run_address>
         <size>0x8e</size>
         <input_file_ref idref="fl-a"/>
      </object_component>
      <object_component id="oc-1c4">
         <name>.debug_abbrev</name>
         <load_address>0x7a1</load_address>
         <run_address>0x7a1</run_address>
         <size>0x27</size>
         <input_file_ref idref="fl-a"/>
      </object_component>
      <object_component id="oc-176">
         <name>.debug_abbrev</name>
         <load_address>0x7c8</load_address>
         <run_address>0x7c8</run_address>
         <size>0x60</size>
         <input_file_ref idref="fl-a"/>
      </object_component>
      <object_component id="oc-16d">
         <name>.debug_abbrev</name>
         <load_address>0x828</load_address>
         <run_address>0x828</run_address>
         <size>0x6c</size>
         <input_file_ref idref="fl-a"/>
      </object_component>
      <object_component id="oc-1c0">
         <name>.debug_abbrev</name>
         <load_address>0x894</load_address>
         <run_address>0x894</run_address>
         <size>0x5e</size>
         <input_file_ref idref="fl-b"/>
      </object_component>
      <object_component id="oc-164">
         <name>.debug_abbrev</name>
         <load_address>0x8f2</load_address>
         <run_address>0x8f2</run_address>
         <size>0x6c</size>
         <input_file_ref idref="fl-b"/>
      </object_component>
      <object_component id="oc-166">
         <name>.debug_abbrev</name>
         <load_address>0x95e</load_address>
         <run_address>0x95e</run_address>
         <size>0x6c</size>
         <input_file_ref idref="fl-b"/>
      </object_component>
      <object_component id="oc-163">
         <name>.debug_abbrev</name>
         <load_address>0x9ca</load_address>
         <run_address>0x9ca</run_address>
         <size>0x6c</size>
         <input_file_ref idref="fl-b"/>
      </object_component>
      <object_component id="oc-165">
         <name>.debug_abbrev</name>
         <load_address>0xa36</load_address>
         <run_address>0xa36</run_address>
         <size>0x6c</size>
         <input_file_ref idref="fl-b"/>
      </object_component>
      <object_component id="oc-161">
         <name>.debug_abbrev</name>
         <load_address>0xaa2</load_address>
         <run_address>0xaa2</run_address>
         <size>0x6c</size>
         <input_file_ref idref="fl-b"/>
      </object_component>
      <object_component id="oc-1b3">
         <name>.debug_abbrev</name>
         <load_address>0xb0e</load_address>
         <run_address>0xb0e</run_address>
         <size>0xb0</size>
         <input_file_ref idref="fl-c"/>
      </object_component>
      <object_component id="oc-1be">
         <name>.debug_abbrev</name>
         <load_address>0xbbe</load_address>
         <run_address>0xbbe</run_address>
         <size>0x27</size>
         <input_file_ref idref="fl-c"/>
      </object_component>
      <object_component id="oc-156">
         <name>.debug_abbrev</name>
         <load_address>0xbe5</load_address>
         <run_address>0xbe5</run_address>
         <size>0x6c</size>
         <input_file_ref idref="fl-c"/>
      </object_component>
      <object_component id="oc-155">
         <name>.debug_abbrev</name>
         <load_address>0xc51</load_address>
         <run_address>0xc51</run_address>
         <size>0x6c</size>
         <input_file_ref idref="fl-c"/>
      </object_component>
      <object_component id="oc-153">
         <name>.debug_abbrev</name>
         <load_address>0xcbd</load_address>
         <run_address>0xcbd</run_address>
         <size>0x7a</size>
         <input_file_ref idref="fl-c"/>
      </object_component>
      <object_component id="oc-160">
         <name>.debug_abbrev</name>
         <load_address>0xd37</load_address>
[...]
         <load_address>0x0</load_address>
         <run_address>0x0</run_address>
         <size>0x13f0</size>
         <flags>0x5</flags>
         <contents>
            <logical_group_ref idref="lg-3"/>
            <logical_group_ref idref="lg-4"/>
            <logical_group_ref idref="lg-5"/>
            <logical_group_ref idref="lg-6"/>
         </contents>
      </load_segment>
      <load_segment id="lg-202" display="no" color="cyan">
         <name>SEGMENT_1</name>
         <run_address>0x20000000</run_address>
         <size>0x24c</size>
         <flags>0x6</flags>
         <contents>
            <logical_group_ref idref="lg-d"/>
            <logical_group_ref idref="lg-a"/>
            <logical_group_ref idref="lg-b"/>
         </contents>
      </load_segment>
   </logical_group_list>
   <placement_map>
      <memory_area display="yes" color="green">
         <name>FLASH</name>
         <page_id>0x0</page_id>
         <origin>0x0</origin>
         <length>0x40000</length>
         <used_space>0x13ea</used_space>
         <unused_space>0x3ec16</unused_space>
         <attributes>RX</attributes>
         <usage_details>
            <allocated_space>
               <start_address>0x0</start_address>
               <size>0x26c</size>
               <logical_group_ref idref="lg-3"/>
            </allocated_space>
            <allocated_space>
               <start_address>0x26c</start_address>
               <size>0xfca</size>
               <logical_group_ref idref="lg-4"/>
            </allocated_space>
            <available_space>
               <start_address>0x1236</start_address>
               <size>0x2</size>
            </available_space>
            <allocated_space>
               <start_address>0x1238</start_address>
               <size>0x16c</size>
               <logical_group_ref idref="lg-5"/>
            </allocated_space>
            <available_space>
               <start_address>0x13a4</start_address>
               <size>0x4</size>
            </available_space>
            <allocated_space>
               <start_address>0x13a8</start_address>
               <size>0x48</size>
               <logical_group_ref idref="lg-6"/>
            </allocated_space>
            <available_space>
               <start_address>0x13f0</start_address>
               <size>0x3ec10</size>
            </available_space>
         </usage_details>
      </memory_area>
      <memory_area display="yes" color="green">
         <name>SRAM</name>
         <page_id>0x0</page_id>
         <origin>0x20000000</origin>
         <length>0x8000</length>
         <used_space>0x24c</used_space>
         <unused_space>0x7db4</unused_space>
         <attributes>RWX</attributes>
         <usage_details>
            <allocated_space>
               <start_address>0x20000000</start_address>
               <size>0x200</size>
               <logical_group_ref idref="lg-d"/>
            </allocated_space>
            <allocated_space>
               <start_address>0x20000200</start_address>
               <size>0x40</size>
               <logical_group_ref idref="lg-a"/>
            </allocated_space>
            <allocated_space>
               <start_address>0x20000240</start_address>
               <size>0xc</size>
               <logical_group_ref idref="lg-b"/>
            </allocated_space>
            <available_space>
               <start_address>0x2000024c</start_address>
               <size>0x7db4</size>
            </available_space>
         </usage_details>
      </memory_area>
   </placement_map>
   <cptbl_list>
      <cptbl>
         <name>__TI_cinit_table</name>
         <cprec>
            <name>.data</name>
            <load_address>0x13a8</load_address>
            <load_size>0x1d</load_size>
            <run_address>0x20000200</run_address>
            <run_size>0x40</run_size>
            <compression>lzss</compression>
         </cprec>
         <cprec>
            <name>.bss</name>
            <load_address>0x13d8</load_address>
            <load_size>0x8</load_size>
            <run_address>0x20000240</run_address>
            <run_size>0xc</run_size>
            <compression>zero_init</compression>
         </cprec>
      </cptbl>
   </cptbl_list>
   <handler_table>
      <handler_table_name>__TI_handler_table</handler_table_name>
      <handler>
         <index>0x0</index>
         <name>__TI_decompress_lzss</name>
      </handler>
      <handler>
         <index>0x1</index>
         <name>__TI_decompress_none</name>
      </handler>
      <handler>
         <index>0x2</index>
         <name>__TI_zero_init</name>
      </handler>
   </handler_table>
   <symbol_table>
      <symbol id="sm-1">
         <name>__STACK_TOP</name>
         <value>0x20000200</value>
      </symbol>
      <symbol id="sm-2">
         <name>__TI_CINIT_Base</name>
         <value>0x13e0</value>
      </symbol>
      <symbol id="sm-3">
         <name>__TI_CINIT_Limit</name>
         <value>0x13f0</value>
      </symbol>
      <symbol id="sm-4">
         <name>__TI_Handler_Table_Base</name>
         <value>0x13c8</value>
      </symbol>
      <symbol id="sm-5">
         <name>__TI_Handler_Table_Limit</name>
         <value>0x13d4</value>
      </symbol>
      <symbol id="sm-6">
         <name>binit</name>
         <value>0xffffffff</value>
      </symbol>
      <symbol id="sm-7">
         <name>__binit__</name>
         <value>0xffffffff</value>
      </symbol>
      <symbol id="sm-8">
         <name>__STACK_SIZE</name>
         <value>0x200</value>
      </symbol>
      <symbol id="sm-9">
         <name>__STACK_END</name>
         <value>0x20000200</value>
      </symbol>
      <symbol id="sm-a">
         <name>__c_args__</name>
         <value>0xffffffff</value>
      </symbol>
      <symbol id="sm-b">
         <name>__TI_pprof_out_hndl</name>
         <value>0xffffffff</value>
      </symbol>
      <symbol id="sm-c">
         <name>__TI_prof_data_start</name>
         <value>0xffffffff</value>
      </symbol>
      <symbol id="sm-d">
         <name>__TI_prof_data_size</name>
         <value>0xffffffff</value>
      </symbol>
      <symbol id="sm-d5">
         <name>ui32Load</name>
         <value>0x20000240</value>
      </symbol>
      <symbol id="sm-d6">
         <name>ui32PWMClock</name>
         <value>0x20000244</value>
      </symbol>
      <symbol id="sm-d7">
         <name>ui32Period</name>
         <value>0x20000248</value>
      </symbol>
      <symbol id="sm-d8">
         <name>delta</name>
         <value>0x20000204</value>
         <object_component_ref idref="oc-fd"/>
      </symbol>
      <symbol id="sm-d9">
         <name>setupPWM</name>
         <value>0x291</value>
         <object_component_ref idref="oc-31"/>
      </symbol>
      <symbol id="sm-da">
         <name>increaseBrightness</name>
         <value>0x4f3</value>
         <object_component_ref idref="oc-31"/>
      </symbol>
      <symbol id="sm-db">
         <name>detectKeyPress</name>
         <value>0x3df</value>
         <object_component_ref idref="oc-31"/>
      </symbol>
      <symbol id="sm-dc">
         <name>singlePressFlag</name>
         <value>0x20000234</value>
         <object_component_ref idref="oc-110"/>
      </symbol>
      <symbol id="sm-dd">
         <name>modeDetect</name>
         <value>0x5a1</value>
         <object_component_ref idref="oc-31"/>
      </symbol>
      <symbol id="sm-de">
         <name>state</name>
         <value>0x2000020d</value>
         <object_component_ref idref="oc-101"/>
      </symbol>
      <symbol id="sm-df">
         <name>ui8AdjustB</name>
         <value>0x20000202</value>
         <object_component_ref idref="oc-fd"/>
      </symbol>
      <symbol id="sm-e0">
         <name>ui8AdjustG</name>
         <value>0x20000201</value>
         <object_component_ref idref="oc-fd"/>
      </symbol>
      <symbol id="sm-e1">
         <name>ui8AdjustR</name>
         <value>0x20000200</value>
         <object_component_ref idref="oc-fd"/>
      </symbol>
      <symbol id="sm-e2">
         <name>modeThree</name>
         <value>0x65d</value>
         <object_component_ref idref="oc-31"/>
      </symbol>
      <symbol id="sm-e3">
         <name>main</name>
         <value>0x8b1</value>
         <object_component_ref idref="oc-31"/>
      </symbol>
      <symbol id="sm-e4">
         <name>delay</name>
         <value>0x20000208</value>
         <object_component_ref idref="oc-fd"/>
      </symbol>
      <symbol id="sm-e5">
         <name>modeTwo</name>
         <value>0x637</value>
         <object_component_ref idref="oc-31"/>
      </symbol>
      <symbol id="sm-e6">
         <name>doublePressFlag</name>
         <value>0x20000224</value>
         <object_component_ref idref="oc-107"/>
      </symbol>
      <symbol id="sm-e7">
         <name>decreaseBrightness</name>
         <value>0x4b7</value>
         <object_component_ref idref="oc-31"/>
      </symbol>
      <symbol id="sm-e8">
         <name>colorCycle</name>
         <value>0x52f</value>
         <object_component_ref idref="oc-31"/>
      </symbol>
      <symbol id="sm-e9">
         <name>timerConfig</name>
         <value>0x367</value>
         <object_component_ref idref="oc-31"/>
      </symbol>
      <symbol id="sm-ea">
         <name>modeOne</name>
         <value>0x619</value>
         <object_component_ref idref="oc-31"/>
      </symbol>
      <symbol id="sm-eb">
         <name>interruptConfig</name>
         <value>0x391</value>
         <object_component_ref idref="oc-31"/>
      </symbol>
      <symbol id="sm-ec">
         <name>setup</name>
         <value>0x26d</value>
         <object_component_ref idref="oc-31"/>
      </symbol>
      <symbol id="sm-ed">
         <name>switchPinConfig</name>
         <value>0x3af</value>
         <object_component_ref idref="oc-31"/>
      </symbol>
      <symbol id="sm-ee">
         <name>mode</name>
         <value>0x2000020c</value>
         <object_component_ref idref="oc-fd"/>
      </symbol>
      <symbol id="sm-ef">
         <name>Timer0IntHandler</name>
         <value>0x695</value>
         <object_component_ref idref="oc-31"/>
      </symbol>
      <symbol id="sm-f0">
         <name>flag</name>
         <value>0x2000022c</value>
         <object_component_ref idref="oc-104"/>
      </symbol>
      <symbol id="sm-111">
         <name>ResetISR</name>
         <value>0x120f</value>
         <object_component_ref idref="oc-2b"/>
      </symbol>
      <symbol id="sm-112">
         <name>g_pfnVectors</name>
         <value>0x0</value>
         <object_component_ref idref="oc-f"/>
      </symbol>
      <symbol id="sm-14c">
         <name>GPIOPinTypePWM</name>
         <value>0x1179</value>
         <object_component_ref idref="oc-98"/>
      </symbol>
      <symbol id="sm-14d">
         <name>GPIOPinConfigure</name>
         <value>0x1051</value>
         <object_component_ref idref="oc-92"/>
      </symbol>
      <symbol id="sm-14e">
         <name>GPIOPinRead</name>
         <value>0x1223</value>
         <object_component_ref idref="oc-f2"/>
      </symbol>
      <symbol id="sm-14f">
         <name>GPIODirModeSet</name>
         <value>0x10cd</value>
         <object_component_ref idref="oc-e6"/>
      </symbol>
      <symbol id="sm-150">
         <name>GPIOPadConfigSet</name>
         <value>0x96d</value>
         <object_component_ref idref="oc-ec"/>
      </symbol>
      <symbol id="sm-180">
         <name>IntEnable</name>
         <value>0xe2d</value>
         <object_component_ref idref="oc-ce"/>
      </symbol>
      <symbol id="sm-181">
         <name>IntMasterEnable</name>
         <value>0x11af</value>
         <object_component_ref idref="oc-da"/>
      </symbol>
      <symbol id="sm-1ae">
         <name>PWMGenPeriodSet</name>
         <value>0x11bf</value>
         <object_component_ref idref="oc-aa"/>
      </symbol>
      <symbol id="sm-1af">
         <name>PWMPulseWidthSet</name>
         <value>0x1119</value>
         <object_component_ref idref="oc-b0"/>
      </symbol>
      <symbol id="sm-1b0">
         <name>PWMOutputState</name>
         <value>0x118b</value>
         <object_component_ref idref="oc-bc"/>
      </symbol>
      <symbol id="sm-1b1">
         <name>PWMGenEnable</name>
         <value>0x11f7</value>
         <object_component_ref idref="oc-b6"/>
      </symbol>
      <symbol id="sm-1b2">
         <name>PWMGenConfigure</name>
         <value>0x10f7</value>
         <object_component_ref idref="oc-a4"/>
      </symbol>
      <symbol id="sm-20e">
         <name>SysCtlClockSet</name>
         <value>0xbb1</value>
         <object_component_ref idref="oc-80"/>
      </symbol>
      <symbol id="sm-20f">
         <name>SysCtlDelay</name>
         <value>0x1229</value>
         <object_component_ref idref="oc-f8"/>
      </symbol>
      <symbol id="sm-210">
         <name>SysCtlPeripheralEnable</name>
         <value>0x1099</value>
         <object_component_ref idref="oc-8c"/>
      </symbol>
      <symbol id="sm-211">
         <name>SysCtlClockGet</name>
         <value>0xaa1</value>
         <object_component_ref idref="oc-9e"/>
      </symbol>
      <symbol id="sm-212">
         <name>SysCtlPWMClockSet</name>
         <value>0x1151</value>
         <object_component_ref idref="oc-86"/>
      </symbol>
      <symbol id="sm-246">
         <name>TimerLoadSet</name>
         <value>0x119d</value>
         <object_component_ref idref="oc-c8"/>
      </symbol>
      <symbol id="sm-247">
         <name>TimerEnable</name>
         <value>0x11cf</value>
         <object_component_ref idref="oc-e0"/>
      </symbol>
      <symbol id="sm-248">
         <name>TimerIntEnable</name>
         <value>0x121b</value>
         <object_component_ref idref="oc-d4"/>
      </symbol>
      <symbol id="sm-249">
         <name>TimerConfigure</name>
         <value>0xefd</value>
         <object_component_ref idref="oc-c2"/>
      </symbol>
      <symbol id="sm-24a">
         <name>TimerIntClear</name>
         <value>0x122f</value>
         <object_component_ref idref="oc-10a"/>
      </symbol>
      <symbol id="sm-254">
         <name>CPUcpsie</name>
         <value>0x11eb</value>
         <object_component_ref idref="oc-170"/>
      </symbol>
      <symbol id="sm-265">
         <name>_c_int00</name>
         <value>0xf5d</value>
         <object_component_ref idref="oc-24"/>
      </symbol>
      <symbol id="sm-266">
         <name>__stack</name>
         <value>0x20000000</value>
         <object_component_ref idref="oc-2a"/>
      </symbol>
      <symbol id="sm-284">
         <name>__TI_decompress_lzss</name>
         <value>0xe95</value>
         <object_component_ref idref="oc-12"/>
      </symbol>
      <symbol id="sm-29b">
         <name>__TI_decompress_none</name>
         <value>0x11dd</value>
         <object_component_ref idref="oc-18"/>
      </symbol>
      <symbol id="sm-2b2">
         <name>__TI_zero_init</name>
         <value>0x1203</value>
         <object_component_ref idref="oc-1e"/>
      </symbol>
      <symbol id="sm-2d3">
         <name>C$$EXIT</name>
         <value>0xfb1</value>
         <object_component_ref idref="oc-75"/>
      </symbol>
      <symbol id="sm-2d4">
         <name>abort</name>
         <value>0xfb5</value>
         <object_component_ref idref="oc-75"/>
      </symbol>
      <symbol id="sm-2d5">
         <name>exit</name>
         <value>0xfbd</value>
         <object_component_ref idref="oc-75"/>
      </symbol>
      <symbol id="sm-2d6">
         <name>__TI_dtors_ptr</name>
         <value>0x20000214</value>
         <object_component_ref idref="oc-148"/>
      </symbol>
      <symbol id="sm-2d7">
         <name>__TI_cleanup_ptr</name>
         <value>0x20000210</value>
         <object_component_ref idref="oc-148"/>
      </symbol>
      <symbol id="sm-2d8">
         <name>__TI_enable_exit_profile_output</name>
         <value>0x20000218</value>
         <object_component_ref idref="oc-148"/>
      </symbol>
      <symbol id="sm-2f3">
         <name>memcpy</name>
         <value>0xca5</value>
         <object_component_ref idref="oc-45"/>
      </symbol>
      <symbol id="sm-2f4">
         <name>__aeabi_memcpy</name>
         <value>0xca5</value>
         <object_component_ref idref="oc-45"/>
      </symbol>
      <symbol id="sm-2f5">
         <name>__aeabi_memcpy8</name>
         <value>0xca5</value>
         <object_component_ref idref="oc-45"/>
      </symbol>
      <symbol id="sm-2f6">
         <name>__aeabi_memcpy4</name>
         <value>0xca5</value>
         <object_component_ref idref="oc-45"/>
      </symbol>
      <symbol id="sm-305">
         <name>__aeabi_memset</name>
         <value>0xd43</value>
         <object_component_ref idref="oc-51"/>
      </symbol>
      <symbol id="sm-306">
         <name>memset</name>
         <value>0xd49</value>
         <object_component_ref idref="oc-51"/>
      </symbol>
      <symbol id="sm-307">
         <name>__aeabi_memset8</name>
         <value>0xd43</value>
         <object_component_ref idref="oc-51"/>
      </symbol>
      <symbol id="sm-308">
         <name>__aeabi_memset4</name>
         <value>0xd43</value>
         <object_component_ref idref="oc-51"/>
      </symbol>
      <symbol id="sm-309">
         <name>__aeabi_memclr8</name>
         <value>0xd41</value>
         <object_component_ref idref="oc-51"/>
      </symbol>
      <symbol id="sm-30a">
         <name>__aeabi_memclr4</name>
         <value>0xd41</value>
         <object_component_ref idref="oc-51"/>
      </symbol>
      <symbol id="sm-30b">
         <name>__aeabi_memclr</name>
         <value>0xd41</value>
         <object_component_ref idref="oc-51"/>
      </symbol>
      <symbol id="sm-315">
         <name>__mpu_init</name>
         <value>0xa9f</value>
         <object_component_ref idref="oc-5d"/>
      </symbol>
      <symbol id="sm-31f">
         <name>_system_pre_init</name>
         <value>0x1233</value>
         <object_component_ref idref="oc-63"/>
      </symbol>
      <symbol id="sm-327">
         <name>main_func_sp</name>
         <value>0x2000023c</value>
         <object_component_ref idref="oc-7b"/>
      </symbol>
      <symbol id="sm-340">
         <name>_nop</name>
         <value>0x1173</value>
         <object_component_ref idref="oc-1a7"/>
      </symbol>
      <symbol id="sm-341">
         <name>_lock</name>
         <value>0x2000021c</value>
         <object_component_ref idref="oc-14b"/>
      </symbol>
      <symbol id="sm-342">
         <name>_unlock</name>
         <value>0x20000220</value>
         <object_component_ref idref="oc-14b"/>
      </symbol>
      <symbol id="sm-343">
         <name>_register_lock</name>
         <value>0x116b</value>
         <object_component_ref idref="oc-1a7"/>
      </symbol>
      <symbol id="sm-344">
         <name>_register_unlock</name>
         <value>0x1165</value>
         <object_component_ref idref="oc-1a7"/>
      </symbol>
      <symbol id="sm-358">
         <name>_args_main</name>
         <value>0x1139</value>
         <object_component_ref idref="oc-6f"/>
      </symbol>
      <symbol id="sm-382">
         <name>__TI_auto_init</name>
         <value>0xdbd</value>
         <object_component_ref idref="oc-69"/>
      </symbol>
      <symbol id="sm-39c">
         <name>copy_in</name>
         <value>0x1005</value>
         <object_component_ref idref="oc-138"/>
      </symbol>
      <symbol id="sm-3a6">
         <name>_system_post_cinit</name>
         <value>0xdbb</value>
         <object_component_ref idref="oc-13e"/>
      </symbol>
      <symbol id="sm-3a7">
         <name>__TI_static_base__</name>
         <value>0x0</value>
      </symbol>
      <symbol id="sm-3aa">
         <name>SHT$$INIT_ARRAY$$Limit</name>
         <value>0x0</value>
      </symbol>
      <symbol id="sm-3ab">
         <name>SHT$$INIT_ARRAY$$Base</name>
         <value>0x0</value>
      </symbol>
   </symbol_table>
   <title>Link successful</title>
</link_info>
