******************************************************************************
                  TI ARM Linker Unix v16.9.1                   
******************************************************************************
>> Linked Wed May 31 16:52:55 2017

OUTPUT FILE NAME:   <Lab_3.out>
ENTRY POINT SYMBOL: "_c_int00"  address: 00000f5d


MEMORY CONFIGURATION

         name            origin    length      used     unused   attr    fill
----------------------  --------  ---------  --------  --------  ----  --------
  FLASH                 00000000   00040000  000013ea  0003ec16  R  X
  SRAM                  20000000   00008000  0000024c  00007db4  RW X


SEGMENT ALLOCATION MAP

run origin  load origin   length   init length attrs members
----------  ----------- ---------- ----------- ----- -------
00000000    00000000    000013f0   000013f0    r-x
  00000000    00000000    0000026c   0000026c    r-- .intvecs
  0000026c    0000026c    00000fca   00000fca    r-x .text
  00001238    00001238    0000016c   0000016c    r-- .const
  000013a8    000013a8    00000048   00000048    r-- .cinit
20000000    20000000    0000024c   00000000    rw-
  20000000    20000000    00000200   00000000    rw- .stack
  20000200    20000200    00000040   00000000    rw- .data
  20000240    20000240    0000000c   00000000    rw- .bss


SECTION ALLOCATION MAP

 output                                  attributes/
section   page    origin      length       input sections
--------  ----  ----------  ----------   ----------------
.intvecs   0    00000000    0000026c     
                  00000000    0000026c     tm4c123gh6pm_startup_ccs.obj (.intvecs)

.text      0    0000026c    00000fca     
                  0000026c    00000700     main.obj (.text)
                  0000096c    00000132     driverlib.lib : gpio.obj (.text:GPIOPadConfigSet)
                  00000a9e    00000002     rtsv7M4_T_le_v4SPD16_eabi.lib : mpu_init.obj (.text)
                  00000aa0    00000110     driverlib.lib : sysctl.obj (.text:SysCtlClockGet)
                  00000bb0    000000f4                   : sysctl.obj (.text:SysCtlClockSet)
                  00000ca4    0000009c     rtsv7M4_T_le_v4SPD16_eabi.lib : memcpy_t2.obj (.text)
                  00000d40    0000007a                                   : memset_t2.obj (.text)
                  00000dba    00000002                                   : startup.obj (.text)
                  00000dbc    00000070                                   : autoinit.obj (.text)
                  00000e2c    00000068     driverlib.lib : interrupt.obj (.text:IntEnable)
                  00000e94    00000068     rtsv7M4_T_le_v4SPD16_eabi.lib : copy_decompress_lzss.obj (.text:decompress:lzss)
                  00000efc    00000060     driverlib.lib : timer.obj (.text:TimerConfigure)
                  00000f5c    00000054     rtsv7M4_T_le_v4SPD16_eabi.lib : boot.obj (.text)
                  00000fb0    00000054                                   : exit.obj (.text)
                  00001004    0000004c                                   : cpy_tbl.obj (.text)
                  00001050    00000048     driverlib.lib : gpio.obj (.text:GPIOPinConfigure)
                  00001098    00000034                   : sysctl.obj (.text:SysCtlPeripheralEnable)
                  000010cc    0000002a                   : gpio.obj (.text:GPIODirModeSet)
                  000010f6    00000022                   : pwm.obj (.text:PWMGenConfigure)
                  00001118    0000001e                   : pwm.obj (.text:PWMPulseWidthSet)
                  00001136    00000002     --HOLE-- [fill = 0]
                  00001138    00000018     rtsv7M4_T_le_v4SPD16_eabi.lib : args_main.obj (.text)
                  00001150    00000014     driverlib.lib : sysctl.obj (.text:SysCtlPWMClockSet)
                  00001164    00000014     rtsv7M4_T_le_v4SPD16_eabi.lib : _lock.obj (.text)
                  00001178    00000012     driverlib.lib : gpio.obj (.text:GPIOPinTypePWM)
                  0000118a    00000012                   : pwm.obj (.text:PWMOutputState)
                  0000119c    00000012                   : timer.obj (.text:TimerLoadSet)
                  000011ae    00000010                   : interrupt.obj (.text:IntMasterEnable)
                  000011be    00000010                   : pwm.obj (.text:PWMGenPeriodSet)
                  000011ce    0000000e                   : timer.obj (.text:TimerEnable)
                  000011dc    0000000e     rtsv7M4_T_le_v4SPD16_eabi.lib : copy_decompress_none.obj (.text:decompress:none)
                  000011ea    0000000c     driverlib.lib : cpu.obj (.text:CPUcpsie)
                  000011f6    0000000c                   : pwm.obj (.text:PWMGenEnable)
                  00001202    0000000c     rtsv7M4_T_le_v4SPD16_eabi.lib : copy_zero_init.obj (.text:decompress:ZI)
                  0000120e    0000000c     tm4c123gh6pm_startup_ccs.obj (.text)
                  0000121a    00000008     driverlib.lib : timer.obj (.text:TimerIntEnable)
                  00001222    00000006                   : gpio.obj (.text:GPIOPinRead)
                  00001228    00000006                   : sysctl.obj (.text:SysCtlDelay)
                  0000122e    00000004                   : timer.obj (.text:TimerIntClear)
                  00001232    00000004     rtsv7M4_T_le_v4SPD16_eabi.lib : pre_init.obj (.text)

.const     0    00001238    0000016c     
                  00001238    00000090     driverlib.lib : gpio.obj (.const:g_pui32GPIOBaseAddrs)
                  000012c8    00000070                   : interrupt.obj (.const)
                  00001338    0000006c                   : sysctl.obj (.const:g_pui32Xtals)

.cinit     0    000013a8    00000048     
                  000013a8    0000001d     (.cinit..data.load) [load image, compression = lzss]
                  000013c5    00000003     --HOLE-- [fill = 0]
                  000013c8    0000000c     (__TI_handler_table)
                  000013d4    00000004     --HOLE-- [fill = 0]
                  000013d8    00000008     (.cinit..bss.load) [load image, compression = zero_init]
                  000013e0    00000010     (__TI_cinit_table)

.init_array 
*          0    00000000    00000000     UNINITIALIZED

.data      0    20000200    00000040     UNINITIALIZED
                  20000200    0000000d     main.obj (.data)
                  2000020d    00000002     main.obj (.data:state)
                  2000020f    00000001     --HOLE--
                  20000210    0000000c     rtsv7M4_T_le_v4SPD16_eabi.lib : exit.obj (.data:$O1$$)
                  2000021c    00000008                                   : _lock.obj (.data:$O1$$)
                  20000224    00000008     main.obj (.data:doublePressFlag)
                  2000022c    00000008     main.obj (.data:flag)
                  20000234    00000008     main.obj (.data:singlePressFlag)
                  2000023c    00000004     rtsv7M4_T_le_v4SPD16_eabi.lib : stkdepth_vars.obj (.data)

.bss       0    20000240    0000000c     UNINITIALIZED
                  20000240    00000004     (.common:ui32Load)
                  20000244    00000004     (.common:ui32PWMClock)
                  20000248    00000004     (.common:ui32Period)

.stack     0    20000000    00000200     UNINITIALIZED
                  20000000    00000200     --HOLE--

MODULE SUMMARY

       Module                         code   ro data   rw data
       ------                         ----   -------   -------
    ./
       main.obj                       1792   0         51     
       tm4c123gh6pm_startup_ccs.obj   12     620       0      
    +--+------------------------------+------+---------+---------+
       Total:                         1804   620       51     
                                                              
    /Applications/ti/SW-TM4C-2.1.2.111/driverlib/ccs/Debug/driverlib.lib
       sysctl.obj                     594    108       0      
       gpio.obj                       444    144       0      
       interrupt.obj                  120    112       0      
       timer.obj                      140    0         0      
       pwm.obj                        110    0         0      
       cpu.obj                        12     0         0      
    +--+------------------------------+------+---------+---------+
       Total:                         1420   364       0      
                                                              
    /Applications/ti/ccsv7/tools/compiler/ti-cgt-arm_16.9.1.LTS/lib/rtsv7M4_T_le_v4SPD16_eabi.lib
       memcpy_t2.obj                  156    0         0      
       memset_t2.obj                  122    0         0      
       autoinit.obj                   112    0         0      
       copy_decompress_lzss.obj       104    0         0      
       exit.obj                       84     0         12     
       boot.obj                       84     0         0      
       cpy_tbl.obj                    76     0         0      
       _lock.obj                      20     0         8      
       args_main.obj                  24     0         0      
       copy_decompress_none.obj       14     0         0      
       copy_zero_init.obj             12     0         0      
       pre_init.obj                   4      0         0      
       stkdepth_vars.obj              0      0         4      
       mpu_init.obj                   2      0         0      
       startup.obj                    2      0         0      
    +--+------------------------------+------+---------+---------+
       Total:                         816    0         24     
                                                              
       Stack:                         0      0         512    
       Linker Generated:              0      65        0      
    +--+------------------------------+------+---------+---------+
       Grand Total:                   4040   1049      587    


LINKER GENERATED COPY TABLES

__TI_cinit_table @ 000013e0 records: 2, size/record: 8, table size: 16
	.data: load addr=000013a8, load size=0000001d bytes, run addr=20000200, run size=00000040 bytes, compression=lzss
	.bss: load addr=000013d8, load size=00000008 bytes, run addr=20000240, run size=0000000c bytes, compression=zero_init


LINKER GENERATED HANDLER TABLE

__TI_handler_table @ 000013c8 records: 3, size/record: 4, table size: 12
	index: 0, handler: __TI_decompress_lzss
	index: 1, handler: __TI_decompress_none
	index: 2, handler: __TI_zero_init


GLOBAL SYMBOLS: SORTED ALPHABETICALLY BY Name 

address   name                           
-------   ----                           
00000fb1  C$$EXIT                        
000011eb  CPUcpsie                       
000010cd  GPIODirModeSet                 
0000096d  GPIOPadConfigSet               
00001051  GPIOPinConfigure               
00001223  GPIOPinRead                    
00001179  GPIOPinTypePWM                 
00000e2d  IntEnable                      
000011af  IntMasterEnable                
000010f7  PWMGenConfigure                
000011f7  PWMGenEnable                   
000011bf  PWMGenPeriodSet                
0000118b  PWMOutputState                 
00001119  PWMPulseWidthSet               
0000120f  ResetISR                       
UNDEFED   SHT$$INIT_ARRAY$$Base          
UNDEFED   SHT$$INIT_ARRAY$$Limit         
00000aa1  SysCtlClockGet                 
00000bb1  SysCtlClockSet                 
00001229  SysCtlDelay                    
00001151  SysCtlPWMClockSet              
00001099  SysCtlPeripheralEnable         
00000695  Timer0IntHandler               
00000efd  TimerConfigure                 
000011cf  TimerEnable                    
0000122f  TimerIntClear                  
0000121b  TimerIntEnable                 
0000119d  TimerLoadSet                   
20000200  __STACK_END                    
00000200  __STACK_SIZE                   
20000200  __STACK_TOP                    
000013e0  __TI_CINIT_Base                
000013f0  __TI_CINIT_Limit               
000013c8  __TI_Handler_Table_Base        
000013d4  __TI_Handler_Table_Limit       
00000dbd  __TI_auto_init                 
20000210  __TI_cleanup_ptr               
00000e95  __TI_decompress_lzss           
000011dd  __TI_decompress_none           
20000214  __TI_dtors_ptr                 
20000218  __TI_enable_exit_profile_output
ffffffff  __TI_pprof_out_hndl            
ffffffff  __TI_prof_data_size            
ffffffff  __TI_prof_data_start           
00000000  __TI_static_base__             
00001203  __TI_zero_init                 
00000d41  __aeabi_memclr                 
00000d41  __aeabi_memclr4                
00000d41  __aeabi_memclr8                
00000ca5  __aeabi_memcpy                 
00000ca5  __aeabi_memcpy4                
00000ca5  __aeabi_memcpy8                
00000d43  __aeabi_memset                 
00000d43  __aeabi_memset4                
00000d43  __aeabi_memset8                
ffffffff  __binit__                      
ffffffff  __c_args__                     
00000a9f  __mpu_init                     
20000000  __stack                        
00001139  _args_main                     
00000f5d  _c_int00                       
2000021c  _lock                          
00001173  _nop                           
0000116b  _register_lock                 
00001165  _register_unlock               
00000dbb  _system_post_cinit             
00001233  _system_pre_init               
20000220  _unlock                        
00000fb5  abort                          
ffffffff  binit                          
0000052f  colorCycle                     
00001005  copy_in                        
000004b7  decreaseBrightness             
20000208  delay                          
20000204  delta                          
000003df  detectKeyPress                 
20000224  doublePressFlag                
00000fbd  exit                           
2000022c  flag                           
00000000  g_pfnVectors                   
000004f3  increaseBrightness             
00000391  interruptConfig                
000008b1  main                           
2000023c  main_func_sp                   
00000ca5  memcpy                         
00000d49  memset                         
2000020c  mode                           
000005a1  modeDetect                     
00000619  modeOne                        
0000065d  modeThree                      
00000637  modeTwo                        
0000026d  setup                          
00000291  setupPWM                       
20000234  singlePressFlag                
2000020d  state                          
000003af  switchPinConfig                
00000367  timerConfig                    
20000240  ui32Load                       
20000244  ui32PWMClock                   
20000248  ui32Period                     
20000202  ui8AdjustB                     
20000201  ui8AdjustG                     
20000200  ui8AdjustR                     


GLOBAL SYMBOLS: SORTED BY Symbol Address 

address   name                           
-------   ----                           
00000000  __TI_static_base__             
00000000  g_pfnVectors                   
00000200  __STACK_SIZE                   
0000026d  setup                          
00000291  setupPWM                       
00000367  timerConfig                    
00000391  interruptConfig                
000003af  switchPinConfig                
000003df  detectKeyPress                 
000004b7  decreaseBrightness             
000004f3  increaseBrightness             
0000052f  colorCycle                     
000005a1  modeDetect                     
00000619  modeOne                        
00000637  modeTwo                        
0000065d  modeThree                      
00000695  Timer0IntHandler               
000008b1  main                           
0000096d  GPIOPadConfigSet               
00000a9f  __mpu_init                     
00000aa1  SysCtlClockGet                 
00000bb1  SysCtlClockSet                 
00000ca5  __aeabi_memcpy                 
00000ca5  __aeabi_memcpy4                
00000ca5  __aeabi_memcpy8                
00000ca5  memcpy                         
00000d41  __aeabi_memclr                 
00000d41  __aeabi_memclr4                
00000d41  __aeabi_memclr8                
00000d43  __aeabi_memset                 
00000d43  __aeabi_memset4                
00000d43  __aeabi_memset8                
00000d49  memset                         
00000dbb  _system_post_cinit             
00000dbd  __TI_auto_init                 
00000e2d  IntEnable                      
00000e95  __TI_decompress_lzss           
00000efd  TimerConfigure                 
00000f5d  _c_int00                       
00000fb1  C$$EXIT                        
00000fb5  abort                          
00000fbd  exit                           
00001005  copy_in                        
00001051  GPIOPinConfigure               
00001099  SysCtlPeripheralEnable         
000010cd  GPIODirModeSet                 
000010f7  PWMGenConfigure                
00001119  PWMPulseWidthSet               
00001139  _args_main                     
00001151  SysCtlPWMClockSet              
00001165  _register_unlock               
0000116b  _register_lock                 
00001173  _nop                           
00001179  GPIOPinTypePWM                 
0000118b  PWMOutputState                 
0000119d  TimerLoadSet                   
000011af  IntMasterEnable                
000011bf  PWMGenPeriodSet                
000011cf  TimerEnable                    
000011dd  __TI_decompress_none           
000011eb  CPUcpsie                       
000011f7  PWMGenEnable                   
00001203  __TI_zero_init                 
0000120f  ResetISR                       
0000121b  TimerIntEnable                 
00001223  GPIOPinRead                    
00001229  SysCtlDelay                    
0000122f  TimerIntClear                  
00001233  _system_pre_init               
000013c8  __TI_Handler_Table_Base        
000013d4  __TI_Handler_Table_Limit       
000013e0  __TI_CINIT_Base                
000013f0  __TI_CINIT_Limit               
20000000  __stack                        
20000200  __STACK_END                    
20000200  __STACK_TOP                    
20000200  ui8AdjustR                     
20000201  ui8AdjustG                     
20000202  ui8AdjustB                     
20000204  delta                          
20000208  delay                          
2000020c  mode                           
2000020d  state                          
20000210  __TI_cleanup_ptr               
20000214  __TI_dtors_ptr                 
20000218  __TI_enable_exit_profile_output
2000021c  _lock                          
20000220  _unlock                        
20000224  doublePressFlag                
2000022c  flag                           
20000234  singlePressFlag                
2000023c  main_func_sp                   
20000240  ui32Load                       
20000244  ui32PWMClock                   
20000248  ui32Period                     
ffffffff  __TI_pprof_out_hndl            
ffffffff  __TI_prof_data_size            
ffffffff  __TI_prof_data_start           
ffffffff  __binit__                      
ffffffff  __c_args__                     
ffffffff  binit                          
UNDEFED   SHT$$INIT_ARRAY$$Base          
UNDEFED   SHT$$INIT_ARRAY$$Limit         

[103 symbols]
