******************************************************************************
                  TI ARM Linker Unix v16.9.1                   
******************************************************************************
>> Linked Sat Jun 24 18:03:15 2017

OUTPUT FILE NAME:   <VENDING_MACHINE_FINAL.out>
ENTRY POINT SYMBOL: "_c_int00"  address: 000045ad


MEMORY CONFIGURATION

         name            origin    length      used     unused   attr    fill
----------------------  --------  ---------  --------  --------  ----  --------
  FLASH                 00000000   00040000  00007e49  000381b7  R  X
  SRAM                  20000000   00008000  000023a0  00005c60  RW X


SEGMENT ALLOCATION MAP

run origin  load origin   length   init length attrs members
----------  ----------- ---------- ----------- ----- -------
00000000    00000000    00007e50   00007e50    r-x
  00000000    00000000    0000003c   0000003c    r-- .resetVecs
  00000040    00000040    00005b42   00005b42    r-x .text
  00005b84    00005b84    00001d4b   00001d4b    r-- .const
  000078d0    000078d0    00000580   00000580    r-- .cinit
20000000    20000000    000023a0   00000000    rw-
  20000000    20000000    00000360   00000000    rw- .vecs
  20000360    20000360    00000f30   00000000    rw- .bss
  20001290    20001290    00000e10   00000000    rw- .data
  200020a0    200020a0    00000300   00000000    rw- .stack


SECTION ALLOCATION MAP

 output                                  attributes/
section   page    origin      length       input sections
--------  ----  ----------  ----------   ----------------
.text      0    00000040    00005b42     
                  00000040    00000430     sysbios.aem4f : BIOS.obj (.text:ti_sysbios_family_arm_m3_Hwi_excDumpRegs__I)
                  00000470    0000034c     ti.targets.arm.rtsarm.aem4f : System.oem4f (.text:xdc_runtime_System_doPrint__I)
                  000007bc    00000324     rtsv7M4_T_le_v4SPD16_eabi.lib : trgdrv.obj (.text)
                  00000ae0    000002c8     sysbios.aem4f : BIOS.obj (.text:ti_sysbios_knl_Semaphore_pend__E)
                  00000da8    000002c0     VM_RTOS.obj (.text:DELIVERY_output)
                  00001068    00000258     sysbios.aem4f : BIOS.obj (.text:ti_sysbios_heaps_HeapMem_free__E)
                  000012c0    00000248                   : BIOS.obj (.text:ti_sysbios_heaps_HeapMem_alloc__E)
                  00001508    00000220     console.obj (.text:_init_GPIO)
                  00001728    000001fc     sysbios.aem4f : BIOS.obj (.text:ti_sysbios_family_arm_m3_Hwi_excHandlerMax__I)
                  00001924    0000017c     VM_RTOS.obj (.text:SELECT_display)
                  00001aa0    00000174     sysbios.aem4f : BIOS.obj (.text:ti_sysbios_family_arm_m3_Hwi_excBusFault__I)
                  00001c14    00000004     VM_RTOS_pem4f.oem4f (.text:ti_sysbios_BIOS_RtsGateProxy_enter__E)
                  00001c18    00000164     sysbios.aem4f : BIOS.obj (.text:ti_sysbios_family_arm_m3_Hwi_excUsageFault__I)
                  00001d7c    00000004     VM_RTOS_pem4f.oem4f (.text:ti_sysbios_BIOS_RtsGateProxy_leave__E)
                  00001d80    00000148     sysbios.aem4f : BIOS.obj (.text:ti_sysbios_family_arm_m3_Hwi_excMemFault__I)
                  00001ec8    0000013c                   : BIOS.obj (.text:ti_sysbios_heaps_HeapMem_Instance_init__E)
                  00002004    00000004                   : BIOS.obj (.text:ti_sysbios_family_arm_lm4_Timer_masterEnable__I)
                  00002008    00000134                   : BIOS.obj (.text:ti_sysbios_family_arm_lm4_Timer_start__E)
                  0000213c    00000120     VM_RTOS.obj (.text:COIN_display)
                  0000225c    00000118     ti.targets.arm.rtsarm.aem4f : Error.oem4f (.text:xdc_runtime_Error_policyDefault__E)
                  00002374    00000100     Boot.aem4f : Boot_sysctl.oem4f (.text:ti_catalog_arm_cortexm4_tiva_ce_Boot_sysCtlClockSetI__I)
                  00002474    00000100     ti.targets.arm.rtsarm.aem4f : Core-mem.oem4f (.text:xdc_runtime_Core_createObject__I)
                  00002574    000000f8                                 : Startup.oem4f (.text:xdc_runtime_Startup_startMods__I)
                  0000266c    000000f8     VM_RTOS_pem4f.oem4f (.text:xdc_runtime_System_printfExtend__I)
                  00002764    000000f4     sysbios.aem4f : m3_Hwi_asm.obj (.text:ti_sysbios_family_arm_m3_Hwi_dispatch__I)
                  00002858    000000ec                   : BIOS.obj (.text:ti_sysbios_knl_Semaphore_post__E)
                  00002944    000000e8     glcd.obj (.text:displayText)
                  00002a2c    000000cc     ti.targets.arm.rtsarm.aem4f : Core-smem.oem4f (.text:xdc_runtime_Core_constructObject__I)
                  00002af8    000000bc     sysbios.aem4f : BIOS.obj (.text:ti_sysbios_family_arm_m3_Hwi_excDebugMon__I)
                  00002bb4    00000004     VM_RTOS_pem4f.oem4f (.text:ti_sysbios_family_arm_m3_TaskSupport_Module__startupDone__S)
                  00002bb8    000000bc     sysbios.aem4f : BIOS.obj (.text:ti_sysbios_family_arm_m3_Hwi_excHardFault__I)
                  00002c74    000000b8     console.obj (.text:setup)
                  00002d2c    000000b4     VM_RTOS.obj (.text:detectKeyPress)
                  00002de0    000000b4     sysbios.aem4f : BIOS.obj (.text:ti_sysbios_gates_GateMutex_enter__E)
                  00002e94    00000004     VM_RTOS_pem4f.oem4f (.text:ti_sysbios_heaps_HeapMem_Module_GateProxy_enter__E)
                  00002e98    000000b4     sysbios.aem4f : BIOS.obj (.text:ti_sysbios_knl_Task_checkStacks__E)
                  00002f4c    00000004     VM_RTOS_pem4f.oem4f (.text:ti_sysbios_heaps_HeapMem_Module_GateProxy_leave__E)
                  00002f50    000000ac     sysbios.aem4f : BIOS.obj (.text:ti_sysbios_family_arm_lm4_Timer_enableTiva__I)
                  00002ffc    000000a8     VM_RTOS.obj (.text:COIN_detectInput)
                  000030a4    00000004     VM_RTOS_pem4f.oem4f (.text:ti_sysbios_knl_Clock_TimerProxy_getMaxTicks__E)
                  000030a8    000000a8     sysbios.aem4f : BIOS.obj (.text:ti_sysbios_family_arm_lm4_Timer_enableTimers__I)
                  00003150    000000a8                   : BIOS.obj (.text:ti_sysbios_knl_Task_postInit__I)
                  000031f8    000000a0     auto_init.aem4f : auto_init.oem4f (.text)
                  00003298    000000a0     ti.targets.arm.rtsarm.aem4f : Text.oem4f (.text:xdc_runtime_Text_putMod__E)
                  00003338    0000009c     rtsv7M4_T_le_v4SPD16_eabi.lib : memcpy_t2.obj (.text)
                  000033d4    00000004     VM_RTOS_pem4f.oem4f (.text:ti_sysbios_knl_Queue_destruct)
                  000033d8    0000009c     sysbios.aem4f : BIOS.obj (.text:ti_sysbios_knl_Semaphore_Instance_init__E)
                  00003474    0000009a     ti.targets.arm.rtsarm.aem4f : Text.oem4f (.text:xdc_runtime_Text_putSite__E)
                  0000350e    00000002     rtsv7M4_T_le_v4SPD16_eabi.lib : i_div0.obj (.text)
                  00003510    00000098     glcd.obj (.text:glcd_cmd)
                  000035a8    00000098     glcd.obj (.text:glcd_data)
                  00003640    00000098     Boot.aem4f : Boot.oem4f (.text:ti_catalog_arm_cortexm4_tiva_ce_Boot_sysCtlClockSet__E)
                  000036d8    00000094     sysbios.aem4f : BIOS.obj (.text:ti_sysbios_family_arm_m3_Hwi_initNVIC__E)
                  0000376c    00000090     glcd.obj (.text:glcd_init)
                  000037fc    0000008c     VM_RTOS.obj (.text:SELECT_detectInput)
                  00003888    0000008c     sysbios.aem4f : m3_TaskSupport_asm.obj (.text:ti_sysbios_family_arm_m3_TaskSupport_buildTaskStack)
                  00003914    00000088     VM_RTOS.obj (.text:switchSelect)
                  0000399c    00000084     glcd.obj (.text:display40x32)
                  00003a20    00000084     sysbios.aem4f : BIOS.obj (.text:ti_sysbios_family_arm_m3_Hwi_postInit__I)
                  00003aa4    0000007a     rtsv7M4_T_le_v4SPD16_eabi.lib : memset_t2.obj (.text)
                  00003b1e    00000002     VM_RTOS_pem4f.oem4f (.text:ti_sysbios_BIOS_nullFunc__I)
                  00003b20    00000078     VM_RTOS.obj (.text:updateGLCD)
                  00003b98    00000074     glcd.obj (.text:textToGLCD)
                  00003c0c    00000070     glcd.obj (.text:glcd_write)
                  00003c7c    00000070     VM_RTOS.obj (.text:main)
                  00003cec    00000004     VM_RTOS_pem4f.oem4f (.text:ti_sysbios_knl_Semaphore_destruct)
                  00003cf0    00000070     sysbios.aem4f : BIOS.obj (.text:ti_sysbios_knl_Task_exit__E)
                  00003d60    0000006d     ti.targets.arm.rtsarm.aem4f : System.oem4f (.text:xdc_runtime_System_formatNum__I)
                  00003dcd    00000001     --HOLE-- [fill = 0]
                  00003dce    00000002     VM_RTOS_pem4f.oem4f (.text:xdc_runtime_Startup_reset__I)
                  00003dd0    0000006c     glcd.obj (.text:glcd_setColumn)
                  00003e3c    00000004     ti.targets.arm.rtsarm.aem4f : Error.oem4f (.text:xdc_runtime_Error_getSite__E)
                  00003e40    0000006c     sysbios.aem4f : BIOS.obj (.text:ti_sysbios_knl_Clock_workFunc__E)
                  00003eac    00000004     VM_RTOS_pem4f.oem4f (.text:xdc_runtime_System_Module_GateProxy_enter__E)
                  00003eb0    0000006c     sysbios.aem4f : BIOS.obj (.text:ti_sysbios_knl_Swi_restoreHwi__E)
                  00003f1c    0000006c     ti.targets.arm.rtsarm.aem4f : Error.oem4f (.text:xdc_runtime_Error_print__E)
                  00003f88    0000006c                                 : Memory.oem4f (.text:xdc_runtime_Memory_alloc__E)
                  00003ff4    00000068     rtsv7M4_T_le_v4SPD16_eabi.lib : copy_decompress_lzss.obj (.text:decompress:lzss)
                  0000405c    00000068                                   : trgmsg.obj (.text)
                  000040c4    00000066     ti.targets.arm.rtsarm.aem4f : Core-mem.oem4f (.text:xdc_runtime_Core_deleteObject__I)
                  0000412a    00000006     driverlib.lib : gpio.obj (.text:GPIOPinRead)
                  00004130    00000064     sysbios.aem4f : BIOS.obj (.text:ti_sysbios_family_arm_lm4_Timer_Module_startup__E)
                  00004194    00000004     VM_RTOS_pem4f.oem4f (.text:xdc_runtime_System_Module_GateProxy_leave__E)
                  00004198    00000064     sysbios.aem4f : BIOS.obj (.text:ti_sysbios_family_arm_m3_Hwi_dispatchC__I)
                  000041fc    00000004     ti.targets.arm.rtsarm.aem4f : System.oem4f (.text:xdc_runtime_System_aprintf_va__F)
                  00004200    00000060     sysbios.aem4f : BIOS.obj (.text:ti_sysbios_family_arm_lm4_Timer_isrStub__E)
                  00004260    00000060                   : BIOS.obj (.text:ti_sysbios_knl_Task_schedule__I)
                  000042c0    0000005c     console.obj (.text:_init_Timer)
                  0000431c    00000004     ti.targets.arm.rtsarm.aem4f : System.oem4f (.text:xdc_runtime_System_printf_va__F)
                  00004320    0000005c     sysbios.aem4f : BIOS.obj (.text:ti_sysbios_knl_Swi_run__I)
                  0000437c    00000004     --HOLE-- [fill = 0]
                  00004380    0000005c                   : BIOS.obj (.text:ti_sysbios_knl_Swi_schedule__I)
                  000043dc    00000004     --HOLE-- [fill = 0]
                  000043e0    0000005c                   : BIOS.obj (.text:ti_sysbios_knl_Task_Module_startup__E)
                  0000443c    00000004     --HOLE-- [fill = 0]
                  00004440    0000005c                   : BIOS.obj (.text:ti_sysbios_knl_Task_startCore__E)
                  0000449c    0000005b     ti.targets.arm.rtsarm.aem4f : Text.oem4f (.text:xdc_runtime_Text_putLab__E)
                  000044f7    00000001     --HOLE-- [fill = 0]
                  000044f8    0000005a     glcd.obj (.text:glcd_clearDisplay)
                  00004552    00000002     --HOLE-- [fill = 0]
                  00004554    00000058     VM_RTOS.obj (.text:Timer_ISR)
                  000045ac    00000058     boot.aem4f : boot.oem4f (.text)
                  00004604    00000058     glcd.obj (.text:glcd_setPage)
                  0000465c    00000058     sysbios.aem4f : m3_Hwi_asm_switch.obj (.text:ti_sysbios_family_arm_m3_Hwi_initStacks__E)
                  000046b4    00000054     rtsv7M4_T_le_v4SPD16_eabi.lib : exit.obj (.text)
                  00004708    00000054     ti.targets.arm.rtsarm.aem4f : Assert.oem4f (.text:xdc_runtime_Assert_raise__I)
                  0000475c    00000004     --HOLE-- [fill = 0]
                  00004760    00000050     sysbios.aem4f : BIOS.obj (.text:ti_sysbios_family_arm_m3_Hwi_Module_startup__E)
                  000047b0    00000050     ti.targets.arm.rtsarm.aem4f : Startup.oem4f (.text:xdc_runtime_Startup_exec__E)
                  00004800    00000050                                 : Text.oem4f (.text:xdc_runtime_Text_visitRope2__I)
                  00004850    0000004c     rtsv7M4_T_le_v4SPD16_eabi.lib : cpy_tbl.obj (.text)
                  0000489c    00000004     --HOLE-- [fill = 0]
                  000048a0    0000004c     sysbios.aem4f : BIOS.obj (.text:ti_sysbios_heaps_HeapMem_getStats__E)
                  000048ec    00000004     --HOLE-- [fill = 0]
                  000048f0    0000004c                   : BIOS.obj (.text:ti_sysbios_knl_Swi_runLoop__I)
                  0000493c    00000004     --HOLE-- [fill = 0]
                  00004940    0000004c                   : BIOS.obj (.text:ti_sysbios_knl_Task_allBlockedFunction__I)
                  0000498c    00000004     --HOLE-- [fill = 0]
                  00004990    00000048                   : BIOS.obj (.text:ti_sysbios_family_arm_m3_Hwi_disableInterrupt__E)
                  000049d8    00000048                   : BIOS.obj (.text:ti_sysbios_family_arm_m3_Hwi_enableInterrupt__E)
                  00004a20    00000048                   : BIOS.obj (.text:ti_sysbios_family_arm_m3_Hwi_excReserved__I)
                  00004a68    00000046     ti.targets.arm.rtsarm.aem4f : Core-params.oem4f (.text:xdc_runtime_Core_assignParams__I)
                  00004aae    00000002     --HOLE-- [fill = 0]
                  00004ab0    00000044     sysbios.aem4f : BIOS.obj (.text:ti_sysbios_family_arm_m3_Hwi_getStackInfo__E)
                  00004af4    00000004     --HOLE-- [fill = 0]
                  00004af8    00000044                   : BIOS.obj (.text:ti_sysbios_knl_Swi_post__E)
                  00004b3c    00000044     ti.targets.arm.rtsarm.aem4f : Error.oem4f (.text:xdc_runtime_Error_setX__E)
                  00004b80    00000044                                 : SysMin.oem4f (.text:xdc_runtime_SysMin_flush__E)
                  00004bc4    00000044                                 : Text.oem4f (.text:xdc_runtime_Text_xprintf__I)
                  00004c08    00000040     rtsv7M4_T_le_v4SPD16_eabi.lib : u_divt2.obj (.text)
                  00004c48    00000040     sysbios.aem4f : BIOS.obj (.text:ti_sysbios_family_arm_lm4_Timer_startup__E)
                  00004c88    0000003c     VM_RTOS.obj (.text:readSwitch)
                  00004cc4    00000004     --HOLE-- [fill = 0]
                  00004cc8    0000003c     sysbios.aem4f : BIOS.obj (.text:ti_sysbios_family_arm_m3_Hwi_excSvCall__I)
                  00004d04    00000004     --HOLE-- [fill = 0]
                  00004d08    0000003c                   : BIOS.obj (.text:ti_sysbios_heaps_HeapMem_init__I)
                  00004d44    00000004     --HOLE-- [fill = 0]
                  00004d48    0000003c                   : BIOS.obj (.text:ti_sysbios_knl_Swi_restore__E)
                  00004d84    00000038     console.obj (.text:micros)
                  00004dbc    00000004     --HOLE-- [fill = 0]
                  00004dc0    00000038     sysbios.aem4f : BIOS.obj (.text:ti_sysbios_family_arm_m3_Hwi_excNoIsr__I)
                  00004df8    00000038                   : BIOS.obj (.text:ti_sysbios_knl_Task_processVitalTaskFlag__I)
                  00004e30    00000038     ti.targets.arm.rtsarm.aem4f : SysMin.oem4f (.text:xdc_runtime_SysMin_putch__E)
                  00004e68    00000038                                 : System.oem4f (.text:xdc_runtime_System_atexit__E)
                  00004ea0    00000034     console.obj (.text:_init_Interrupt)
                  00004ed4    00000034     console.obj (.text:millis)
                  00004f08    00000034     sysbios.aem4f : BIOS.obj (.text:ti_sysbios_family_arm_m3_Hwi_excNmi__I)
                  00004f3c    00000004     --HOLE-- [fill = 0]
                  00004f40    00000034                   : BIOS.obj (.text:ti_sysbios_hal_Hwi_checkStack)
                  00004f74    00000034     ti.targets.arm.rtsarm.aem4f : Core-label.oem4f (.text:xdc_runtime_Core_assignLabel__I)
                  00004fa8    00000033                                 : Text.oem4f (.text:xdc_runtime_Text_printVisFxn__I)
                  00004fdb    00000005     --HOLE-- [fill = 0]
                  00004fe0    00000032     sysbios.aem4f : BIOS.obj (.text:ti_sysbios_hal_Hwi_initStack)
                  00005012    00000002     --HOLE-- [fill = 0]
                  00005014    00000030     VM_RTOS_pem4f.oem4f (.text:ti_sysbios_BIOS_atExitFunc__I)
                  00005044    00000004     --HOLE-- [fill = 0]
                  00005048    00000030     sysbios.aem4f : BIOS.obj (.text:ti_sysbios_family_arm_lm4_Timer_stop__E)
                  00005078    00000030                   : BIOS.obj (.text:ti_sysbios_family_arm_m3_TaskSupport_start__E)
                  000050a8    00000030     VM_RTOS_pem4f.oem4f (.text:ti_sysbios_gates_GateHwi_Object__create__S)
                  000050d8    00000030     VM_RTOS_pem4f.oem4f (.text:ti_sysbios_gates_GateMutex_Object__create__S)
                  00005108    00000030     VM_RTOS_pem4f.oem4f (.text:ti_sysbios_heaps_HeapMem_Object__create__S)
                  00005138    00000030     VM_RTOS_pem4f.oem4f (.text:ti_sysbios_knl_Semaphore_construct)
                  00005168    00000030     sysbios.aem4f : BIOS.obj (.text:ti_sysbios_knl_Semaphore_pendTimeout__I)
                  00005198    00000030                   : BIOS.obj (.text:ti_sysbios_knl_Task_unblockI__E)
                  000051c8    00000030     ti.targets.arm.rtsarm.aem4f : SysMin.oem4f (.text:xdc_runtime_SysMin_abort__E)
                  000051f8    00000030                                 : System.oem4f (.text:xdc_runtime_System_processAtExit__E)
                  00005228    0000002c     VM_RTOS_pem4f.oem4f (.text:ti_sysbios_knl_Clock_doTick__I)
                  00005254    0000002c     VM_RTOS_pem4f.oem4f (.text:ti_sysbios_knl_Queue_construct)
                  00005280    0000002c     sysbios.aem4f : BIOS.obj (.text:ti_sysbios_knl_Task_restore__E)
                  000052ac    0000002c     ti.targets.arm.rtsarm.aem4f : Text.oem4f (.text:xdc_runtime_Text_cordText__E)
                  000052d8    0000002a                                 : System.oem4f (.text:xdc_runtime_System_putchar__I)
                  00005302    00000006     Boot.aem4f : Boot_sysctl.oem4f (.text:ti_catalog_arm_cortexm4_tiva_ce_Boot_sysCtlDelayI__I)
                  00005308    00000028     sysbios.aem4f : BIOS.obj (.text:ti_sysbios_knl_Swi_Module_startup__E)
                  00005330    00000026                   : m3_Hwi_asm.obj (.text:ti_sysbios_family_arm_m3_Hwi_pendSV__I)
                  00005356    00000026     ti.targets.arm.rtsarm.aem4f : System.oem4f (.text:xdc_runtime_System_avprintf__E)
                  0000537c    00000024     VM_RTOS_pem4f.oem4f (.text:ti_sysbios_BIOS_errorRaiseHook__I)
                  000053a0    00000024     VM_RTOS_pem4f.oem4f (.text:ti_sysbios_BIOS_registerRTSLock__I)
                  000053c4    00000024     VM_RTOS_pem4f.oem4f (.text:ti_sysbios_BIOS_removeRTSLock__I)
                  000053e8    00000024     VM_RTOS_pem4f.oem4f (.text:ti_sysbios_BIOS_startFunc__I)
                  0000540c    00000024     VM_RTOS_pem4f.oem4f (.text:ti_sysbios_gates_GateMutex_Object__delete__S)
                  00005430    00000024     sysbios.aem4f : BIOS.obj (.text:ti_sysbios_knl_Clock_Module_startup__E)
                  00005454    00000004     --HOLE-- [fill = 0]
                  00005458    00000024                   : BIOS.obj (.text:ti_sysbios_knl_Task_restoreHwi__E)
                  0000547c    00000024     ti.targets.arm.rtsarm.aem4f : System.oem4f (.text:xdc_runtime_System_vprintf__E)
                  000054a0    00000022     sysbios.aem4f : BIOS.obj (.text:ti_sysbios_family_arm_lm4_Timer_write__I)
                  000054c2    00000022     VM_RTOS_pem4f.oem4f (.text:xdc_runtime_SysMin_output__I)
                  000054e4    00000020     VM_RTOS_pem4f.oem4f (.text:ti_sysbios_BIOS_rtsLock__I)
                  00005504    00000020     sysbios.aem4f : m3_Hwi_asm.obj (.text:ti_sysbios_family_arm_m3_Hwi_excHandlerAsm__I)
                  00005524    00000004     --HOLE-- [fill = 0]
                  00005528    00000020                   : BIOS.obj (.text:ti_sysbios_family_arm_m3_Hwi_excHandler__I)
                  00005548    00000020     VM_RTOS_pem4f.oem4f (.text:ti_sysbios_gates_GateHwi_Object__delete__S)
                  00005568    00000020     VM_RTOS_pem4f.oem4f (.text:ti_sysbios_heaps_HeapMem_Object__delete__S)
                  00005588    00000020     sysbios.aem4f : BIOS.obj (.text:ti_sysbios_knl_Idle_run__E)
                  000055a8    00000020     VM_RTOS_pem4f.oem4f (.text:ti_sysbios_knl_Semaphore_Object__destruct__S)
                  000055c8    00000020     ti.targets.arm.rtsarm.aem4f : Registry.oem4f (.text:xdc_runtime_Registry_findById__E)
                  000055e8    00000020                                 : SysMin.oem4f (.text:xdc_runtime_SysMin_Module_startup__E)
                  00005608    0000001e     sysbios.aem4f : m3_Hwi_asm_switch.obj (.text:ti_sysbios_family_xxx_Hwi_switchAndRunFunc)
                  00005626    00000002     --HOLE-- [fill = 0]
                  00005628    0000001c                   : BIOS.obj (.text:ti_sysbios_gates_GateMutex_Instance_init__E)
                  00005644    0000001c     VM_RTOS_pem4f.oem4f (.text:ti_sysbios_knl_Queue_Object__destruct__S)
                  00005660    0000001c     sysbios.aem4f : BIOS.obj (.text:ti_sysbios_knl_Task_enter__I)
                  0000567c    0000001c     ti.targets.arm.rtsarm.aem4f : Error.oem4f (.text:xdc_runtime_Error_raiseX__E)
                  00005698    0000001c                                 : Memory.oem4f (.text:xdc_runtime_Memory_valloc__E)
                  000056b4    0000001c                                 : SysMin.oem4f (.text:xdc_runtime_SysMin_exit__E)
                  000056d0    0000001c                                 : System.oem4f (.text:xdc_runtime_System_abort__E)
                  000056ec    0000001a     VM_RTOS_pem4f.oem4f (.text:ti_sysbios_family_arm_m3_Hwi_Handle__label__S)
                  00005706    0000001a     VM_RTOS_pem4f.oem4f (.text:ti_sysbios_gates_GateHwi_Handle__label__S)
                  00005720    0000001a     VM_RTOS_pem4f.oem4f (.text:ti_sysbios_gates_GateMutex_Handle__label__S)
                  0000573a    0000001a     VM_RTOS_pem4f.oem4f (.text:ti_sysbios_heaps_HeapMem_Handle__label__S)
                  00005754    0000001a     VM_RTOS_pem4f.oem4f (.text:ti_sysbios_knl_Swi_Handle__label__S)
                  0000576e    0000001a     VM_RTOS_pem4f.oem4f (.text:ti_sysbios_knl_Task_Handle__label__S)
                  00005788    0000001a     VM_RTOS_pem4f.oem4f (.text:xdc_runtime_System_aprintf__E)
                  000057a2    0000001a     VM_RTOS_pem4f.oem4f (.text:xdc_runtime_System_printf__E)
                  000057bc    00000018     rtsv7M4_T_le_v4SPD16_eabi.lib : args_main.obj (.text)
                  000057d4    00000018     VM_RTOS_pem4f.oem4f (.text:ti_sysbios_BIOS_rtsUnlock__I)
                  000057ec    00000018     VM_RTOS_pem4f.oem4f (.text:ti_sysbios_family_arm_lm4_Timer_Module__startupDone__F)
                  00005804    00000018     VM_RTOS_pem4f.oem4f (.text:ti_sysbios_family_arm_m3_Hwi_Module__startupDone__F)
                  0000581c    00000018     sysbios.aem4f : m3_TaskSupport_asm.obj (.text:ti_sysbios_family_arm_m3_TaskSupport_swap__E)
                  00005834    00000004     --HOLE-- [fill = 0]
                  00005838    00000018                   : BIOS.obj (.text:ti_sysbios_gates_GateMutex_leave__E)
                  00005850    00000018     ti.targets.arm.rtsarm.aem4f : Error.oem4f (.text:xdc_runtime_Error_check__E)
                  00005868    00000018                                 : System.oem4f (.text:xdc_runtime_System_exit__E)
                  00005880    00000018                                 : Text.oem4f (.text:xdc_runtime_Text_ropeText__E)
                  00005898    00000016     VM_RTOS_pem4f.oem4f (.text:ti_sysbios_BIOS_exitFunc__I)
                  000058ae    00000014     console.obj (.text:_init_)
                  000058c2    00000002     --HOLE-- [fill = 0]
                  000058c4    00000014     rtsv7M4_T_le_v4SPD16_eabi.lib : _lock.obj (.text)
                  000058d8    00000014                                   : strcpy.obj (.text)
                  000058ec    00000014                                   : strlen.obj (.text)
                  00005900    00000014     VM_RTOS_pem4f.oem4f (.text:ti_sysbios_family_arm_m3_Hwi_Object__get__S)
                  00005914    00000004     --HOLE-- [fill = 0]
                  00005918    00000014     sysbios.aem4f : BIOS.obj (.text:ti_sysbios_family_arm_m3_Hwi_switchFromBootStack__E)
                  0000592c    00000014     VM_RTOS_pem4f.oem4f (.text:ti_sysbios_heaps_HeapMem_Object__get__S)
                  00005940    00000014     VM_RTOS_pem4f.oem4f (.text:ti_sysbios_knl_Swi_Object__get__S)
                  00005954    00000004     --HOLE-- [fill = 0]
                  00005958    00000012     sysbios.aem4f : BIOS.obj (.text:ti_sysbios_hal_Hwi_Module_startup__E)
                  0000596a    00000012     VM_RTOS_pem4f.oem4f (.text:xdc_runtime_Startup_exec__I)
                  0000597c    00000004     --HOLE-- [fill = 0]
                  00005980    00000010     sysbios.aem4f : BIOS.obj (.text:ti_sysbios_BIOS_setThreadType__E)
                  00005990    00000010                   : BIOS.obj (.text:ti_sysbios_BIOS_start__E)
                  000059a0    00000010                   : m3_TaskSupport_asm.obj (.text:ti_sysbios_family_arm_m3_TaskSupport_glue)
                  000059b0    00000010                   : BIOS.obj (.text:ti_sysbios_gates_GateMutex_Instance_finalize__E)
                  000059c0    00000010                   : BIOS.obj (.text:ti_sysbios_knl_Semaphore_Instance_finalize__E)
                  000059d0    00000010                   : BIOS.obj (.text:ti_sysbios_knl_Swi_disable__E)
                  000059e0    00000010     VM_RTOS_pem4f.oem4f (.text:ti_sysbios_knl_Task_Object__get__S)
                  000059f0    00000010     sysbios.aem4f : BIOS.obj (.text:ti_sysbios_knl_Task_disable__E)
                  00005a00    00000010     ti.targets.arm.rtsarm.aem4f : Gate.oem4f (.text:xdc_runtime_Gate_leaveSystem__E)
                  00005a10    00000010                                 : Memory.oem4f (.text:xdc_runtime_Memory_free__E)
                  00005a20    00000010                                 : SysMin.oem4f (.text:xdc_runtime_SysMin_ready__E)
                  00005a30    00000010                                 : System.oem4f (.text:xdc_runtime_System_vsnprintf__E)
                  00005a40    00000010     VM_RTOS_pem4f.oem4f (.text:xdc_runtime_Text_visitRope__I)
                  00005a50    0000000e     rtsv7M4_T_le_v4SPD16_eabi.lib : copy_decompress_none.obj (.text:decompress:none)
                  00005a5e    00000002     --HOLE-- [fill = 0]
                  00005a60    0000000e     sysbios.aem4f : BIOS.obj (.text:ti_sysbios_knl_Idle_loop__E)
                  00005a6e    00000002     --HOLE-- [fill = 0]
                  00005a70    0000000e                   : BIOS.obj (.text:ti_sysbios_knl_Queue_empty__E)
                  00005a7e    00000002     --HOLE-- [fill = 0]
                  00005a80    0000000c     VM_RTOS_pem4f.oem4f (.text:.bootCodeSection:ti_catalog_arm_cortexm4_tiva_ce_Boot_init__I)
                  00005a8c    0000000c     rtsv7M4_T_le_v4SPD16_eabi.lib : copy_zero_init.obj (.text:decompress:ZI)
                  00005a98    0000000c     sysbios.aem4f : BIOS.obj (.text:ti_sysbios_family_arm_lm4_Timer_getMaxTicks__E)
                  00005aa4    00000004     --HOLE-- [fill = 0]
                  00005aa8    0000000c                   : BIOS.obj (.text:ti_sysbios_family_arm_m3_TaskSupport_checkStack__E)
                  00005ab4    00000004     --HOLE-- [fill = 0]
                  00005ab8    0000000c                   : BIOS.obj (.text:ti_sysbios_gates_GateHwi_enter__E)
                  00005ac4    0000000c     VM_RTOS_pem4f.oem4f (.text:ti_sysbios_knl_Queue_Object__get__S)
                  00005ad0    0000000c     ti.targets.arm.rtsarm.aem4f : Error.oem4f (.text:xdc_runtime_Error_init__E)
                  00005adc    0000000c                                 : Gate.oem4f (.text:xdc_runtime_Gate_enterSystem__E)
                  00005ae8    0000000c                                 : Memory.oem4f (.text:xdc_runtime_Memory_calloc__E)
                  00005af4    0000000c                                 : Memory.oem4f (.text:xdc_runtime_Memory_getMaxDefaultTypeAlign__E)
                  00005b00    0000000a     VM_RTOS_pem4f.oem4f (.text:xdc_runtime_IHeap_alloc)
                  00005b0a    0000000a     VM_RTOS_pem4f.oem4f (.text:xdc_runtime_IHeap_free)
                  00005b14    00000008     sysbios.aem4f : BIOS.obj (.text:ti_sysbios_family_arm_lm4_Timer_masterDisable__I)
                  00005b1c    00000004     --HOLE-- [fill = 0]
                  00005b20    00000008                   : BIOS.obj (.text:ti_sysbios_family_arm_m3_Hwi_doSwiRestore__I)
                  00005b28    00000008                   : BIOS.obj (.text:ti_sysbios_family_arm_m3_Hwi_startup__E)
                  00005b30    00000006                   : BIOS.obj (.text:ti_sysbios_family_arm_m3_Hwi_doTaskRestore__I)
                  00005b36    00000002     --HOLE-- [fill = 0]
                  00005b38    00000006                   : BIOS.obj (.text:ti_sysbios_gates_GateHwi_leave__E)
                  00005b3e    00000002     --HOLE-- [fill = 0]
                  00005b40    00000006                   : BIOS.obj (.text:ti_sysbios_heaps_HeapMem_isBlocking__E)
                  00005b46    00000002     --HOLE-- [fill = 0]
                  00005b48    00000006                   : BIOS.obj (.text:ti_sysbios_knl_Queue_Instance_init__E)
                  00005b4e    00000002     --HOLE-- [fill = 0]
                  00005b50    00000006                   : BIOS.obj (.text:ti_sysbios_knl_Swi_startup__E)
                  00005b56    00000006     ti.targets.arm.rtsarm.aem4f : System.oem4f (.text:xdc_runtime_System_Module_startup__E)
                  00005b5c    00000004     --HOLE-- [fill = 0]
                  00005b60    00000004     sysbios.aem4f : BIOS.obj (.text:ti_sysbios_gates_GateHwi_query__E)
                  00005b64    00000004     --HOLE-- [fill = 0]
                  00005b68    00000004                   : BIOS.obj (.text:ti_sysbios_gates_GateMutex_query__E)
                  00005b6c    00000004     --HOLE-- [fill = 0]
                  00005b70    00000004                   : BIOS.obj (.text:ti_sysbios_knl_Task_startup__E)
                  00005b74    00000004     --HOLE-- [fill = 0]
                  00005b78    00000002                   : BIOS.obj (.text:ti_sysbios_gates_GateHwi_Instance_init__E)
                  00005b7a    00000006     --HOLE-- [fill = 0]
                  00005b80    00000002                   : BIOS.obj (.text:ti_sysbios_knl_Clock_logTick__E)

.const     0    00005b84    00001d4b     
                  00005b84    0000189e     VM_RTOS_pem4f.oem4f (.const:xdc_runtime_Text_charTab__A)
                  00007422    000000bc     VM_RTOS_pem4f.oem4f (.const:xdc_runtime_Text_nodeTab__A)
                  000074de    00000002     VM_RTOS_pem4f.oem4f (.const:ti_catalog_arm_cortexm4_tiva_ce_Boot_Module__id__C)
                  000074e0    00000048     VM_RTOS_pem4f.oem4f (.const:.string)
                  00007528    00000028     VM_RTOS_pem4f.oem4f (.const:ti_sysbios_heaps_HeapMem_Module__FXNS__C)
                  00007550    00000024     VM_RTOS_pem4f.oem4f (.const:ti_sysbios_gates_GateHwi_Module__FXNS__C)
                  00007574    00000024     VM_RTOS_pem4f.oem4f (.const:ti_sysbios_gates_GateMutex_Module__FXNS__C)
                  00007598    00000024     VM_RTOS_pem4f.oem4f (.const:ti_sysbios_heaps_HeapMem_Object__PARAMS__C)
                  000075bc    00000024     VM_RTOS_pem4f.oem4f (.const:ti_sysbios_knl_Semaphore_Object__PARAMS__C)
                  000075e0    00000020     VM_RTOS_pem4f.oem4f (.const:ti_sysbios_gates_GateHwi_Object__DESC__C)
                  00007600    00000020     VM_RTOS_pem4f.oem4f (.const:ti_sysbios_gates_GateMutex_Object__DESC__C)
                  00007620    00000020     VM_RTOS_pem4f.oem4f (.const:ti_sysbios_heaps_HeapMem_Object__DESC__C)
                  00007640    00000020     VM_RTOS_pem4f.oem4f (.const:ti_sysbios_knl_Queue_Object__DESC__C)
                  00007660    00000020     VM_RTOS_pem4f.oem4f (.const:ti_sysbios_knl_Semaphore_Object__DESC__C)
                  00007680    00000020     VM_RTOS_pem4f.oem4f (.const:xdc_runtime_Startup_sfxnTab__A)
                  000076a0    00000018     VM_RTOS_pem4f.oem4f (.const:ti_sysbios_gates_GateHwi_Object__PARAMS__C)
                  000076b8    00000018     VM_RTOS_pem4f.oem4f (.const:ti_sysbios_gates_GateMutex_Object__PARAMS__C)
                  000076d0    00000018     VM_RTOS_pem4f.oem4f (.const:ti_sysbios_knl_Queue_Object__PARAMS__C)
                  000076e8    00000014     VM_RTOS_pem4f.oem4f (.const)
                  000076fc    00000014     VM_RTOS_pem4f.oem4f (.const:xdc_runtime_Startup_firstFxns__A)
                  00007710    00000010     VM_RTOS_pem4f.oem4f (.const:xdc_runtime_Startup_sfxnRts__A)
                  00007720    00000008     VM_RTOS_pem4f.oem4f (.const:ti_sysbios_family_arm_m3_Hwi_excHookFuncs__A)
                  00007728    00000008     VM_RTOS_pem4f.oem4f (.const:ti_sysbios_knl_Idle_funcList__C)
                  00007730    00000008     VM_RTOS_pem4f.oem4f (.const:xdc_runtime_Startup_firstFxns__C)
                  00007738    00000008     VM_RTOS_pem4f.oem4f (.const:xdc_runtime_Startup_lastFxns__C)
                  00007740    00000004     VM_RTOS_pem4f.oem4f (.const:ti_catalog_arm_cortexm4_tiva_ce_Boot_A_mustUseEnhancedClockMode__C)
                  00007744    00000004     VM_RTOS_pem4f.oem4f (.const:ti_catalog_arm_cortexm4_tiva_ce_Boot_Module__diagsEnabled__C)
                  00007748    00000004     VM_RTOS_pem4f.oem4f (.const:ti_catalog_arm_cortexm4_tiva_ce_Boot_Module__diagsIncluded__C)
                  0000774c    00000004     VM_RTOS_pem4f.oem4f (.const:ti_catalog_arm_cortexm4_tiva_ce_Boot_Module__diagsMask__C)
                  00007750    00000004     VM_RTOS_pem4f.oem4f (.const:ti_sysbios_family_arm_lm4_Timer_enableFunc__C)
                  00007754    00000004     VM_RTOS_pem4f.oem4f (.const:ti_sysbios_family_arm_lm4_Timer_numTimerDevices__C)
                  00007758    00000004     VM_RTOS_pem4f.oem4f (.const:ti_sysbios_family_arm_lm4_Timer_startupNeeded__C)
                  0000775c    00000004     VM_RTOS_pem4f.oem4f (.const:ti_sysbios_family_arm_m3_Hwi_E_NMI__C)
                  00007760    00000004     VM_RTOS_pem4f.oem4f (.const:ti_sysbios_family_arm_m3_Hwi_E_busFault__C)
                  00007764    00000004     VM_RTOS_pem4f.oem4f (.const:ti_sysbios_family_arm_m3_Hwi_E_debugMon__C)
                  00007768    00000004     VM_RTOS_pem4f.oem4f (.const:ti_sysbios_family_arm_m3_Hwi_E_hardFault__C)
                  0000776c    00000004     VM_RTOS_pem4f.oem4f (.const:ti_sysbios_family_arm_m3_Hwi_E_memFault__C)
                  00007770    00000004     VM_RTOS_pem4f.oem4f (.const:ti_sysbios_family_arm_m3_Hwi_E_noIsr__C)
                  00007774    00000004     VM_RTOS_pem4f.oem4f (.const:ti_sysbios_family_arm_m3_Hwi_E_reserved__C)
                  00007778    00000004     VM_RTOS_pem4f.oem4f (.const:ti_sysbios_family_arm_m3_Hwi_E_svCall__C)
                  0000777c    00000004     VM_RTOS_pem4f.oem4f (.const:ti_sysbios_family_arm_m3_Hwi_E_usageFault__C)
                  00007780    00000004     VM_RTOS_pem4f.oem4f (.const:ti_sysbios_family_arm_m3_Hwi_NUM_INTERRUPTS__C)
                  00007784    00000004     VM_RTOS_pem4f.oem4f (.const:ti_sysbios_family_arm_m3_Hwi_Object__count__C)
                  00007788    00000004     VM_RTOS_pem4f.oem4f (.const:ti_sysbios_family_arm_m3_Hwi_ccr__C)
                  0000778c    00000004     VM_RTOS_pem4f.oem4f (.const:ti_sysbios_family_arm_m3_Hwi_excHandlerFunc__C)
                  00007790    00000004     VM_RTOS_pem4f.oem4f (.const:ti_sysbios_family_arm_m3_Hwi_excHookFuncs__C)
                  00007794    00000004     VM_RTOS_pem4f.oem4f (.const:ti_sysbios_family_arm_m3_Hwi_nullIsrFunc__C)
                  00007798    00000004     VM_RTOS_pem4f.oem4f (.const:ti_sysbios_family_arm_m3_Hwi_priGroup__C)
                  0000779c    00000004     VM_RTOS_pem4f.oem4f (.const:ti_sysbios_gates_GateMutex_A_badContext__C)
                  000077a0    00000004     VM_RTOS_pem4f.oem4f (.const:ti_sysbios_gates_GateMutex_Instance_State_sem__O)
                  000077a4    00000004     VM_RTOS_pem4f.oem4f (.const:ti_sysbios_gates_GateMutex_Module__diagsEnabled__C)
                  000077a8    00000004     VM_RTOS_pem4f.oem4f (.const:ti_sysbios_gates_GateMutex_Module__diagsIncluded__C)
                  000077ac    00000004     VM_RTOS_pem4f.oem4f (.const:ti_sysbios_gates_GateMutex_Module__diagsMask__C)
                  000077b0    00000004     VM_RTOS_pem4f.oem4f (.const:ti_sysbios_hal_Hwi_E_stackOverflow__C)
                  000077b4    00000004     VM_RTOS_pem4f.oem4f (.const:ti_sysbios_heaps_HeapMem_A_align__C)
                  000077b8    00000004     VM_RTOS_pem4f.oem4f (.const:ti_sysbios_heaps_HeapMem_A_heapSize__C)
                  000077bc    00000004     VM_RTOS_pem4f.oem4f (.const:ti_sysbios_heaps_HeapMem_A_invalidFree__C)
                  000077c0    00000004     VM_RTOS_pem4f.oem4f (.const:ti_sysbios_heaps_HeapMem_A_zeroBlock__C)
                  000077c4    00000004     VM_RTOS_pem4f.oem4f (.const:ti_sysbios_heaps_HeapMem_E_memory__C)
                  000077c8    00000004     VM_RTOS_pem4f.oem4f (.const:ti_sysbios_heaps_HeapMem_Module__diagsEnabled__C)
                  000077cc    00000004     VM_RTOS_pem4f.oem4f (.const:ti_sysbios_heaps_HeapMem_Module__diagsIncluded__C)
                  000077d0    00000004     VM_RTOS_pem4f.oem4f (.const:ti_sysbios_heaps_HeapMem_Module__diagsMask__C)
                  000077d4    00000004     VM_RTOS_pem4f.oem4f (.const:ti_sysbios_heaps_HeapMem_Module__gateObj__C)
                  000077d8    00000004     VM_RTOS_pem4f.oem4f (.const:ti_sysbios_heaps_HeapMem_Object__count__C)
                  000077dc    00000004     VM_RTOS_pem4f.oem4f (.const:ti_sysbios_heaps_HeapMem_reqAlign__C)
                  000077e0    00000004     VM_RTOS_pem4f.oem4f (.const:ti_sysbios_knl_Clock_Module_State_clockQ__O)
                  000077e4    00000004     VM_RTOS_pem4f.oem4f (.const:ti_sysbios_knl_Idle_funcList__A)
                  000077e8    00000004     VM_RTOS_pem4f.oem4f (.const:ti_sysbios_knl_Semaphore_A_badContext__C)
                  000077ec    00000004     VM_RTOS_pem4f.oem4f (.const:ti_sysbios_knl_Semaphore_A_noEvents__C)
                  000077f0    00000004     VM_RTOS_pem4f.oem4f (.const:ti_sysbios_knl_Semaphore_A_overflow__C)
                  000077f4    00000004     VM_RTOS_pem4f.oem4f (.const:ti_sysbios_knl_Semaphore_A_pendTaskDisabled__C)
                  000077f8    00000004     VM_RTOS_pem4f.oem4f (.const:ti_sysbios_knl_Semaphore_Instance_State_pendQ__O)
                  000077fc    00000004     VM_RTOS_pem4f.oem4f (.const:ti_sysbios_knl_Semaphore_Module__diagsEnabled__C)
                  00007800    00000004     VM_RTOS_pem4f.oem4f (.const:ti_sysbios_knl_Semaphore_Module__diagsIncluded__C)
                  00007804    00000004     VM_RTOS_pem4f.oem4f (.const:ti_sysbios_knl_Semaphore_Module__diagsMask__C)
                  00007808    00000004     VM_RTOS_pem4f.oem4f (.const:ti_sysbios_knl_Swi_Object__count__C)
                  0000780c    00000004     VM_RTOS_pem4f.oem4f (.const:ti_sysbios_knl_Task_E_spOutOfBounds__C)
                  00007810    00000004     VM_RTOS_pem4f.oem4f (.const:ti_sysbios_knl_Task_E_stackOverflow__C)
                  00007814    00000004     VM_RTOS_pem4f.oem4f (.const:ti_sysbios_knl_Task_Module_State_inactiveQ__O)
                  00007818    00000004     VM_RTOS_pem4f.oem4f (.const:ti_sysbios_knl_Task_Object__count__C)
                  0000781c    00000004     VM_RTOS_pem4f.oem4f (.const:ti_sysbios_knl_Task_allBlockedFunc__C)
                  00007820    00000004     VM_RTOS_pem4f.oem4f (.const:ti_sysbios_knl_Task_numConstructedTasks__C)
                  00007824    00000004     VM_RTOS_pem4f.oem4f (.const:xdc_runtime_Assert_E_assertFailed__C)
                  00007828    00000004     VM_RTOS_pem4f.oem4f (.const:xdc_runtime_Core_A_initializedParams__C)
                  0000782c    00000004     VM_RTOS_pem4f.oem4f (.const:xdc_runtime_Core_Module__diagsEnabled__C)
                  00007830    00000004     VM_RTOS_pem4f.oem4f (.const:xdc_runtime_Core_Module__diagsIncluded__C)
                  00007834    00000004     VM_RTOS_pem4f.oem4f (.const:xdc_runtime_Core_Module__diagsMask__C)
                  00007838    00000004     VM_RTOS_pem4f.oem4f (.const:xdc_runtime_Error_E_memory__C)
                  0000783c    00000004     VM_RTOS_pem4f.oem4f (.const:xdc_runtime_Error_Module__diagsEnabled__C)
                  00007840    00000004     VM_RTOS_pem4f.oem4f (.const:xdc_runtime_Error_Module__diagsIncluded__C)
                  00007844    00000004     VM_RTOS_pem4f.oem4f (.const:xdc_runtime_Error_Module__diagsMask__C)
                  00007848    00000004     VM_RTOS_pem4f.oem4f (.const:xdc_runtime_Error_Module__loggerFxn8__C)
                  0000784c    00000004     VM_RTOS_pem4f.oem4f (.const:xdc_runtime_Error_Module__loggerObj__C)
                  00007850    00000004     VM_RTOS_pem4f.oem4f (.const:xdc_runtime_Error_policyFxn__C)
                  00007854    00000004     VM_RTOS_pem4f.oem4f (.const:xdc_runtime_Error_raiseHook__C)
                  00007858    00000004     VM_RTOS_pem4f.oem4f (.const:xdc_runtime_IGateProvider_Interface__BASE__C)
                  0000785c    00000004     VM_RTOS_pem4f.oem4f (.const:xdc_runtime_IHeap_Interface__BASE__C)
                  00007860    00000004     VM_RTOS_pem4f.oem4f (.const:xdc_runtime_IModule_Interface__BASE__C)
                  00007864    00000004     VM_RTOS_pem4f.oem4f (.const:xdc_runtime_Log_L_error__C)
                  00007868    00000004     VM_RTOS_pem4f.oem4f (.const:xdc_runtime_Memory_defaultHeapInstance__C)
                  0000786c    00000004     VM_RTOS_pem4f.oem4f (.const:xdc_runtime_Startup_execImpl__C)
                  00007870    00000004     VM_RTOS_pem4f.oem4f (.const:xdc_runtime_Startup_maxPasses__C)
                  00007874    00000004     VM_RTOS_pem4f.oem4f (.const:xdc_runtime_Startup_sfxnRts__C)
                  00007878    00000004     VM_RTOS_pem4f.oem4f (.const:xdc_runtime_Startup_sfxnTab__C)
                  0000787c    00000004     VM_RTOS_pem4f.oem4f (.const:xdc_runtime_SysMin_bufSize__C)
                  00007880    00000004     VM_RTOS_pem4f.oem4f (.const:xdc_runtime_SysMin_outputFunc__C)
                  00007884    00000004     VM_RTOS_pem4f.oem4f (.const:xdc_runtime_System_Module__gateObj__C)
                  00007888    00000004     VM_RTOS_pem4f.oem4f (.const:xdc_runtime_System_abortFxn__C)
                  0000788c    00000004     VM_RTOS_pem4f.oem4f (.const:xdc_runtime_System_exitFxn__C)
                  00007890    00000004     VM_RTOS_pem4f.oem4f (.const:xdc_runtime_System_extendFxn__C)
                  00007894    00000004     VM_RTOS_pem4f.oem4f (.const:xdc_runtime_System_maxAtexitHandlers__C)
                  00007898    00000004     VM_RTOS_pem4f.oem4f (.const:xdc_runtime_Text_charTab__C)
                  0000789c    00000004     VM_RTOS_pem4f.oem4f (.const:xdc_runtime_Text_nameEmpty__C)
                  000078a0    00000004     VM_RTOS_pem4f.oem4f (.const:xdc_runtime_Text_nameStatic__C)
                  000078a4    00000004     VM_RTOS_pem4f.oem4f (.const:xdc_runtime_Text_nameUnknown__C)
                  000078a8    00000004     VM_RTOS_pem4f.oem4f (.const:xdc_runtime_Text_nodeTab__C)
                  000078ac    00000004     VM_RTOS_pem4f.oem4f (.const:xdc_runtime_Text_visitRopeFxn__C)
                  000078b0    00000002     VM_RTOS_pem4f.oem4f (.const:ti_sysbios_family_arm_m3_Hwi_Module__id__C)
                  000078b2    00000002     VM_RTOS_pem4f.oem4f (.const:ti_sysbios_gates_GateMutex_Module__id__C)
                  000078b4    00000002     VM_RTOS_pem4f.oem4f (.const:ti_sysbios_hal_Hwi_Module__id__C)
                  000078b6    00000002     VM_RTOS_pem4f.oem4f (.const:ti_sysbios_heaps_HeapMem_Module__id__C)
                  000078b8    00000002     VM_RTOS_pem4f.oem4f (.const:ti_sysbios_knl_Semaphore_Module__id__C)
                  000078ba    00000002     VM_RTOS_pem4f.oem4f (.const:ti_sysbios_knl_Task_Module__id__C)
                  000078bc    00000002     VM_RTOS_pem4f.oem4f (.const:xdc_runtime_Core_Module__id__C)
                  000078be    00000002     VM_RTOS_pem4f.oem4f (.const:xdc_runtime_Error_Module__loggerDefined__C)
                  000078c0    00000002     VM_RTOS_pem4f.oem4f (.const:xdc_runtime_Error_maxDepth__C)
                  000078c2    00000002     VM_RTOS_pem4f.oem4f (.const:xdc_runtime_Memory_Module__id__C)
                  000078c4    00000002     VM_RTOS_pem4f.oem4f (.const:xdc_runtime_SysMin_flushAtExit__C)
                  000078c6    00000002     VM_RTOS_pem4f.oem4f (.const:xdc_runtime_Text_charCnt__C)
                  000078c8    00000002     VM_RTOS_pem4f.oem4f (.const:xdc_runtime_Text_isLoaded__C)
                  000078ca    00000002     VM_RTOS_pem4f.oem4f (.const:xdc_runtime_Text_registryModsLastId__C)
                  000078cc    00000002     VM_RTOS_pem4f.oem4f (.const:xdc_runtime_Text_unnamedModsLastId__C)
                  000078ce    00000001     VM_RTOS_pem4f.oem4f (.const:xdc_runtime_Error_policy__C)

.cinit     0    000078d0    00000580     
                  000078d0    0000054a     (.cinit..data.load) [load image, compression = lzss]
                  00007e1a    00000002     --HOLE-- [fill = 0]
                  00007e1c    0000000c     (__TI_handler_table)
                  00007e28    00000008     (.cinit..bss.load) [load image, compression = zero_init]
                  00007e30    00000008     (.cinit..vecs.load) [load image, compression = zero_init]
                  00007e38    00000018     (__TI_cinit_table)

.init_array 
*          0    00000000    00000000     UNINITIALIZED

.resetVecs 
*          0    00000000    0000003c     
                  00000000    0000003c     VM_RTOS_pem4f.oem4f (.resetVecs)

.bss       0    20000360    00000f30     UNINITIALIZED
                  20000360    00000600     VM_RTOS_pem4f.oem4f (.bss:taskStackSection)
                  20000960    00000400     (.common:ti_sysbios_heaps_HeapMem_Instance_State_0_buf__A)
                  20000d60    00000360     (.common:ti_sysbios_family_arm_m3_Hwi_dispatchTable)
                  200010c0    00000120     rtsv7M4_T_le_v4SPD16_eabi.lib : trgmsg.obj (.bss:_CIOBUF_)
                  200011e0    00000080     (.common:xdc_runtime_SysMin_Module_State_0_outbuf__A)
                  20001260    00000008                                   : trgdrv.obj (.bss:parmbuf)
                  20001268    00000008     (.common:temp)
                  20001270    00000004     (.common:baseName)
                  20001274    00000004     (.common:latency)
                  20001278    00000004     (.common:mdelay)
                  2000127c    00000004     (.common:ndelay)
                  20001280    00000004     (.common:pinName)
                  20001284    00000004     (.common:sum)
                  20001288    00000004     (.common:ui32Period)
                  2000128c    00000001     (.common:diet_n)
                  2000128d    00000001     (.common:holder)
                  2000128e    00000001     (.common:p)
                  2000128f    00000001     (.common:reg_n)

.data      0    20001290    00000e10     UNINITIALIZED
                  20001290    00000400     characters.obj (.data:ascii)
                  20001690    00000400     images.obj (.data:coin)
                  20001a90    000000e4     VM_RTOS_pem4f.oem4f (.data:ti_sysbios_knl_Task_Object__table__V)
                  20001b74    000000a0     images.obj (.data:smiley)
                  20001c14    000000a0     images.obj (.data:soda_can)
                  20001cb4    00000080     VM_RTOS_pem4f.oem4f (.data:ti_sysbios_knl_Swi_Module_State_0_readyQ__A)
                  20001d34    00000080     VM_RTOS_pem4f.oem4f (.data:ti_sysbios_knl_Task_Module_State_0_readyQ__A)
                  20001db4    00000044     VM_RTOS_pem4f.oem4f (.data:ti_sysbios_knl_Task_Module__state__V)
                  20001df8    00000040     VM_RTOS_pem4f.oem4f (.data:ti_sysbios_family_arm_lm4_Timer_Object__table__V)
                  20001e38    00000038     VM_RTOS_pem4f.oem4f (.data:ti_sysbios_gates_GateMutex_Object__table__V)
                  20001e70    00000034     VM_RTOS_pem4f.oem4f (.data:ti_sysbios_family_arm_m3_Hwi_Module__state__V)
                  20001ea4    00000030     VM_RTOS_pem4f.oem4f (.data:ti_sysbios_family_arm_lm4_Timer_Module_State_0_device__A)
                  20001ed4    00000030     VM_RTOS_pem4f.oem4f (.data:ti_sysbios_family_arm_m3_Hwi_Object__table__V)
                  20001f04    00000030     VM_RTOS_pem4f.oem4f (.data:ti_sysbios_knl_Swi_Object__table__V)
                  20001f34    0000002c     VM_RTOS_pem4f.oem4f (.data:ti_sysbios_knl_Clock_Module__state__V)
                  20001f60    00000028     VM_RTOS_pem4f.oem4f (.data:ti_sysbios_knl_Semaphore_Object__table__V)
                  20001f88    00000024     VM_RTOS_pem4f.oem4f (.data:ti_sysbios_BIOS_Module__state__V)
                  20001fac    0000001c     VM_RTOS_pem4f.oem4f (.data:ti_sysbios_knl_Swi_Module__state__V)
                  20001fc8    00000018     VM_RTOS_pem4f.oem4f (.data:ti_sysbios_family_arm_lm4_Timer_Module_State_0_handles__A)
                  20001fe0    00000018     VM_RTOS_pem4f.oem4f (.data:ti_sysbios_heaps_HeapMem_Object__table__V)
                  20001ff8    0000000c     rtsv7M4_T_le_v4SPD16_eabi.lib : exit.obj (.data:$O1$$)
                  20002004    0000000c     VM_RTOS_pem4f.oem4f (.data:ti_sysbios_family_arm_lm4_Timer_Module__state__V)
                  20002010    0000000c     VM_RTOS_pem4f.oem4f (.data:xdc_runtime_SysMin_Module__state__V)
                  2000201c    00000008     rtsv7M4_T_le_v4SPD16_eabi.lib : _lock.obj (.data:$O1$$)
                  20002024    00000008     VM_RTOS_pem4f.oem4f (.data:ti_sysbios_gates_GateHwi_Module__root__V)
                  2000202c    00000008     VM_RTOS_pem4f.oem4f (.data:ti_sysbios_gates_GateMutex_Module__root__V)
                  20002034    00000008     VM_RTOS_pem4f.oem4f (.data:ti_sysbios_hal_Hwi_Object__table__V)
                  2000203c    00000008     VM_RTOS_pem4f.oem4f (.data:ti_sysbios_heaps_HeapMem_Module__root__V)
                  20002044    00000008     VM_RTOS_pem4f.oem4f (.data:ti_sysbios_knl_Queue_Module__root__V)
                  2000204c    00000008     VM_RTOS_pem4f.oem4f (.data:ti_sysbios_knl_Semaphore_Module__root__V)
                  20002054    00000008     VM_RTOS_pem4f.oem4f (.data:xdc_runtime_Registry_Module__state__V)
                  2000205c    00000008     VM_RTOS_pem4f.oem4f (.data:xdc_runtime_Startup_Module__state__V)
                  20002064    00000008     VM_RTOS_pem4f.oem4f (.data:xdc_runtime_System_Module_State_0_atexitHandlers__A)
                  2000206c    00000008     VM_RTOS_pem4f.oem4f (.data:xdc_runtime_System_Module__state__V)
                  20002074    00000007     VM_RTOS.obj (.data)
                  2000207b    00000005     VM_RTOS.obj (.data:state)
                  20002080    00000004     VM_RTOS.obj (.data:digits)
                  20002084    00000004     rtsv7M4_T_le_v4SPD16_eabi.lib : stkdepth_vars.obj (.data)
                  20002088    00000004     VM_RTOS_pem4f.oem4f (.data:ti_sysbios_family_arm_m3_Hwi_Module_State_0_excContext__A)
                  2000208c    00000004     VM_RTOS_pem4f.oem4f (.data:ti_sysbios_family_arm_m3_Hwi_Module_State_0_excStack__A)
                  20002090    00000004     VM_RTOS_pem4f.oem4f (.data:ti_sysbios_gates_GateHwi_Object__table__V)
                  20002094    00000004     VM_RTOS_pem4f.oem4f (.data:ti_sysbios_knl_Task_Module_State_0_idleTask__A)
                  20002098    00000004     VM_RTOS_pem4f.oem4f (.data:xdc_runtime_Memory_Module__state__V)
                  2000209c    00000002     VM_RTOS_pem4f.oem4f (.data:ti_sysbios_family_arm_m3_Hwi_Module_State_0_excActive__A)
                  2000209e    00000002     VM_RTOS_pem4f.oem4f (.data:xdc_runtime_Error_Module__state__V)

.stack     0    200020a0    00000300     UNINITIALIZED
                  200020a0    00000300     --HOLE--

.bootVecs 
*          0    00000000    00000008     DSECT
                  00000000    00000008     boot.aem4f : boot.oem4f (.bootVecs)

.vecs      0    20000000    00000360     UNINITIALIZED
                  20000000    00000360     VM_RTOS_pem4f.oem4f (.vecs)

xdc.meta   0    00000000    000000ec     COPY SECTION
                  00000000    000000ec     VM_RTOS_pem4f.oem4f (xdc.meta)

MODULE SUMMARY

       Module                     code    ro data   rw data
       ------                     ----    -------   -------
    ./
       VM_RTOS.obj                2376    0         44     
    +--+--------------------------+-------+---------+---------+
       Total:                     2376    0         44     
                                                           
    ./Console/
       glcd.obj                   1326    0         0      
       console.obj                1000    0         12     
    +--+--------------------------+-------+---------+---------+
       Total:                     2326    0         12     
                                                           
    ./Images/
       images.obj                 0       0         1344   
       characters.obj             0       0         1024   
    +--+--------------------------+-------+---------+---------+
       Total:                     0       0         2368   
                                                           
    /Users/AxRox/TIVA_Workspace/VENDING_MACHINE_FINAL/Debug/configPkg/package/cfg/
       VM_RTOS_pem4f.oem4f        1446    7559      5608   
    +--+--------------------------+-------+---------+---------+
       Total:                     1446    7559      5608   
                                                           
    /Applications/ti/ccsv7/tools/compiler/ti-cgt-arm_16.9.1.LTS/lib/rtsv7M4_T_le_v4SPD16_eabi.lib
       trgdrv.obj                 804     0         8      
       trgmsg.obj                 104     0         288    
       memcpy_t2.obj              156     0         0      
       memset_t2.obj              122     0         0      
       copy_decompress_lzss.obj   104     0         0      
       exit.obj                   84      0         12     
       cpy_tbl.obj                76      0         0      
       u_divt2.obj                64      0         0      
       _lock.obj                  20      0         8      
       args_main.obj              24      0         0      
       strcpy.obj                 20      0         0      
       strlen.obj                 20      0         0      
       copy_decompress_none.obj   14      0         0      
       copy_zero_init.obj         12      0         0      
       stkdepth_vars.obj          0       0         4      
       i_div0.obj                 2       0         0      
    +--+--------------------------+-------+---------+---------+
       Total:                     1626    0         320    
                                                           
    /Users/AxRox/TIVA_Workspace/VENDING_MACHINE_FINAL/src/sysbios/sysbios.aem4f
       BIOS.obj                   10128   0         0      
       m3_Hwi_asm.obj             314     0         0      
       m3_TaskSupport_asm.obj     180     0         0      
       m3_Hwi_asm_switch.obj      118     0         0      
    +--+--------------------------+-------+---------+---------+
       Total:                     10740   0         0      
                                                           
    /Users/AxRox/ti/tirtos_tivac_2_16_00_08/products/TivaWare_C_Series-2.1.1.71b/driverlib/ccs/Debug/driverlib.lib
       gpio.obj                   6       0         0      
    +--+--------------------------+-------+---------+---------+
       Total:                     6       0         0      
                                                           
    /Users/AxRox/ti/tirtos_tivac_2_16_00_08/products/bios_6_45_01_29/packages/ti/catalog/arm/cortexm4/tiva/ce/lib/Boot.aem4f
       Boot_sysctl.oem4f          262     0         0      
       Boot.oem4f                 152     0         0      
    +--+--------------------------+-------+---------+---------+
       Total:                     414     0         0      
                                                           
    /Users/AxRox/ti/tirtos_tivac_2_16_00_08/products/bios_6_45_01_29/packages/ti/targets/arm/rtsarm/lib/auto_init.aem4f
       auto_init.oem4f            160     0         0      
    +--+--------------------------+-------+---------+---------+
       Total:                     160     0         0      
                                                           
    /Users/AxRox/ti/tirtos_tivac_2_16_00_08/products/bios_6_45_01_29/packages/ti/targets/arm/rtsarm/lib/boot.aem4f
       boot.oem4f                 88      0         0      
    +--+--------------------------+-------+---------+---------+
       Total:                     88      0         0      
                                                           
    /Users/AxRox/ti/tirtos_tivac_2_16_00_08/products/bios_6_45_01_29/packages/ti/targets/arm/rtsarm/lib/ti.targets.arm.rtsarm.aem4f
       System.oem4f               1255    0         0      
       Text.oem4f                 672     0         0      
       Error.oem4f                524     0         0      
       Core-mem.oem4f             358     0         0      
       Startup.oem4f              328     0         0      
       SysMin.oem4f               248     0         0      
       Core-smem.oem4f            204     0         0      
       Memory.oem4f               176     0         0      
       Assert.oem4f               84      0         0      
       Core-params.oem4f          70      0         0      
       Core-label.oem4f           52      0         0      
       Registry.oem4f             32      0         0      
       Gate.oem4f                 28      0         0      
    +--+--------------------------+-------+---------+---------+
       Total:                     4031    0         0      
                                                           
       Stack:                     0       0         768    
       Linker Generated:          0       1406      0      
    +--+--------------------------+-------+---------+---------+
       Grand Total:               23213   8965      9120   


LINKER GENERATED COPY TABLES

__TI_cinit_table @ 00007e38 records: 3, size/record: 8, table size: 24
	.data: load addr=000078d0, load size=0000054a bytes, run addr=20001290, run size=00000e10 bytes, compression=lzss
	.bss: load addr=00007e28, load size=00000008 bytes, run addr=20000360, run size=00000f30 bytes, compression=zero_init
	.vecs: load addr=00007e30, load size=00000008 bytes, run addr=20000000, run size=00000360 bytes, compression=zero_init


LINKER GENERATED HANDLER TABLE

__TI_handler_table @ 00007e1c records: 3, size/record: 4, table size: 12
	index: 0, handler: __TI_decompress_lzss
	index: 1, handler: __TI_decompress_none
	index: 2, handler: __TI_zero_init


GLOBAL SYMBOLS: SORTED ALPHABETICALLY BY Name 

address   name                                                              
-------   ----                                                              
000046b5  C$$EXIT                                                           
0000408b  C$$IO$$                                                           
00002ffd  COIN_detectInput                                                  
0000213d  COIN_display                                                      
00000da9  DELIVERY_output                                                   
000076f0  GLCDsem                                                           
0000412b  GPIOPinRead                                                       
00000a97  HOSTclock                                                         
00000a5f  HOSTclose                                                         
00000a21  HOSTgetenv                                                        
000009c5  HOSTlseek                                                         
00000973  HOSTopen                                                          
00000927  HOSTread                                                          
000008c9  HOSTrename                                                        
0000088f  HOSTtime                                                          
00000841  HOSTtime64                                                        
00000809  HOSTunlink                                                        
000007bd  HOSTwrite                                                         
000037fd  SELECT_detectInput                                                
00001925  SELECT_display                                                    
UNDEFED   SHT$$INIT_ARRAY$$Base                                             
UNDEFED   SHT$$INIT_ARRAY$$Limit                                            
000076f4  SWITCHsem                                                         
000076f8  Timer_2A_INT                                                      
00004555  Timer_ISR                                                         
00000000  __ASM__                                                           
200010c0  __CIOBUF_                                                         
0000006a  __ISA__                                                           
0000007d  __PLAT__                                                          
200023a0  __STACK_END                                                       
00000300  __STACK_SIZE                                                      
0000009e  __TARG__                                                          
00007e38  __TI_CINIT_Base                                                   
00007e50  __TI_CINIT_Limit                                                  
00007e1c  __TI_Handler_Table_Base                                           
00007e28  __TI_Handler_Table_Limit                                          
000031f9  __TI_auto_init                                                    
20001ff8  __TI_cleanup_ptr                                                  
00003ff5  __TI_decompress_lzss                                              
00005a51  __TI_decompress_none                                              
20001ffc  __TI_dtors_ptr                                                    
20002000  __TI_enable_exit_profile_output                                   
ffffffff  __TI_pprof_out_hndl                                               
ffffffff  __TI_prof_data_size                                               
ffffffff  __TI_prof_data_start                                              
0000408f  __TI_readmsg                                                      
000078d0  __TI_static_base__                                                
0000405d  __TI_writemsg                                                     
00005a8d  __TI_zero_init                                                    
000000c4  __TRDR__                                                          
0000350f  __aeabi_idiv0                                                     
00003aa5  __aeabi_memclr                                                    
00003aa5  __aeabi_memclr4                                                   
00003aa5  __aeabi_memclr8                                                   
00003339  __aeabi_memcpy                                                    
00003339  __aeabi_memcpy4                                                   
00003339  __aeabi_memcpy8                                                   
00003aa7  __aeabi_memset                                                    
00003aa7  __aeabi_memset4                                                   
00003aa7  __aeabi_memset8                                                   
00004c09  __aeabi_uidiv                                                     
00004c09  __aeabi_uidivmod                                                  
ffffffff  __binit__                                                         
ffffffff  __c_args__                                                        
200020a0  __stack                                                           
000057bd  _args_main                                                        
000045ad  _c_int00                                                          
000058af  _init_                                                            
00001509  _init_GPIO                                                        
00004ea1  _init_Interrupt                                                   
000042c1  _init_Timer                                                       
2000201c  _lock                                                             
000058d3  _nop                                                              
000058cb  _register_lock                                                    
000058c5  _register_unlock                                                  
20002020  _unlock                                                           
000046b9  abort                                                             
20001290  ascii                                                             
20001270  baseName                                                          
ffffffff  binit                                                             
20001690  coin                                                              
00004851  copy_in                                                           
00002d2d  detectKeyPress                                                    
2000128c  diet_n                                                            
20002080  digits                                                            
0000399d  display40x32                                                      
00002945  displayText                                                       
000046c1  exit                                                              
000044f9  glcd_clearDisplay                                                 
00003511  glcd_cmd                                                          
000035a9  glcd_data                                                         
0000376d  glcd_init                                                         
00003dd1  glcd_setColumn                                                    
00004605  glcd_setPage                                                      
00003c0d  glcd_write                                                        
2000128d  holder                                                            
20002079  input                                                             
20001274  latency                                                           
00003c7d  main                                                              
20002084  main_func_sp                                                      
20001278  mdelay                                                            
00003339  memcpy                                                            
00003aad  memset                                                            
00004d85  micros                                                            
00004ed5  millis                                                            
2000127c  ndelay                                                            
000059f1  osi_TaskDisable                                                   
00005991  osi_start                                                         
2000207a  output                                                            
2000128e  p                                                                 
20001280  pinName                                                           
000076ec  readSWITCHtask                                                    
00004c89  readSwitch                                                        
2000128f  reg_n                                                             
00002c75  setup                                                             
20001b74  smiley                                                            
20001c14  soda_can                                                          
2000207b  state                                                             
000058d9  strcpy                                                            
000058ed  strlen                                                            
20001284  sum                                                               
00003915  switchSelect                                                      
20001268  temp                                                              
00003b99  textToGLCD                                                        
00007740  ti_catalog_arm_cortexm4_tiva_ce_Boot_A_mustUseEnhancedClockMode__C
00007744  ti_catalog_arm_cortexm4_tiva_ce_Boot_Module__diagsEnabled__C      
00007748  ti_catalog_arm_cortexm4_tiva_ce_Boot_Module__diagsIncluded__C     
0000774c  ti_catalog_arm_cortexm4_tiva_ce_Boot_Module__diagsMask__C         
000074de  ti_catalog_arm_cortexm4_tiva_ce_Boot_Module__id__C                
00005a81  ti_catalog_arm_cortexm4_tiva_ce_Boot_init__I                      
00002375  ti_catalog_arm_cortexm4_tiva_ce_Boot_sysCtlClockSetI__I           
00003641  ti_catalog_arm_cortexm4_tiva_ce_Boot_sysCtlClockSet__E            
00005303  ti_catalog_arm_cortexm4_tiva_ce_Boot_sysCtlDelayI__I              
20001f88  ti_sysbios_BIOS_Module__state__V                                  
00005721  ti_sysbios_BIOS_RtsGateProxy_Handle__label__S                     
0000540d  ti_sysbios_BIOS_RtsGateProxy_Object__delete__S                    
00001c15  ti_sysbios_BIOS_RtsGateProxy_enter__E                             
00001d7d  ti_sysbios_BIOS_RtsGateProxy_leave__E                             
00005b69  ti_sysbios_BIOS_RtsGateProxy_query__E                             
00005015  ti_sysbios_BIOS_atExitFunc__I                                     
0000537d  ti_sysbios_BIOS_errorRaiseHook__I                                 
00005899  ti_sysbios_BIOS_exitFunc__I                                       
00003b1f  ti_sysbios_BIOS_nullFunc__I                                       
000053a1  ti_sysbios_BIOS_registerRTSLock__I                                
000053c5  ti_sysbios_BIOS_removeRTSLock__I                                  
000054e5  ti_sysbios_BIOS_rtsLock__I                                        
000057d5  ti_sysbios_BIOS_rtsUnlock__I                                      
00005981  ti_sysbios_BIOS_setThreadType__E                                  
000053e9  ti_sysbios_BIOS_startFunc__I                                      
00005991  ti_sysbios_BIOS_start__E                                          
20001ea4  ti_sysbios_family_arm_lm4_Timer_Module_State_0_device__A          
20001fc8  ti_sysbios_family_arm_lm4_Timer_Module_State_0_handles__A         
000057ed  ti_sysbios_family_arm_lm4_Timer_Module__startupDone__F            
000057ed  ti_sysbios_family_arm_lm4_Timer_Module__startupDone__S            
20002004  ti_sysbios_family_arm_lm4_Timer_Module__state__V                  
00004131  ti_sysbios_family_arm_lm4_Timer_Module_startup__E                 
20001df8  ti_sysbios_family_arm_lm4_Timer_Object__table__V                  
00007750  ti_sysbios_family_arm_lm4_Timer_enableFunc__C                     
000030a9  ti_sysbios_family_arm_lm4_Timer_enableTimers__I                   
00002f51  ti_sysbios_family_arm_lm4_Timer_enableTiva__I                     
00005a99  ti_sysbios_family_arm_lm4_Timer_getMaxTicks__E                    
00004201  ti_sysbios_family_arm_lm4_Timer_isrStub__E                        
00005b15  ti_sysbios_family_arm_lm4_Timer_masterDisable__I                  
00002005  ti_sysbios_family_arm_lm4_Timer_masterEnable__I                   
00007754  ti_sysbios_family_arm_lm4_Timer_numTimerDevices__C                
00002009  ti_sysbios_family_arm_lm4_Timer_start__E                          
00007758  ti_sysbios_family_arm_lm4_Timer_startupNeeded__C                  
00004c49  ti_sysbios_family_arm_lm4_Timer_startup__E                        
00005049  ti_sysbios_family_arm_lm4_Timer_stop__E                           
000054a1  ti_sysbios_family_arm_lm4_Timer_write__I                          
0000775c  ti_sysbios_family_arm_m3_Hwi_E_NMI__C                             
00007760  ti_sysbios_family_arm_m3_Hwi_E_busFault__C                        
00007764  ti_sysbios_family_arm_m3_Hwi_E_debugMon__C                        
00007768  ti_sysbios_family_arm_m3_Hwi_E_hardFault__C                       
0000776c  ti_sysbios_family_arm_m3_Hwi_E_memFault__C                        
00007770  ti_sysbios_family_arm_m3_Hwi_E_noIsr__C                           
00007774  ti_sysbios_family_arm_m3_Hwi_E_reserved__C                        
00007778  ti_sysbios_family_arm_m3_Hwi_E_svCall__C                          
0000777c  ti_sysbios_family_arm_m3_Hwi_E_usageFault__C                      
000056ed  ti_sysbios_family_arm_m3_Hwi_Handle__label__S                     
2000209c  ti_sysbios_family_arm_m3_Hwi_Module_State_0_excActive__A          
20002088  ti_sysbios_family_arm_m3_Hwi_Module_State_0_excContext__A         
2000208c  ti_sysbios_family_arm_m3_Hwi_Module_State_0_excStack__A           
000078b0  ti_sysbios_family_arm_m3_Hwi_Module__id__C                        
00005805  ti_sysbios_family_arm_m3_Hwi_Module__startupDone__F               
00005805  ti_sysbios_family_arm_m3_Hwi_Module__startupDone__S               
20001e70  ti_sysbios_family_arm_m3_Hwi_Module__state__V                     
00004761  ti_sysbios_family_arm_m3_Hwi_Module_startup__E                    
00007780  ti_sysbios_family_arm_m3_Hwi_NUM_INTERRUPTS__C                    
00007784  ti_sysbios_family_arm_m3_Hwi_Object__count__C                     
00005901  ti_sysbios_family_arm_m3_Hwi_Object__get__S                       
20001ed4  ti_sysbios_family_arm_m3_Hwi_Object__table__V                     
00007788  ti_sysbios_family_arm_m3_Hwi_ccr__C                               
00004991  ti_sysbios_family_arm_m3_Hwi_disableInterrupt__E                  
00004199  ti_sysbios_family_arm_m3_Hwi_dispatchC__I                         
20000d60  ti_sysbios_family_arm_m3_Hwi_dispatchTable                        
00002765  ti_sysbios_family_arm_m3_Hwi_dispatch__I                          
00005b21  ti_sysbios_family_arm_m3_Hwi_doSwiRestore__I                      
00005b31  ti_sysbios_family_arm_m3_Hwi_doTaskRestore__I                     
000049d9  ti_sysbios_family_arm_m3_Hwi_enableInterrupt__E                   
00001aa1  ti_sysbios_family_arm_m3_Hwi_excBusFault__I                       
00002af9  ti_sysbios_family_arm_m3_Hwi_excDebugMon__I                       
00000041  ti_sysbios_family_arm_m3_Hwi_excDumpRegs__I                       
00005505  ti_sysbios_family_arm_m3_Hwi_excHandlerAsm__I                     
0000778c  ti_sysbios_family_arm_m3_Hwi_excHandlerFunc__C                    
00001729  ti_sysbios_family_arm_m3_Hwi_excHandlerMax__I                     
00005529  ti_sysbios_family_arm_m3_Hwi_excHandler__I                        
00002bb9  ti_sysbios_family_arm_m3_Hwi_excHardFault__I                      
00007720  ti_sysbios_family_arm_m3_Hwi_excHookFuncs__A                      
00007790  ti_sysbios_family_arm_m3_Hwi_excHookFuncs__C                      
00001d81  ti_sysbios_family_arm_m3_Hwi_excMemFault__I                       
00004f09  ti_sysbios_family_arm_m3_Hwi_excNmi__I                            
00004dc1  ti_sysbios_family_arm_m3_Hwi_excNoIsr__I                          
00004a21  ti_sysbios_family_arm_m3_Hwi_excReserved__I                       
00004cc9  ti_sysbios_family_arm_m3_Hwi_excSvCall__I                         
00001c19  ti_sysbios_family_arm_m3_Hwi_excUsageFault__I                     
00004ab1  ti_sysbios_family_arm_m3_Hwi_getStackInfo__E                      
000036d9  ti_sysbios_family_arm_m3_Hwi_initNVIC__E                          
0000465d  ti_sysbios_family_arm_m3_Hwi_initStacks__E                        
00007794  ti_sysbios_family_arm_m3_Hwi_nullIsrFunc__C                       
e000e000  ti_sysbios_family_arm_m3_Hwi_nvic                                 
00005331  ti_sysbios_family_arm_m3_Hwi_pendSV__I                            
00003a21  ti_sysbios_family_arm_m3_Hwi_postInit__I                          
00007798  ti_sysbios_family_arm_m3_Hwi_priGroup__C                          
20000000  ti_sysbios_family_arm_m3_Hwi_ramVectors                           
00000000  ti_sysbios_family_arm_m3_Hwi_resetVectors                         
00005355  ti_sysbios_family_arm_m3_Hwi_return                               
00005b29  ti_sysbios_family_arm_m3_Hwi_startup__E                           
00005919  ti_sysbios_family_arm_m3_Hwi_switchFromBootStack__E               
00002bb5  ti_sysbios_family_arm_m3_TaskSupport_Module__startupDone__S       
00003889  ti_sysbios_family_arm_m3_TaskSupport_buildTaskStack               
00005aa9  ti_sysbios_family_arm_m3_TaskSupport_checkStack__E                
000059a1  ti_sysbios_family_arm_m3_TaskSupport_glue                         
00005079  ti_sysbios_family_arm_m3_TaskSupport_start__E                     
0000581d  ti_sysbios_family_arm_m3_TaskSupport_swap__E                      
00005609  ti_sysbios_family_xxx_Hwi_switchAndRunFunc                        
00005707  ti_sysbios_gates_GateHwi_Handle__label__S                         
00005b79  ti_sysbios_gates_GateHwi_Instance_init__E                         
00007550  ti_sysbios_gates_GateHwi_Module__FXNS__C                          
20002024  ti_sysbios_gates_GateHwi_Module__root__V                          
000075e0  ti_sysbios_gates_GateHwi_Object__DESC__C                          
000076a0  ti_sysbios_gates_GateHwi_Object__PARAMS__C                        
000050a9  ti_sysbios_gates_GateHwi_Object__create__S                        
00005549  ti_sysbios_gates_GateHwi_Object__delete__S                        
[...]
00005a41  xdc_runtime_Text_visitRope__I                                     
00005a51  __TI_decompress_none                                              
00005a61  ti_sysbios_knl_Idle_loop__E                                       
00005a71  ti_sysbios_knl_Queue_empty__E                                     
00005a81  ti_catalog_arm_cortexm4_tiva_ce_Boot_init__I                      
00005a8d  __TI_zero_init                                                    
00005a99  ti_sysbios_family_arm_lm4_Timer_getMaxTicks__E                    
00005aa9  ti_sysbios_family_arm_m3_TaskSupport_checkStack__E                
00005aa9  ti_sysbios_knl_Task_SupportProxy_checkStack__E                    
00005ab9  ti_sysbios_gates_GateHwi_enter__E                                 
00005ac5  ti_sysbios_knl_Queue_Object__get__S                               
00005ad1  xdc_runtime_Error_init__E                                         
00005add  xdc_runtime_Gate_enterSystem__E                                   
00005ae9  xdc_runtime_Memory_calloc__E                                      
00005af5  xdc_runtime_Memory_getMaxDefaultTypeAlign__E                      
00005b01  xdc_runtime_Memory_HeapProxy_alloc__E                             
00005b0b  xdc_runtime_Memory_HeapProxy_free__E                              
00005b15  ti_sysbios_family_arm_lm4_Timer_masterDisable__I                  
00005b21  ti_sysbios_family_arm_m3_Hwi_doSwiRestore__I                      
00005b29  ti_sysbios_family_arm_m3_Hwi_startup__E                           
00005b29  ti_sysbios_hal_Hwi_HwiProxy_startup__E                            
00005b31  ti_sysbios_family_arm_m3_Hwi_doTaskRestore__I                     
00005b39  ti_sysbios_gates_GateHwi_leave__E                                 
00005b41  ti_sysbios_heaps_HeapMem_isBlocking__E                            
00005b49  ti_sysbios_knl_Queue_Instance_init__E                             
00005b51  ti_sysbios_knl_Swi_startup__E                                     
00005b57  xdc_runtime_System_Module_startup__E                              
00005b61  ti_sysbios_gates_GateHwi_query__E                                 
00005b61  xdc_runtime_Main_Module_GateProxy_query__E                        
00005b61  xdc_runtime_System_Module_GateProxy_query__E                      
00005b69  ti_sysbios_BIOS_RtsGateProxy_query__E                             
00005b69  ti_sysbios_gates_GateMutex_query__E                               
00005b69  ti_sysbios_heaps_HeapMem_Module_GateProxy_query__E                
00005b71  ti_sysbios_knl_Task_startup__E                                    
00005b79  ti_sysbios_gates_GateHwi_Instance_init__E                         
00005b81  ti_sysbios_knl_Clock_logTick__E                                   
00005b84  xdc_runtime_Text_charTab__A                                       
00007422  xdc_runtime_Text_nodeTab__A                                       
000074de  ti_catalog_arm_cortexm4_tiva_ce_Boot_Module__id__C                
00007528  ti_sysbios_heaps_HeapMem_Module__FXNS__C                          
00007550  ti_sysbios_gates_GateHwi_Module__FXNS__C                          
00007574  ti_sysbios_gates_GateMutex_Module__FXNS__C                        
00007598  ti_sysbios_heaps_HeapMem_Object__PARAMS__C                        
000075bc  ti_sysbios_knl_Semaphore_Object__PARAMS__C                        
000075e0  ti_sysbios_gates_GateHwi_Object__DESC__C                          
00007600  ti_sysbios_gates_GateMutex_Object__DESC__C                        
00007620  ti_sysbios_heaps_HeapMem_Object__DESC__C                          
00007640  ti_sysbios_knl_Queue_Object__DESC__C                              
00007660  ti_sysbios_knl_Semaphore_Object__DESC__C                          
00007680  xdc_runtime_Startup_sfxnTab__A                                    
000076a0  ti_sysbios_gates_GateHwi_Object__PARAMS__C                        
000076b8  ti_sysbios_gates_GateMutex_Object__PARAMS__C                      
000076d0  ti_sysbios_knl_Queue_Object__PARAMS__C                            
000076e8  updateGLCDtask                                                    
000076ec  readSWITCHtask                                                    
000076f0  GLCDsem                                                           
000076f4  SWITCHsem                                                         
000076f8  Timer_2A_INT                                                      
000076fc  xdc_runtime_Startup_firstFxns__A                                  
00007710  xdc_runtime_Startup_sfxnRts__A                                    
00007720  ti_sysbios_family_arm_m3_Hwi_excHookFuncs__A                      
00007728  ti_sysbios_knl_Idle_funcList__C                                   
00007730  xdc_runtime_Startup_firstFxns__C                                  
00007738  xdc_runtime_Startup_lastFxns__C                                   
00007740  ti_catalog_arm_cortexm4_tiva_ce_Boot_A_mustUseEnhancedClockMode__C
00007744  ti_catalog_arm_cortexm4_tiva_ce_Boot_Module__diagsEnabled__C      
00007748  ti_catalog_arm_cortexm4_tiva_ce_Boot_Module__diagsIncluded__C     
0000774c  ti_catalog_arm_cortexm4_tiva_ce_Boot_Module__diagsMask__C         
00007750  ti_sysbios_family_arm_lm4_Timer_enableFunc__C                     
00007754  ti_sysbios_family_arm_lm4_Timer_numTimerDevices__C                
00007758  ti_sysbios_family_arm_lm4_Timer_startupNeeded__C                  
0000775c  ti_sysbios_family_arm_m3_Hwi_E_NMI__C                             
00007760  ti_sysbios_family_arm_m3_Hwi_E_busFault__C                        
00007764  ti_sysbios_family_arm_m3_Hwi_E_debugMon__C                        
00007768  ti_sysbios_family_arm_m3_Hwi_E_hardFault__C                       
0000776c  ti_sysbios_family_arm_m3_Hwi_E_memFault__C                        
00007770  ti_sysbios_family_arm_m3_Hwi_E_noIsr__C                           
00007774  ti_sysbios_family_arm_m3_Hwi_E_reserved__C                        
00007778  ti_sysbios_family_arm_m3_Hwi_E_svCall__C                          
0000777c  ti_sysbios_family_arm_m3_Hwi_E_usageFault__C                      
00007780  ti_sysbios_family_arm_m3_Hwi_NUM_INTERRUPTS__C                    
00007784  ti_sysbios_family_arm_m3_Hwi_Object__count__C                     
00007788  ti_sysbios_family_arm_m3_Hwi_ccr__C                               
0000778c  ti_sysbios_family_arm_m3_Hwi_excHandlerFunc__C                    
00007790  ti_sysbios_family_arm_m3_Hwi_excHookFuncs__C                      
00007794  ti_sysbios_family_arm_m3_Hwi_nullIsrFunc__C                       
00007798  ti_sysbios_family_arm_m3_Hwi_priGroup__C                          
0000779c  ti_sysbios_gates_GateMutex_A_badContext__C                        
000077a0  ti_sysbios_gates_GateMutex_Instance_State_sem__O                  
000077a4  ti_sysbios_gates_GateMutex_Module__diagsEnabled__C                
000077a8  ti_sysbios_gates_GateMutex_Module__diagsIncluded__C               
000077ac  ti_sysbios_gates_GateMutex_Module__diagsMask__C                   
000077b0  ti_sysbios_hal_Hwi_E_stackOverflow__C                             
000077b4  ti_sysbios_heaps_HeapMem_A_align__C                               
000077b8  ti_sysbios_heaps_HeapMem_A_heapSize__C                            
000077bc  ti_sysbios_heaps_HeapMem_A_invalidFree__C                         
000077c0  ti_sysbios_heaps_HeapMem_A_zeroBlock__C                           
000077c4  ti_sysbios_heaps_HeapMem_E_memory__C                              
000077c8  ti_sysbios_heaps_HeapMem_Module__diagsEnabled__C                  
000077cc  ti_sysbios_heaps_HeapMem_Module__diagsIncluded__C                 
000077d0  ti_sysbios_heaps_HeapMem_Module__diagsMask__C                     
000077d4  ti_sysbios_heaps_HeapMem_Module__gateObj__C                       
000077d8  ti_sysbios_heaps_HeapMem_Object__count__C                         
000077dc  ti_sysbios_heaps_HeapMem_reqAlign__C                              
000077e0  ti_sysbios_knl_Clock_Module_State_clockQ__O                       
000077e4  ti_sysbios_knl_Idle_funcList__A                                   
000077e8  ti_sysbios_knl_Semaphore_A_badContext__C                          
000077ec  ti_sysbios_knl_Semaphore_A_noEvents__C                            
000077f0  ti_sysbios_knl_Semaphore_A_overflow__C                            
000077f4  ti_sysbios_knl_Semaphore_A_pendTaskDisabled__C                    
000077f8  ti_sysbios_knl_Semaphore_Instance_State_pendQ__O                  
000077fc  ti_sysbios_knl_Semaphore_Module__diagsEnabled__C                  
00007800  ti_sysbios_knl_Semaphore_Module__diagsIncluded__C                 
00007804  ti_sysbios_knl_Semaphore_Module__diagsMask__C                     
00007808  ti_sysbios_knl_Swi_Object__count__C                               
0000780c  ti_sysbios_knl_Task_E_spOutOfBounds__C                            
00007810  ti_sysbios_knl_Task_E_stackOverflow__C                            
00007814  ti_sysbios_knl_Task_Module_State_inactiveQ__O                     
00007818  ti_sysbios_knl_Task_Object__count__C                              
0000781c  ti_sysbios_knl_Task_allBlockedFunc__C                             
00007820  ti_sysbios_knl_Task_numConstructedTasks__C                        
00007824  xdc_runtime_Assert_E_assertFailed__C                              
00007828  xdc_runtime_Core_A_initializedParams__C                           
0000782c  xdc_runtime_Core_Module__diagsEnabled__C                          
00007830  xdc_runtime_Core_Module__diagsIncluded__C                         
00007834  xdc_runtime_Core_Module__diagsMask__C                             
00007838  xdc_runtime_Error_E_memory__C                                     
0000783c  xdc_runtime_Error_Module__diagsEnabled__C                         
00007840  xdc_runtime_Error_Module__diagsIncluded__C                        
00007844  xdc_runtime_Error_Module__diagsMask__C                            
00007848  xdc_runtime_Error_Module__loggerFxn8__C                           
0000784c  xdc_runtime_Error_Module__loggerObj__C                            
00007850  xdc_runtime_Error_policyFxn__C                                    
00007854  xdc_runtime_Error_raiseHook__C                                    
00007858  xdc_runtime_IGateProvider_Interface__BASE__C                      
0000785c  xdc_runtime_IHeap_Interface__BASE__C                              
00007860  xdc_runtime_IModule_Interface__BASE__C                            
00007864  xdc_runtime_Log_L_error__C                                        
00007868  xdc_runtime_Memory_defaultHeapInstance__C                         
0000786c  xdc_runtime_Startup_execImpl__C                                   
00007870  xdc_runtime_Startup_maxPasses__C                                  
00007874  xdc_runtime_Startup_sfxnRts__C                                    
00007878  xdc_runtime_Startup_sfxnTab__C                                    
0000787c  xdc_runtime_SysMin_bufSize__C                                     
00007880  xdc_runtime_SysMin_outputFunc__C                                  
00007884  xdc_runtime_System_Module__gateObj__C                             
00007888  xdc_runtime_System_abortFxn__C                                    
0000788c  xdc_runtime_System_exitFxn__C                                     
00007890  xdc_runtime_System_extendFxn__C                                   
00007894  xdc_runtime_System_maxAtexitHandlers__C                           
00007898  xdc_runtime_Text_charTab__C                                       
0000789c  xdc_runtime_Text_nameEmpty__C                                     
000078a0  xdc_runtime_Text_nameStatic__C                                    
000078a4  xdc_runtime_Text_nameUnknown__C                                   
000078a8  xdc_runtime_Text_nodeTab__C                                       
000078ac  xdc_runtime_Text_visitRopeFxn__C                                  
000078b0  ti_sysbios_family_arm_m3_Hwi_Module__id__C                        
000078b2  ti_sysbios_gates_GateMutex_Module__id__C                          
000078b4  ti_sysbios_hal_Hwi_Module__id__C                                  
000078b6  ti_sysbios_heaps_HeapMem_Module__id__C                            
000078b8  ti_sysbios_knl_Semaphore_Module__id__C                            
000078ba  ti_sysbios_knl_Task_Module__id__C                                 
000078bc  xdc_runtime_Core_Module__id__C                                    
000078be  xdc_runtime_Error_Module__loggerDefined__C                        
000078c0  xdc_runtime_Error_maxDepth__C                                     
000078c2  xdc_runtime_Memory_Module__id__C                                  
000078c4  xdc_runtime_SysMin_flushAtExit__C                                 
000078c6  xdc_runtime_Text_charCnt__C                                       
000078c8  xdc_runtime_Text_isLoaded__C                                      
000078ca  xdc_runtime_Text_registryModsLastId__C                            
000078cc  xdc_runtime_Text_unnamedModsLastId__C                             
000078ce  xdc_runtime_Error_policy__C                                       
000078d0  __TI_static_base__                                                
00007e1c  __TI_Handler_Table_Base                                           
00007e28  __TI_Handler_Table_Limit                                          
00007e38  __TI_CINIT_Base                                                   
00007e50  __TI_CINIT_Limit                                                  
20000000  ti_sysbios_family_arm_m3_Hwi_ramVectors                           
20000360  ti_sysbios_knl_Task_Instance_State_0_stack__A                     
20000560  ti_sysbios_knl_Task_Instance_State_1_stack__A                     
20000760  ti_sysbios_knl_Task_Instance_State_2_stack__A                     
20000960  ti_sysbios_heaps_HeapMem_Instance_State_0_buf__A                  
20000d60  ti_sysbios_family_arm_m3_Hwi_dispatchTable                        
200010c0  __CIOBUF_                                                         
200011e0  xdc_runtime_SysMin_Module_State_0_outbuf__A                       
20001268  temp                                                              
20001270  baseName                                                          
20001274  latency                                                           
20001278  mdelay                                                            
2000127c  ndelay                                                            
20001280  pinName                                                           
20001284  sum                                                               
20001288  ui32Period                                                        
2000128c  diet_n                                                            
2000128d  holder                                                            
2000128e  p                                                                 
2000128f  reg_n                                                             
20001290  ascii                                                             
20001690  coin                                                              
20001a90  ti_sysbios_knl_Task_Object__table__V                              
20001b74  smiley                                                            
20001c14  soda_can                                                          
20001cb4  ti_sysbios_knl_Swi_Module_State_0_readyQ__A                       
20001d34  ti_sysbios_knl_Task_Module_State_0_readyQ__A                      
20001db4  ti_sysbios_knl_Task_Module__state__V                              
20001df8  ti_sysbios_family_arm_lm4_Timer_Object__table__V                  
20001e38  ti_sysbios_gates_GateMutex_Object__table__V                       
20001e70  ti_sysbios_family_arm_m3_Hwi_Module__state__V                     
20001ea4  ti_sysbios_family_arm_lm4_Timer_Module_State_0_device__A          
20001ed4  ti_sysbios_family_arm_m3_Hwi_Object__table__V                     
20001f04  ti_sysbios_knl_Swi_Object__table__V                               
20001f34  ti_sysbios_knl_Clock_Module__state__V                             
20001f60  ti_sysbios_knl_Semaphore_Object__table__V                         
20001f88  ti_sysbios_BIOS_Module__state__V                                  
20001fac  ti_sysbios_knl_Swi_Module__state__V                               
20001fc8  ti_sysbios_family_arm_lm4_Timer_Module_State_0_handles__A         
20001fe0  ti_sysbios_heaps_HeapMem_Object__table__V                         
20001ff8  __TI_cleanup_ptr                                                  
20001ffc  __TI_dtors_ptr                                                    
20002000  __TI_enable_exit_profile_output                                   
20002004  ti_sysbios_family_arm_lm4_Timer_Module__state__V                  
20002010  xdc_runtime_SysMin_Module__state__V                               
2000201c  _lock                                                             
20002020  _unlock                                                           
20002024  ti_sysbios_gates_GateHwi_Module__root__V                          
2000202c  ti_sysbios_gates_GateMutex_Module__root__V                        
20002034  ti_sysbios_hal_Hwi_Object__table__V                               
2000203c  ti_sysbios_heaps_HeapMem_Module__root__V                          
20002044  ti_sysbios_knl_Queue_Module__root__V                              
2000204c  ti_sysbios_knl_Semaphore_Module__root__V                          
20002054  xdc_runtime_Registry_Module__state__V                             
2000205c  xdc_runtime_Startup_Module__state__V                              
20002064  xdc_runtime_System_Module_State_0_atexitHandlers__A               
2000206c  xdc_runtime_System_Module__state__V                               
20002074  tickCount                                                         
20002078  vm_mode                                                           
20002079  input                                                             
2000207a  output                                                            
2000207b  state                                                             
20002080  digits                                                            
20002084  main_func_sp                                                      
20002088  ti_sysbios_family_arm_m3_Hwi_Module_State_0_excContext__A         
2000208c  ti_sysbios_family_arm_m3_Hwi_Module_State_0_excStack__A           
20002090  ti_sysbios_gates_GateHwi_Object__table__V                         
20002094  ti_sysbios_knl_Task_Module_State_0_idleTask__A                    
20002098  xdc_runtime_Memory_Module__state__V                               
2000209c  ti_sysbios_family_arm_m3_Hwi_Module_State_0_excActive__A          
2000209e  xdc_runtime_Error_Module__state__V                                
200020a0  __stack                                                           
200023a0  __STACK_END                                                       
e000e000  ti_sysbios_family_arm_m3_Hwi_nvic                                 
ffffffff  __TI_pprof_out_hndl                                               
ffffffff  __TI_prof_data_size                                               
ffffffff  __TI_prof_data_start                                              
ffffffff  __binit__                                                         
ffffffff  __c_args__                                                        
ffffffff  binit                                                             
UNDEFED   SHT$$INIT_ARRAY$$Base                                             
UNDEFED   SHT$$INIT_ARRAY$$Limit                                            

[549 symbols]
