******************************************************************************
                  TI ARM Linker Unix v16.9.1                   
******************************************************************************
>> Linked Thu May 25 19:19:46 2017

OUTPUT FILE NAME:   <switch_led.out>
ENTRY POINT SYMBOL: "_c_int00"  address: 00000709


MEMORY CONFIGURATION

         name            origin    length      used     unused   attr    fill
----------------------  --------  ---------  --------  --------  ----  --------
  FLASH                 00000000   00040000  00000906  0003f6fa  R  X
  SRAM                  20000000   00008000  00000080  00007f80  RW X


SEGMENT ALLOCATION MAP

run origin  load origin   length   init length attrs members
----------  ----------- ---------- ----------- ----- -------
00000000    00000000    0000090c   0000090c    r-x
  00000000    00000000    0000026c   0000026c    r-- .intvecs
  0000026c    0000026c    00000676   00000676    r-x .text
  000008e8    000008e8    00000024   00000024    r-- .cinit
20000000    20000000    00000080   00000000    rw-
  20000000    20000000    00000064   00000000    rw- .stack
  20000064    20000064    0000001c   00000000    rw- .data


SECTION ALLOCATION MAP

 output                                  attributes/
section   page    origin      length       input sections
--------  ----  ----------  ----------   ----------------
.intvecs   0    00000000    0000026c     
                  00000000    0000026c     tm4c123gh6pm_startup_ccs.obj (.intvecs)

.text      0    0000026c    00000676     
                  0000026c    00000132     driverlib.lib : gpio.obj (.text:GPIOPadConfigSet)
                  0000039e    00000002     rtsv7M4_T_le_v4SPD16_eabi.lib : mpu_init.obj (.text)
                  000003a0    00000100     main.obj (.text)
                  000004a0    000000f4     driverlib.lib : sysctl.obj (.text:SysCtlClockSet)
                  00000594    0000009c     rtsv7M4_T_le_v4SPD16_eabi.lib : memcpy_t2.obj (.text)
                  00000630    00000070                                   : autoinit.obj (.text)
                  000006a0    00000068                                   : copy_decompress_lzss.obj (.text:decompress:lzss)
                  00000708    00000054                                   : boot.obj (.text)
                  0000075c    00000054                                   : exit.obj (.text)
                  000007b0    0000004c                                   : cpy_tbl.obj (.text)
                  000007fc    00000034     driverlib.lib : sysctl.obj (.text:SysCtlPeripheralEnable)
                  00000830    0000002a                   : gpio.obj (.text:GPIODirModeSet)
                  0000085a    00000018                   : gpio.obj (.text:GPIOPinTypeGPIOOutput)
                  00000872    00000002     rtsv7M4_T_le_v4SPD16_eabi.lib : startup.obj (.text)
                  00000874    00000018                                   : args_main.obj (.text)
                  0000088c    00000014                                   : _lock.obj (.text)
                  000008a0    00000012     driverlib.lib : gpio.obj (.text:GPIOPinTypeGPIOInput)
                  000008b2    0000000e     rtsv7M4_T_le_v4SPD16_eabi.lib : copy_decompress_none.obj (.text:decompress:none)
                  000008c0    0000000c     tm4c123gh6pm_startup_ccs.obj (.text)
                  000008cc    00000006     driverlib.lib : gpio.obj (.text:GPIOPinRead)
                  000008d2    00000006                   : gpio.obj (.text:GPIOPinWrite)
                  000008d8    00000006                   : sysctl.obj (.text:SysCtlDelay)
                  000008de    00000004     rtsv7M4_T_le_v4SPD16_eabi.lib : pre_init.obj (.text)

.cinit     0    000008e8    00000024     
                  000008e8    00000011     (.cinit..data.load) [load image, compression = lzss]
                  000008f9    00000003     --HOLE-- [fill = 0]
                  000008fc    00000008     (__TI_handler_table)
                  00000904    00000008     (__TI_cinit_table)

.init_array 
*          0    00000000    00000000     UNINITIALIZED

.data      0    20000064    0000001c     UNINITIALIZED
                  20000064    0000000c     rtsv7M4_T_le_v4SPD16_eabi.lib : exit.obj (.data:$O1$$)
                  20000070    00000008                                   : _lock.obj (.data:$O1$$)
                  20000078    00000004     main.obj (.data)
                  2000007c    00000004     rtsv7M4_T_le_v4SPD16_eabi.lib : stkdepth_vars.obj (.data)

.stack     0    20000000    00000064     UNINITIALIZED
                  20000000    00000064     --HOLE--

MODULE SUMMARY

       Module                         code   ro data   rw data
       ------                         ----   -------   -------
    ./
       tm4c123gh6pm_startup_ccs.obj   12     620       0      
       main.obj                       256    0         4      
    +--+------------------------------+------+---------+---------+
       Total:                         268    620       4      
                                                              
    /Applications/ti/SW-TM4C-2.1.2.111/driverlib/ccs/Debug/driverlib.lib
       gpio.obj                       402    0         0      
       sysctl.obj                     302    0         0      
    +--+------------------------------+------+---------+---------+
       Total:                         704    0         0      
                                                              
    /Applications/ti/ccsv7/tools/compiler/ti-cgt-arm_16.9.1.LTS/lib/rtsv7M4_T_le_v4SPD16_eabi.lib
       memcpy_t2.obj                  156    0         0      
       autoinit.obj                   112    0         0      
       copy_decompress_lzss.obj       104    0         0      
       exit.obj                       84     0         12     
       boot.obj                       84     0         0      
       cpy_tbl.obj                    76     0         0      
       _lock.obj                      20     0         8      
       args_main.obj                  24     0         0      
       copy_decompress_none.obj       14     0         0      
       pre_init.obj                   4      0         0      
       stkdepth_vars.obj              0      0         4      
       mpu_init.obj                   2      0         0      
       startup.obj                    2      0         0      
    +--+------------------------------+------+---------+---------+
       Total:                         682    0         24     
                                                              
       Stack:                         0      0         100    
       Linker Generated:              0      33        0      
    +--+------------------------------+------+---------+---------+
       Grand Total:                   1654   653       128    


LINKER GENERATED COPY TABLES

__TI_cinit_table @ 00000904 records: 1, size/record: 8, table size: 8
	.data: load addr=000008e8, load size=00000011 bytes, run addr=20000064, run size=0000001c bytes, compression=lzss


LINKER GENERATED HANDLER TABLE

__TI_handler_table @ 000008fc records: 2, size/record: 4, table size: 8
	index: 0, handler: __TI_decompress_lzss
	index: 1, handler: __TI_decompress_none


GLOBAL SYMBOLS: SORTED ALPHABETICALLY BY Name 

address   name                           
-------   ----                           
0000075d  C$$EXIT                        
00000831  GPIODirModeSet                 
0000026d  GPIOPadConfigSet               
000008cd  GPIOPinRead                    
000008a1  GPIOPinTypeGPIOInput           
0000085b  GPIOPinTypeGPIOOutput          
000008d3  GPIOPinWrite                   
000008c1  ResetISR                       
UNDEFED   SHT$$INIT_ARRAY$$Base          
UNDEFED   SHT$$INIT_ARRAY$$Limit         
000004a1  SysCtlClockSet                 
000008d9  SysCtlDelay                    
000007fd  SysCtlPeripheralEnable         
20000064  __STACK_END                    
00000064  __STACK_SIZE                   
20000200  __STACK_TOP                    
00000904  __TI_CINIT_Base                
0000090c  __TI_CINIT_Limit               
000008fc  __TI_Handler_Table_Base        
00000904  __TI_Handler_Table_Limit       
00000631  __TI_auto_init                 
20000064  __TI_cleanup_ptr               
000006a1  __TI_decompress_lzss           
000008b3  __TI_decompress_none           
20000068  __TI_dtors_ptr                 
2000006c  __TI_enable_exit_profile_output
ffffffff  __TI_pprof_out_hndl            
ffffffff  __TI_prof_data_size            
ffffffff  __TI_prof_data_start           
00000000  __TI_static_base__             
00000595  __aeabi_memcpy                 
00000595  __aeabi_memcpy4                
00000595  __aeabi_memcpy8                
ffffffff  __binit__                      
ffffffff  __c_args__                     
0000039f  __mpu_init                     
20000000  __stack                        
00000875  _args_main                     
00000709  _c_int00                       
20000070  _lock                          
0000089b  _nop                           
00000893  _register_lock                 
0000088d  _register_unlock               
00000873  _system_post_cinit             
000008df  _system_pre_init               
20000074  _unlock                        
00000761  abort                          
ffffffff  binit                          
000007b1  copy_in                        
00000769  exit                           
00000000  g_pfnVectors                   
000003b1  ledPinConfig                   
000003eb  main                           
2000007c  main_func_sp                   
00000595  memcpy                         
000003a1  setup                          
20000078  sw2Status                      
000003bd  switchPinConfig                


GLOBAL SYMBOLS: SORTED BY Symbol Address 

address   name                           
-------   ----                           
00000000  __TI_static_base__             
00000000  g_pfnVectors                   
00000064  __STACK_SIZE                   
0000026d  GPIOPadConfigSet               
0000039f  __mpu_init                     
000003a1  setup                          
000003b1  ledPinConfig                   
000003bd  switchPinConfig                
000003eb  main                           
000004a1  SysCtlClockSet                 
00000595  __aeabi_memcpy                 
00000595  __aeabi_memcpy4                
00000595  __aeabi_memcpy8                
00000595  memcpy                         
00000631  __TI_auto_init                 
000006a1  __TI_decompress_lzss           
00000709  _c_int00                       
0000075d  C$$EXIT                        
00000761  abort                          
00000769  exit                           
000007b1  copy_in                        
000007fd  SysCtlPeripheralEnable         
00000831  GPIODirModeSet                 
0000085b  GPIOPinTypeGPIOOutput          
00000873  _system_post_cinit             
00000875  _args_main                     
0000088d  _register_unlock               
00000893  _register_lock                 
0000089b  _nop                           
000008a1  GPIOPinTypeGPIOInput           
000008b3  __TI_decompress_none           
000008c1  ResetISR                       
000008cd  GPIOPinRead                    
000008d3  GPIOPinWrite                   
000008d9  SysCtlDelay                    
000008df  _system_pre_init               
000008fc  __TI_Handler_Table_Base        
00000904  __TI_CINIT_Base                
00000904  __TI_Handler_Table_Limit       
0000090c  __TI_CINIT_Limit               
20000000  __stack                        
20000064  __STACK_END                    
20000064  __TI_cleanup_ptr               
20000068  __TI_dtors_ptr                 
2000006c  __TI_enable_exit_profile_output
20000070  _lock                          
20000074  _unlock                        
20000078  sw2Status                      
2000007c  main_func_sp                   
20000200  __STACK_TOP                    
ffffffff  __TI_pprof_out_hndl            
ffffffff  __TI_prof_data_size            
ffffffff  __TI_prof_data_start           
ffffffff  __binit__                      
ffffffff  __c_args__                     
ffffffff  binit                          
UNDEFED   SHT$$INIT_ARRAY$$Base          
UNDEFED   SHT$$INIT_ARRAY$$Limit         

[58 symbols]
